<html>
<body>
<pre>
<h1>µVision Build Log</h1>
<h2>Tool Versions:</h2>
IDE-Version: ¦ÌVision V5.41.0.0
Copyright (C) 2024 ARM Ltd and ARM Germany GmbH. All rights reserved.
License Information: 1 1, 1, LIC=PE7DL-0222Z-Z93G9-466BN-G69JS-2VQYJ
 
Tool Versions:
Toolchain:       MDK-ARM Plus  Version: 5.41.0.0
Toolchain Path:  D:\Keil_v5\ARM\ARM_Compiler_5.06u7\Bin
C Compiler:      Armcc.exe V5.06 update 7 (build 960)
Assembler:       Armasm.exe V5.06 update 7 (build 960)
Linker/Locator:  ArmLink.exe V5.06 update 7 (build 960)
Library Manager: ArmAr.exe V5.06 update 7 (build 960)
Hex Converter:   FromElf.exe V5.06 update 7 (build 960)
CPU DLL:         SARMCM3.DLL V5.41.0.0
Dialog DLL:      DCM.DLL V1.17.5.0
Target DLL:      STLink\ST-LINKIII-KEIL_SWO.dll V3.3.0.0
Dialog DLL:      TCM.DLL V1.56.4.0
 
<h2>Project:</h2>
c:\Users\zxzn_\Desktop\Color-ball-machine\STM32F743ucosiii_lg\Project\RVMDK£¨uv5£©\Fire_uCOS.uvprojx
Project File Date:  06/13/2025

<h2>Output:</h2>
*** Using Compiler 'V5.06 update 7 (build 960)', folder: 'D:\Keil_v5\ARM\ARM_Compiler_5.06u7\Bin'
Build target 'Fire_uCOS'
compiling GameSet.c...
..\..\User\APP\GameSet.c(418): warning:  #223-D: function "GetLuckTimes" declared implicitly
                          sprintf(buf, "t15.txt=\"%ld\"\xff\xff\xff", GetLuckTimes(&SetDipSw));
..\..\User\APP\GameSet.c(531): warning:  #223-D: function "GetTouCaiRate" declared implicitly
                          sprintf(buf, "t4.txt=\"%ld\"\xff\xff\xff", GetTouCaiRate(&SetDipSw)); // t4: Í·²Ê±ÈÀý
..\..\User\APP\GameSet.c(834): warning:  #223-D: function "GetLuckTimes" declared implicitly
                      sprintf(buf, "t15.txt=\"%ld\"\xff\xff\xff", GetLuckTimes(&SetDipSw));
..\..\User\APP\GameSet.c(840): warning:  #223-D: function "GetLuckTimes" declared implicitly
                      sprintf(buf, "t15.txt=\"%ld\"\xff\xff\xff", GetLuckTimes(&SetDipSw));
..\..\User\APP\GameSet.c(1152): warning:  #186-D: pointless comparison of unsigned integer with zero
                  else if (handpoint->password < 0)
..\..\User\APP\GameSet.c(1306): warning:  #186-D: pointless comparison of unsigned integer with zero
                  if (handpoint->password < 0){
..\..\User\APP\GameSet.c: 6 warnings, 0 errors
linking...
Program Size: Code=53740 RO-data=1220 RW-data=1876 ZI-data=40300  
After Build - User command #1: fromelf.exe --bin -o ..\..\Output\Master_prg.bin ..\..\Output\Master_prg.axf
"..\..\Output\Master_prg.axf" - 0 Error(s), 6 Warning(s).

<h2>Software Packages used:</h2>

Package Vendor: Keil
                https://www.keil.com/pack/Keil.STM32H7xx_DFP.4.0.0.pack
                Keil::STM32H7xx_DFP@4.0.0
                STMicroelectronics STM32H7 Series Device Support

<h2>Collection of Component include folders:</h2>

<h2>Collection of Component Files used:</h2>
Build Time Elapsed:  00:00:08
</pre>
</body>
</html>
