Component: ARM Compiler 5.06 update 7 (build 960) Tool: armlink [4d3601]

==============================================================================

Section Cross References

    startup_stm32h743xx.o(RESET) refers to startup_stm32h743xx.o(STACK) for __initial_sp
    startup_stm32h743xx.o(RESET) refers to startup_stm32h743xx.o(.text) for Reset_Handler
    startup_stm32h743xx.o(RESET) refers to stm32h7xx_it.o(i.NMI_Handler) for NMI_Handler
    startup_stm32h743xx.o(RESET) refers to stm32h7xx_it.o(i.HardFault_Handler) for HardFault_Handler
    startup_stm32h743xx.o(RESET) refers to stm32h7xx_it.o(i.MemManage_Handler) for MemManage_Handler
    startup_stm32h743xx.o(RESET) refers to stm32h7xx_it.o(i.BusFault_Handler) for BusFault_Handler
    startup_stm32h743xx.o(RESET) refers to stm32h7xx_it.o(i.UsageFault_Handler) for UsageFault_Handler
    startup_stm32h743xx.o(RESET) refers to stm32h7xx_it.o(i.SVC_Handler) for SVC_Handler
    startup_stm32h743xx.o(RESET) refers to stm32h7xx_it.o(i.DebugMon_Handler) for DebugMon_Handler
    startup_stm32h743xx.o(RESET) refers to os_cpu_a.o(CODE) for OS_CPU_PendSVHandler
    startup_stm32h743xx.o(RESET) refers to os_cpu_c.o(i.OS_CPU_SysTickHandler) for OS_CPU_SysTickHandler
    startup_stm32h743xx.o(RESET) refers to tim.o(i.TIM2_IRQHandler) for TIM2_IRQHandler
    startup_stm32h743xx.o(RESET) refers to stm32h7xx_it.o(i.USART1_IRQHandler) for USART1_IRQHandler
    startup_stm32h743xx.o(RESET) refers to stm32h7xx_it.o(i.USART2_IRQHandler) for USART2_IRQHandler
    startup_stm32h743xx.o(RESET) refers to stm32h7xx_it.o(i.USART3_IRQHandler) for USART3_IRQHandler
    startup_stm32h743xx.o(RESET) refers to stm32h7xx_it.o(i.UART4_IRQHandler) for UART4_IRQHandler
    startup_stm32h743xx.o(RESET) refers to stm32h7xx_it.o(i.UART5_IRQHandler) for UART5_IRQHandler
    startup_stm32h743xx.o(RESET) refers to stm32h7xx_it.o(i.USART6_IRQHandler) for USART6_IRQHandler
    startup_stm32h743xx.o(.text) refers to system_stm32h7xx.o(i.SystemInit) for SystemInit
    startup_stm32h743xx.o(.text) refers to entry.o(.ARM.Collect$$$$00000000) for __main
    system_stm32h7xx.o(i.SystemCoreClockUpdate) refers to system_stm32h7xx.o(.data) for .data
    system_stm32h7xx.o(i.SystemCoreClockUpdate) refers to system_stm32h7xx.o(.constdata) for .constdata
    stm32h7xx_hal.o(i.HAL_DeInit) refers to stm32h7xx_hal.o(i.HAL_MspDeInit) for HAL_MspDeInit
    stm32h7xx_hal.o(i.HAL_Delay) refers to bsp.o(i.HAL_GetTick) for HAL_GetTick
    stm32h7xx_hal.o(i.HAL_Delay) refers to stm32h7xx_hal.o(.data) for .data
    stm32h7xx_hal.o(i.HAL_GetTick) refers to stm32h7xx_hal.o(.data) for .data
    stm32h7xx_hal.o(i.HAL_GetTickFreq) refers to stm32h7xx_hal.o(.data) for .data
    stm32h7xx_hal.o(i.HAL_GetTickPrio) refers to stm32h7xx_hal.o(.data) for .data
    stm32h7xx_hal.o(i.HAL_IncTick) refers to stm32h7xx_hal.o(.data) for .data
    stm32h7xx_hal.o(i.HAL_Init) refers to stm32h7xx_hal_cortex.o(i.HAL_NVIC_SetPriorityGrouping) for HAL_NVIC_SetPriorityGrouping
    stm32h7xx_hal.o(i.HAL_Init) refers to stm32h7xx_hal_rcc.o(i.HAL_RCC_GetSysClockFreq) for HAL_RCC_GetSysClockFreq
    stm32h7xx_hal.o(i.HAL_Init) refers to bsp.o(i.HAL_InitTick) for HAL_InitTick
    stm32h7xx_hal.o(i.HAL_Init) refers to stm32h7xx_hal.o(i.HAL_MspInit) for HAL_MspInit
    stm32h7xx_hal.o(i.HAL_Init) refers to system_stm32h7xx.o(.constdata) for D1CorePrescTable
    stm32h7xx_hal.o(i.HAL_Init) refers to system_stm32h7xx.o(.data) for SystemD2Clock
    stm32h7xx_hal.o(i.HAL_Init) refers to system_stm32h7xx.o(.data) for SystemCoreClock
    stm32h7xx_hal.o(i.HAL_InitTick) refers to stm32h7xx_hal_cortex.o(i.HAL_SYSTICK_Config) for HAL_SYSTICK_Config
    stm32h7xx_hal.o(i.HAL_InitTick) refers to stm32h7xx_hal_cortex.o(i.HAL_NVIC_SetPriority) for HAL_NVIC_SetPriority
    stm32h7xx_hal.o(i.HAL_InitTick) refers to stm32h7xx_hal.o(.data) for .data
    stm32h7xx_hal.o(i.HAL_InitTick) refers to system_stm32h7xx.o(.data) for SystemCoreClock
    stm32h7xx_hal.o(i.HAL_SYSCFG_EnableVREFBUF) refers to bsp.o(i.HAL_GetTick) for HAL_GetTick
    stm32h7xx_hal.o(i.HAL_SetTickFreq) refers to bsp.o(i.HAL_InitTick) for HAL_InitTick
    stm32h7xx_hal.o(i.HAL_SetTickFreq) refers to stm32h7xx_hal.o(.data) for .data
    stm32h7xx_hal_cortex.o(i.HAL_NVIC_SetPriority) refers to stm32h7xx_hal_cortex.o(i.__NVIC_SetPriority) for __NVIC_SetPriority
    stm32h7xx_hal_cortex.o(i.HAL_SYSTICK_Config) refers to stm32h7xx_hal_cortex.o(i.__NVIC_SetPriority) for __NVIC_SetPriority
    stm32h7xx_hal_cortex.o(i.HAL_SYSTICK_IRQHandler) refers to stm32h7xx_hal_cortex.o(i.HAL_SYSTICK_Callback) for HAL_SYSTICK_Callback
    stm32h7xx_hal_dma.o(i.DMA_CalcBaseAndBitshift) refers to stm32h7xx_hal_dma.o(.constdata) for .constdata
    stm32h7xx_hal_dma.o(i.HAL_DMA_Abort) refers to bsp.o(i.HAL_GetTick) for HAL_GetTick
    stm32h7xx_hal_dma.o(i.HAL_DMA_DeInit) refers to stm32h7xx_hal_dma.o(i.DMA_CalcBaseAndBitshift) for DMA_CalcBaseAndBitshift
[...]
    MasterRunsult                            0x08008c99   Thumb Code   238  mastercmd.o(i.MasterRunsult)
    MasterUart_pro                           0x08008dc1   Thumb Code    72  masterdriver.o(i.MasterUart_pro)
    Master_Rx                                0x08008e09   Thumb Code    50  masterdriver.o(i.Master_Rx)
    Master_Tx                                0x08008e45   Thumb Code    62  masterdriver.o(i.Master_Tx)
    Master_key_proc                          0x08008e8d   Thumb Code    78  key_read.o(i.Master_key_proc)
    MemManage_Handler                        0x08008ee9   Thumb Code     2  stm32h7xx_it.o(i.MemManage_Handler)
    Mem_Clr                                  0x08008eeb   Thumb Code     8  lib_mem.o(i.Mem_Clr)
    Mem_Init                                 0x08008ef5   Thumb Code    48  lib_mem.o(i.Mem_Init)
    Mem_SegCreate                            0x08008f35   Thumb Code    54  lib_mem.o(i.Mem_SegCreate)
    Mem_Set                                  0x08008f8d   Thumb Code    68  lib_mem.o(i.Mem_Set)
    NMI_Handler                              0x08008fd1   Thumb Code     2  stm32h7xx_it.o(i.NMI_Handler)
    OSCfg_Init                               0x08008fd3   Thumb Code     2  os_cfg_app.o(i.OSCfg_Init)
    OSInit                                   0x08008fd5   Thumb Code   158  os_core.o(i.OSInit)
    OSInitHook                               0x080090a1   Thumb Code    38  os_cpu_c.o(i.OSInitHook)
    OSIntEnter                               0x080090d9   Thumb Code    22  os_core.o(i.OSIntEnter)
    OSIntExit                                0x080090f9   Thumb Code   102  os_core.o(i.OSIntExit)
    OSSched                                  0x08009181   Thumb Code   106  os_core.o(i.OSSched)
    OSSchedLock                              0x0800920d   Thumb Code    64  os_core.o(i.OSSchedLock)
    OSSchedUnlock                            0x08009259   Thumb Code    82  os_core.o(i.OSSchedUnlock)
    OSStart                                  0x080092b9   Thumb Code    90  os_core.o(i.OSStart)
    OSTaskCreate                             0x08009335   Thumb Code   322  os_task.o(i.OSTaskCreate)
    OSTaskCreateHook                         0x0800948d   Thumb Code     2  os_cpu_c.o(i.OSTaskCreateHook)
    OSTaskDel                                0x08009491   Thumb Code   210  os_task.o(i.OSTaskDel)
    OSTaskDelHook                            0x08009579   Thumb Code     2  os_cpu_c.o(i.OSTaskDelHook)
    OSTaskReturnHook                         0x0800957b   Thumb Code     2  os_cpu_c.o(i.OSTaskReturnHook)
    OSTaskSemPend                            0x0800957d   Thumb Code   292  os_task.o(i.OSTaskSemPend)
    OSTaskSemPost                            0x080096b1   Thumb Code   184  os_task.o(i.OSTaskSemPost)
    OSTaskStkInit                            0x08009771   Thumb Code   396  os_cpu_c.o(i.OSTaskStkInit)
    OSTaskSwHook                             0x08009969   Thumb Code    56  os_cpu_c.o(i.OSTaskSwHook)
    OSTimeDly                                0x080099a9   Thumb Code   134  os_time.o(i.OSTimeDly)
    OSTimeGet                                0x08009a41   Thumb Code    24  os_time.o(i.OSTimeGet)
    OSTimeTick                               0x08009a5d   Thumb Code    52  os_time.o(i.OSTimeTick)
    OSTimeTickHook                           0x08009aa5   Thumb Code     2  os_cpu_c.o(i.OSTimeTickHook)
    OS_CPU_SysTickHandler                    0x08009aa7   Thumb Code    30  os_cpu_c.o(i.OS_CPU_SysTickHandler)
    OS_CPU_SysTickInit                       0x08009ac5   Thumb Code    36  os_cpu_c.o(i.OS_CPU_SysTickInit)
    OS_CPU_SysTickInitFreq                   0x08009aed   Thumb Code    12  os_cpu_c.o(i.OS_CPU_SysTickInitFreq)
    OS_Dbg_Init                              0x08009afd   Thumb Code     2  os_dbg.o(i.OS_Dbg_Init)
    OS_IdleTask                              0x08009b01   Thumb Code    20  os_core.o(i.OS_IdleTask)
    OS_IdleTaskInit                          0x08009b19   Thumb Code    60  os_core.o(i.OS_IdleTaskInit)
    OS_MemInit                               0x08009b81   Thumb Code    14  os_mem.o(i.OS_MemInit)
    OS_MsgPoolInit                           0x08009b99   Thumb Code    90  os_msg.o(i.OS_MsgPoolInit)
    OS_MsgQFreeAll                           0x08009c01   Thumb Code    48  os_msg.o(i.OS_MsgQFreeAll)
    OS_MsgQInit                              0x08009c35   Thumb Code    14  os_msg.o(i.OS_MsgQInit)
    OS_Pend                                  0x08009c45   Thumb Code    56  os_core.o(i.OS_Pend)
    OS_PendDbgNameAdd                        0x08009c81   Thumb Code    44  os_core.o(i.OS_PendDbgNameAdd)
    OS_PendDbgNameRemove                     0x08009cc5   Thumb Code    24  os_core.o(i.OS_PendDbgNameRemove)
    OS_PendListInsertPrio                    0x08009ce1   Thumb Code    88  os_core.o(i.OS_PendListInsertPrio)
    OS_PendListRemove                        0x08009d39   Thumb Code    64  os_core.o(i.OS_PendListRemove)
    OS_Post                                  0x08009d79   Thumb Code   138  os_core.o(i.OS_Post)
    OS_PrioGetHighest                        0x08009e05   Thumb Code    14  os_prio.o(i.OS_PrioGetHighest)
    OS_PrioInit                              0x08009e19   Thumb Code     8  os_prio.o(i.OS_PrioInit)
    OS_PrioInsert                            0x08009e25   Thumb Code    18  os_prio.o(i.OS_PrioInsert)
    OS_PrioRemove                            0x08009e3d   Thumb Code    18  os_prio.o(i.OS_PrioRemove)
    OS_RdyListInit                           0x08009e55   Thumb Code    30  os_core.o(i.OS_RdyListInit)
    OS_RdyListInsert                         0x08009e79   Thumb Code    42  os_core.o(i.OS_RdyListInsert)
    OS_RdyListInsertHead                     0x08009ea9   Thumb Code    54  os_core.o(i.OS_RdyListInsertHead)
    OS_RdyListInsertTail                     0x08009ee5   Thumb Code    50  os_core.o(i.OS_RdyListInsertTail)
    OS_RdyListRemove                         0x08009f1d   Thumb Code    80  os_core.o(i.OS_RdyListRemove)
    OS_TaskBlock                             0x08009f71   Thumb Code    36  os_core.o(i.OS_TaskBlock)
    OS_TaskDbgListAdd                        0x08009f99   Thumb Code    30  os_task.o(i.OS_TaskDbgListAdd)
    OS_TaskDbgListRemove                     0x08009fbd   Thumb Code    50  os_task.o(i.OS_TaskDbgListRemove)
    OS_TaskInit                              0x08009ff5   Thumb Code    18  os_task.o(i.OS_TaskInit)
    OS_TaskInitTCB                           0x0800a015   Thumb Code   154  os_task.o(i.OS_TaskInitTCB)
    OS_TaskReturn                            0x0800a0bd   Thumb Code    20  os_task.o(i.OS_TaskReturn)
    OS_TickListInsert                        0x0800a0d5   Thumb Code    96  os_tick.o(i.OS_TickListInsert)
    OS_TickListInsertDly                     0x0800a135   Thumb Code   128  os_tick.o(i.OS_TickListInsertDly)
    OS_TickListRemove                        0x0800a1c1   Thumb Code    64  os_tick.o(i.OS_TickListRemove)
    OS_TickTask                              0x0800a339   Thumb Code    72  os_tick.o(i.OS_TickTask)
    OS_TickTaskInit                          0x0800a389   Thumb Code   118  os_tick.o(i.OS_TickTaskInit)
    OS_TmrInit                               0x0800a43d   Thumb Code   150  os_tmr.o(i.OS_TmrInit)
    OS_TmrTask                               0x0800a52d   Thumb Code   144  os_tmr.o(i.OS_TmrTask)
    OS_TmrUnlink                             0x0800a5c9   Thumb Code    48  os_tmr.o(i.OS_TmrUnlink)
    OpenSSR                                  0x0800a601   Thumb Code    70  arith.o(i.OpenSSR)
    RTC_Bcd2ToByte                           0x0800a889   Thumb Code    18  stm32h7xx_hal_rtc.o(i.RTC_Bcd2ToByte)
    RTC_ByteToBcd2                           0x0800a89b   Thumb Code    24  stm32h7xx_hal_rtc.o(i.RTC_ByteToBcd2)
    RTC_EnterInitMode                        0x0800a8b5   Thumb Code    70  stm32h7xx_hal_rtc.o(i.RTC_EnterInitMode)
    RTC_ExitInitMode                         0x0800a8fd   Thumb Code    78  stm32h7xx_hal_rtc.o(i.RTC_ExitInitMode)
    ReStart                                  0x0800a951   Thumb Code   182  gameflow.o(i.ReStart)
    ReadChildcmd                             0x0800aa49   Thumb Code    24  childcmd.o(i.ReadChildcmd)
    ReadKey                                  0x0800aa61   Thumb Code    44  key_read.o(i.ReadKey)
    ReadRxBuf                                0x0800aa95   Thumb Code    24  masterdriver.o(i.ReadRxBuf)
    ReadRxNum                                0x0800aab1   Thumb Code    28  masterdriver.o(i.ReadRxNum)
    ReadSysTime                              0x0800aad1   Thumb Code    78  rtc.o(i.ReadSysTime)
    Read_spi                                 0x0800ab25   Thumb Code    92  spi_drive.o(i.Read_spi)
    ReturnBet                                0x0800ab85   Thumb Code    70  gameoption.o(i.ReturnBet)
    RevMaster                                0x0800abcb   Thumb Code   130  masterdriver.o(i.RevMaster)
    SVC_Handler                              0x0800ad4f   Thumb Code     2  stm32h7xx_it.o(i.SVC_Handler)
    Scene                                    0x0800ad51   Thumb Code     8  arith.o(i.Scene)
    SendChild                                0x0800ad5d   Thumb Code    50  childcmd.o(i.SendChild)
    SetChildcmd                              0x0800ad8f   Thumb Code    48  childcmd.o(i.SetChildcmd)
    SetGameTime                              0x0800adc1   Thumb Code     6  arith.o(i.SetGameTime)
    SetMastercmd                             0x0800adcd   Thumb Code    48  masterdriver.o(i.SetMastercmd)
    SetTuiBiNum                              0x0800adfd   Thumb Code   100  arith.o(i.SetTuiBiNum)
    Start                                    0x0800ae65   Thumb Code   188  gameflow.o(i.Start)
    StartRun                                 0x0800af55   Thumb Code    64  gameflow.o(i.StartRun)
    SystemInit                               0x0800afa1   Thumb Code   118  system_stm32h7xx.o(i.SystemInit)
    TIM2_IRQHandler                          0x0800b029   Thumb Code    20  tim.o(i.TIM2_IRQHandler)
    TIM_Base_SetConfig                       0x0800b041   Thumb Code   170  stm32h7xx_hal_tim.o(i.TIM_Base_SetConfig)
    TIM_ETR_SetConfig                        0x0800b10d   Thumb Code    18  stm32h7xx_hal_tim.o(i.TIM_ETR_SetConfig)
    UART4_IRQHandler                         0x0800b17d   Thumb Code    20  stm32h7xx_it.o(i.UART4_IRQHandler)
    UART5_IRQHandler                         0x0800b195   Thumb Code    20  stm32h7xx_it.o(i.UART5_IRQHandler)
    UART_AdvFeatureConfig                    0x0800b1f1   Thumb Code   200  stm32h7xx_hal_uart.o(i.UART_AdvFeatureConfig)
    UART_CheckIdleState                      0x0800b2b9   Thumb Code   170  stm32h7xx_hal_uart.o(i.UART_CheckIdleState)
    UART_InitCallbacksToDefault              0x0800b3c5   Thumb Code    74  stm32h7xx_hal_uart.o(i.UART_InitCallbacksToDefault)
    UART_SetConfig                           0x0800b929   Thumb Code   876  stm32h7xx_hal_uart.o(i.UART_SetConfig)
    UART_Start_Receive_IT                    0x0800bcd5   Thumb Code   256  stm32h7xx_hal_uart.o(i.UART_Start_Receive_IT)
    UART_WaitOnFlagUntilTimeout              0x0800bf57   Thumb Code   148  stm32h7xx_hal_uart.o(i.UART_WaitOnFlagUntilTimeout)
    USART1_IRQHandler                        0x0800bfed   Thumb Code    20  stm32h7xx_it.o(i.USART1_IRQHandler)
    USART2_IRQHandler                        0x0800c005   Thumb Code    20  stm32h7xx_it.o(i.USART2_IRQHandler)
    USART3_IRQHandler                        0x0800c01d   Thumb Code    20  stm32h7xx_it.o(i.USART3_IRQHandler)
    USART6_IRQHandler                        0x0800c035   Thumb Code    20  stm32h7xx_it.o(i.USART6_IRQHandler)
    USART_SendDataString                     0x0800c04d   Thumb Code   206  masterdriver.o(i.USART_SendDataString)
    UsageFault_Handler                       0x0800c125   Thumb Code     2  stm32h7xx_it.o(i.UsageFault_Handler)
    WaitBET                                  0x0800c129   Thumb Code   156  gameflow.o(i.WaitBET)
    WinProc                                  0x0800c1dd   Thumb Code  1120  gameflow.o(i.WinProc)
    WriteChildAccu                           0x0800c641   Thumb Code    46  arith.o(i.WriteChildAccu)
    WriteSysTime                             0x0800c675   Thumb Code    72  rtc.o(i.WriteSysTime)
    Write_spi                                0x0800c6c1   Thumb Code    92  spi_drive.o(i.Write_spi)
    __0sprintf                               0x0800c721   Thumb Code    34  printfa.o(i.__0sprintf)
    __1sprintf                               0x0800c721   Thumb Code     0  printfa.o(i.__0sprintf)
    __2sprintf                               0x0800c721   Thumb Code     0  printfa.o(i.__0sprintf)
    __c89sprintf                             0x0800c721   Thumb Code     0  printfa.o(i.__0sprintf)
    sprintf                                  0x0800c721   Thumb Code     0  printfa.o(i.__0sprintf)
    __0vsprintf                              0x0800c749   Thumb Code    30  printfa.o(i.__0vsprintf)
    __1vsprintf                              0x0800c749   Thumb Code     0  printfa.o(i.__0vsprintf)
    __2vsprintf                              0x0800c749   Thumb Code     0  printfa.o(i.__0vsprintf)
    __c89vsprintf                            0x0800c749   Thumb Code     0  printfa.o(i.__0vsprintf)
    vsprintf                                 0x0800c749   Thumb Code     0  printfa.o(i.__0vsprintf)
    __scatterload_copy                       0x0800c78f   Thumb Code    14  handlers.o(i.__scatterload_copy)
    __scatterload_null                       0x0800c79d   Thumb Code     2  handlers.o(i.__scatterload_null)
    __scatterload_zeroinit                   0x0800c79f   Thumb Code    14  handlers.o(i.__scatterload_zeroinit)
    main                                     0x0800d041   Thumb Code   164  main.o(i.main)
    read_random                              0x0800d101   Thumb Code    18  rng.o(i.read_random)
    strtodex                                 0x0800d119   Thumb Code    58  gameset.o(i.strtodex)
    uartprintf                               0x0800d155   Thumb Code    42  usart.o(i.uartprintf)
    D1CorePrescTable                         0x0800d184   Data          16  system_stm32h7xx.o(.constdata)
    UARTPrescTable                           0x0800d194   Data          24  stm32h7xx_hal_uart.o(.constdata)
    MainKeyIndex                             0x0800d1bc   Data          56  key_read.o(.constdata)
    InitKeyTaskTbl                           0x0800d1f4   Data         128  key_read.o(.constdata)
    g_NewMul                                 0x0800d274   Data          80  dipsw.o(.constdata)
    GameName                                 0x0800d2c4   Data           9  gameset.o(.constdata)
    OSCfg_IdleTaskStkBasePtr                 0x0800d2d0   Data           4  os_cfg_app.o(.constdata)
    OSCfg_IdleTaskStkLimit                   0x0800d2d4   Data           4  os_cfg_app.o(.constdata)
    OSCfg_IdleTaskStkSize                    0x0800d2d8   Data           4  os_cfg_app.o(.constdata)
    OSCfg_ISRStkBasePtr                      0x0800d2dc   Data           4  os_cfg_app.o(.constdata)
    OSCfg_ISRStkSize                         0x0800d2e0   Data           4  os_cfg_app.o(.constdata)
    OSCfg_MsgPoolSize                        0x0800d2e4   Data           2  os_cfg_app.o(.constdata)
    OSCfg_MsgPoolBasePtr                     0x0800d2e8   Data           4  os_cfg_app.o(.constdata)
    OSCfg_StkSizeMin                         0x0800d2ec   Data           4  os_cfg_app.o(.constdata)
    OSCfg_TickRate_Hz                        0x0800d2f0   Data           4  os_cfg_app.o(.constdata)
    OSCfg_TickTaskPrio                       0x0800d2f4   Data           1  os_cfg_app.o(.constdata)
    OSCfg_TickTaskStkBasePtr                 0x0800d2f8   Data           4  os_cfg_app.o(.constdata)
    OSCfg_TickTaskStkLimit                   0x0800d2fc   Data           4  os_cfg_app.o(.constdata)
    OSCfg_TickTaskStkSize                    0x0800d300   Data           4  os_cfg_app.o(.constdata)
    OSCfg_TmrTaskPrio                        0x0800d304   Data           1  os_cfg_app.o(.constdata)
    OSCfg_TmrTaskRate_Hz                     0x0800d308   Data           4  os_cfg_app.o(.constdata)
    OSCfg_TmrTaskStkBasePtr                  0x0800d30c   Data           4  os_cfg_app.o(.constdata)
    OSCfg_TmrTaskStkLimit                    0x0800d310   Data           4  os_cfg_app.o(.constdata)
    OSCfg_TmrTaskStkSize                     0x0800d314   Data           4  os_cfg_app.o(.constdata)
    __ctype_categories                       0x0800d318   Data          64  ctype_c.o(.constdata)
    Region$$Table$$Base                      0x0800d380   Number         0  anon$$obj.o(Region$$Table)
    Region$$Table$$Limit                     0x0800d3b0   Number         0  anon$$obj.o(Region$$Table)
    SystemCoreClock                          0x24040000   Data           4  system_stm32h7xx.o(.data)
    SystemD2Clock                            0x24040004   Data           4  system_stm32h7xx.o(.data)
    uwTickFreq                               0x24040008   Data           1  stm32h7xx_hal.o(.data)
    uwTickPrio                               0x2404000c   Data           4  stm32h7xx_hal.o(.data)
    uwTick                                   0x24040010   Data           4  stm32h7xx_hal.o(.data)
    g_AiDingfenSw                            0x24040014   Data           1  var.o(.data)
    g_DingFen1_FX                            0x24040015   Data           1  var.o(.data)
    __24C04_FLAG                             0x24040018   Data           4  var.o(.data)
    Machine_line                             0x2404001c   Data           4  var.o(.data)
    Machine_id                               0x24040020   Data           4  var.o(.data)
    Prevpayoff                               0x24040028   Data           8  var.o(.data)
    CurrPayoff                               0x24040030   Data           8  var.o(.data)
    AccoutPassWord                           0x24040038   Data           4  var.o(.data)
    ConfigPassWord                           0x2404003c   Data           4  var.o(.data)
    SystemPassWord                           0x24040040   Data           4  var.o(.data)
    FuncPassWord                             0x24040044   Data           4  var.o(.data)
    SetAccoutPassWord                        0x24040048   Data           4  var.o(.data)
    SetConfigPassWord                        0x2404004c   Data           4  var.o(.data)
    SetSystemPassWord                        0x24040050   Data           4  var.o(.data)
    ChuQiuHao                                0x24040054   Data           1  var.o(.data)
    QiuTest                                  0x24040055   Data           1  var.o(.data)
    SwtQiuFlag                               0x24040056   Data           1  var.o(.data)
    SysTime                                  0x24040057   Data           8  var.o(.data)
    SetTime                                  0x2404005f   Data           8  var.o(.data)
    GameTime                                 0x24040067   Data           1  var.o(.data)
    TotalGame                                0x24040068   Data           2  var.o(.data)
    GameCount                                0x2404006a   Data           2  var.o(.data)
    ChildTotalGame                           0x2404006c   Data           2  var.o(.data)
    ChildGameCount                           0x2404006e   Data           2  var.o(.data)
    LineBonus                                0x24040070   Data           4  var.o(.data)
    GamePai                                  0x24040074   Data           1  var.o(.data)
    Luck                                     0x24040075   Data           1  var.o(.data)
    HeiCnt                                   0x24040076   Data           2  var.o(.data)
    HongCnt                                  0x24040078   Data           2  var.o(.data)
    CaoCnt                                   0x2404007a   Data           2  var.o(.data)
    FangCnt                                  0x2404007c   Data           2  var.o(.data)
    WangCnt                                  0x2404007e   Data           2  var.o(.data)
    ProcMem                                  0x24040080   Data           1  var.o(.data)
    Gamestation                              0x24040084   Data           4  var.o(.data)
    KeyPress                                 0x24040088   Data           4  key_read.o(.data)
    MainKeyTaskTbl                           0x2404008c   Data          56  key_read.o(.data)
    Gamesetrx                                0x240400c4   Data           4  gameset.o(.data)
    QiuName                                  0x240400c8   Data          24  gameset.o(.data)
    QiuNumIndex                              0x240400e0   Data          10  gameset.o(.data)
    MasterUart                               0x240400ec   Data           4  masterdriver.o(.data)
    MasterCmdpoint                           0x240400f0   Data           4  masterdriver.o(.data)
    ChildCmdpoint                            0x240400f4   Data           4  childcmd.o(.data)
    CoinKeyIndex                             0x240400f8   Data           4  gameflow.o(.data)
    BetKeyIndex                              0x240400fc   Data           4  gameflow.o(.data)
    CPU_TS_TmrFreq_Hz                        0x24040108   Data           4  cpu_core.o(.data)
    Mem_SegHeadPtr                           0x2404010c   Data           4  lib_mem.o(.data)
    OSPrioTbl                                0x24040110   Data           4  os_prio.o(.data)
    OSIdleTaskCtr                            0x24040114   Data           4  os_var.o(.data)
    OSIntNestingCtr                          0x24040118   Data           1  os_var.o(.data)
    OSRunning                                0x24040119   Data           1  os_var.o(.data)
    OSInitialized                            0x2404011a   Data           1  os_var.o(.data)
    OSMemDbgListPtr                          0x2404011c   Data           4  os_var.o(.data)
    OSMemQty                                 0x24040120   Data           2  os_var.o(.data)
    OSPrioCur                                0x24040122   Data           1  os_var.o(.data)
    OSPrioHighRdy                            0x24040123   Data           1  os_var.o(.data)
    OSSchedLockNestingCtr                    0x24040124   Data           1  os_var.o(.data)
    OSTaskCtxSwCtr                           0x24040128   Data           4  os_var.o(.data)
    OSTaskDbgListPtr                         0x2404012c   Data           4  os_var.o(.data)
    OSTaskQty                                0x24040130   Data           2  os_var.o(.data)
    OSTaskRegNextAvailID                     0x24040132   Data           1  os_var.o(.data)
    OSTickCtr                                0x24040134   Data           4  os_var.o(.data)
    OSTickTaskTimeMax                        0x24040138   Data           4  os_var.o(.data)
    OSTickListDly                            0x2404013c   Data           8  os_var.o(.data)
    OSTickListTimeout                        0x24040144   Data           8  os_var.o(.data)
    OSTmrDbgListPtr                          0x2404014c   Data           4  os_var.o(.data)
    OSTmrListEntries                         0x24040150   Data           2  os_var.o(.data)
    OSTmrListPtr                             0x24040154   Data           4  os_var.o(.data)
    OSTmrTaskTimeMax                         0x24040158   Data           4  os_var.o(.data)
    OSTmrTickCtr                             0x2404015c   Data           4  os_var.o(.data)
    OSTmrUpdateCnt                           0x24040160   Data           4  os_var.o(.data)
    OSTmrUpdateCtr                           0x24040164   Data           4  os_var.o(.data)
    OSTCBCurPtr                              0x24040168   Data           4  os_var.o(.data)
    OSTCBHighRdyPtr                          0x2404016c   Data           4  os_var.o(.data)
    OS_CPU_ExceptStkBase                     0x24040170   Data           4  os_cpu_c.o(.data)
    DipSw                                    0x24047390   Data          73  var.o(.bss)
    SetDipSw                                 0x240473d9   Data          73  var.o(.bss)
    FutoryTime                               0x24047422   Data          10  var.o(.bss)
    ProgramVel                               0x2404742c   Data          10  var.o(.bss)
    Qiuwei                                   0x24047436   Data          10  var.o(.bss)
    SetFutoryTime                            0x24047440   Data          10  var.o(.bss)
    SetProgramVel                            0x2404744a   Data          10  var.o(.bss)
    SetQiuwei                                0x24047454   Data          10  var.o(.bss)
    DingFen                                  0x24047460   Data          32  var.o(.bss)
    New_Bill                                 0x24047480   Data        2000  var.o(.bss)
    History                                  0x24047c50   Data         100  var.o(.bss)
    LuckHistory                              0x24047cb4   Data         100  var.o(.bss)
    KeyCount                                 0x24047d18   Data          32  key_read.o(.bss)
    KeyTaskTbl                               0x24047d38   Data        1024  key_read.o(.bss)
    huart1                                   0x24048138   Data         204  usart.o(.bss)
    huart2                                   0x24048204   Data         204  usart.o(.bss)
    huart3                                   0x240482d0   Data         204  usart.o(.bss)
    huart4                                   0x2404839c   Data         204  usart.o(.bss)
    huart5                                   0x24048468   Data         204  usart.o(.bss)
    huart6                                   0x24048534   Data         204  usart.o(.bss)
    print_debug_buf                          0x24048600   Data         512  usart.o(.bss)
    hspi1                                    0x24048800   Data         136  spi.o(.bss)
    htim2                                    0x24048888   Data          76  tim.o(.bss)
    hrng                                     0x240488d4   Data          20  rng.o(.bss)
    hrtc                                     0x240488e8   Data          36  rtc.o(.bss)
    CPU_Name                                 0x2404890c   Data          16  cpu_core.o(.bss)
    Mem_Heap                                 0x2404891c   Data        1024  lib_mem.o(.bss)
    Mem_SegHeap                              0x24048d1c   Data          20  lib_mem.o(.bss)
    OSCfg_IdleTaskStk                        0x24048d30   Data         512  os_cfg_app.o(.bss)
    OSCfg_ISRStk                             0x24048f30   Data         512  os_cfg_app.o(.bss)
    OSCfg_MsgPool                            0x24049130   Data         512  os_cfg_app.o(.bss)
    OSCfg_TickTaskStk                        0x24049330   Data         512  os_cfg_app.o(.bss)
    OSCfg_TmrTaskStk                         0x24049530   Data         512  os_cfg_app.o(.bss)
    OSIdleTaskTCB                            0x24049730   Data         180  os_var.o(.bss)
    OSMsgPool                                0x240497e4   Data          12  os_var.o(.bss)
    OSRdyList                                0x240497f0   Data         384  os_var.o(.bss)
    OSTickTaskTCB                            0x24049970   Data         180  os_var.o(.bss)
    OSTmrTaskTCB                             0x24049a24   Data         180  os_var.o(.bss)
    __initial_sp                             0x24049ed8   Data           0  startup_stm32h743xx.o(STACK)
    Child                                    0x38800000   Data        1504  var.o(BKP_SRAM_SECTION)



==============================================================================

Memory Map of the image

  Image Entry point : 0x08000299

  Load Region LR_IROM1 (Base: 0x08000000, Size: 0x0000db04, Max: 0x00040000, ABSOLUTE, COMPRESSED[0x0000d3f0])

    Execution Region ER_IROM1 (Exec base: 0x08000000, Load base: 0x08000000, Size: 0x0000d3b0, Max: 0x00040000, ABSOLUTE)

    Exec Addr    Load Addr    Size         Type   Attr      Idx    E Section Name        Object

    0x08000000   0x08000000   0x00000298   Data   RO            3    RESET               startup_stm32h743xx.o
    0x08000298   0x08000298   0x00000000   Code   RO         9472  * .ARM.Collect$$$$00000000  mc_w.l(entry.o)
    0x08000298   0x08000298   0x00000004   Code   RO         9754    .ARM.Collect$$$$00000001  mc_w.l(entry2.o)
    0x0800029c   0x0800029c   0x00000004   Code   RO         9757    .ARM.Collect$$$$00000004  mc_w.l(entry5.o)
    0x080002a0   0x080002a0   0x00000000   Code   RO         9759    .ARM.Collect$$$$00000008  mc_w.l(entry7b.o)
    0x080002a0   0x080002a0   0x00000000   Code   RO         9761    .ARM.Collect$$$$0000000A  mc_w.l(entry8b.o)
    0x080002a0   0x080002a0   0x00000008   Code   RO         9762    .ARM.Collect$$$$0000000B  mc_w.l(entry9a.o)
    0x080002a8   0x080002a8   0x00000004   Code   RO         9769    .ARM.Collect$$$$0000000E  mc_w.l(entry12b.o)
    0x080002ac   0x080002ac   0x00000000   Code   RO         9764    .ARM.Collect$$$$0000000F  mc_w.l(entry10a.o)
    0x080002ac   0x080002ac   0x00000000   Code   RO         9766    .ARM.Collect$$$$00000011  mc_w.l(entry11a.o)
    0x080002ac   0x080002ac   0x00000004   Code   RO         9755    .ARM.Collect$$$$00002712  mc_w.l(entry2.o)
    0x080002b0   0x080002b0   0x00000024   Code   RO            4    .text               startup_stm32h743xx.o
    0x080002d4   0x080002d4   0x00000034   Code   RO         8071    .text               cpu_a.o
    0x08000308   0x08000308   0x00000062   Code   RO         9475    .text               mc_w.l(uldiv.o)
    0x0800036a   0x0800036a   0x0000001e   Code   RO         9477    .text               mc_w.l(llshl.o)
    0x08000388   0x08000388   0x00000024   Code   RO         9479    .text               mc_w.l(memcpya.o)
    0x080003ac   0x080003ac   0x00000024   Code   RO         9481    .text               mc_w.l(memseta.o)
    0x080003d0   0x080003d0   0x0000000e   Code   RO         9483    .text               mc_w.l(strlen.o)
    0x080003de   0x080003de   0x00000012   Code   RO         9485    .text               mc_w.l(strcpy.o)
    0x080003f0   0x080003f0   0x00000038   Code   RO         9750    .text               mc_w.l(__0sscanf.o)
    0x08000428   0x08000428   0x0000014c   Code   RO         9752    .text               mc_w.l(_scanf_int.o)
    0x08000574   0x08000574   0x0000002c   Code   RO         9773    .text               mc_w.l(uidiv.o)
    0x080005a0   0x080005a0   0x00000020   Code   RO         9775    .text               mc_w.l(llushr.o)
    0x080005c0   0x080005c0   0x0000001c   Code   RO         9777    .text               mc_w.l(_chval.o)
    0x080005dc   0x080005dc   0x00000028   Code   RO         9779    .text               mc_w.l(scanf_char.o)
    0x08000604   0x08000604   0x00000040   Code   RO         9781    .text               mc_w.l(_sgetc.o)
    0x08000644   0x08000644   0x00000000   Code   RO         9783    .text               mc_w.l(iusefp.o)
    0x08000644   0x08000644   0x0000014e   Code   RO         9784    .text               mf_w.l(dadd.o)
    0x08000792   0x08000792   0x000000e4   Code   RO         9786    .text               mf_w.l(dmul.o)
    0x08000876   0x08000876   0x000000de   Code   RO         9788    .text               mf_w.l(ddiv.o)
    0x08000954   0x08000954   0x00000030   Code   RO         9790    .text               mf_w.l(dfixul.o)
    0x08000984   0x08000984   0x00000030   Code   RO         9792    .text               mf_w.l(cdrcmple.o)
    0x080009b4   0x080009b4   0x00000024   Code   RO         9794    .text               mc_w.l(init.o)
    0x080009d8   0x080009d8   0x00000024   Code   RO         9797    .text               mc_w.l(llsshr.o)
    0x080009fc   0x080009fc   0x0000000a   Code   RO         9799    .text               mc_w.l(isspace_c.o)
    0x08000a06   0x08000a06   0x00000002   PAD
    0x08000a08   0x08000a08   0x00000330   Code   RO         9801    .text               mc_w.l(_scanf.o)
    0x08000d38   0x08000d38   0x000000ba   Code   RO         9804    .text               mf_w.l(depilogue.o)
    0x08000df2   0x08000df2   0x00000002   PAD
    0x08000df4   0x08000df4   0x00000028   Code   RO         9806    .text               mc_w.l(ctype_c.o)
    0x08000e1c   0x08000e1c   0x00000056   Code   RO         9817    .text               mc_w.l(__dczerorl2.o)
    0x08000e72   0x08000e72   0x00000002   PAD
    0x08000e74   0x08000e74   0x00000108   Code   RO         9327    CODE                os_cpu_a.o
    0x08000f7c   0x08000f7c   0x00000130   Code   RO         5765    i.AppDraw           main.o
    0x080010ac   0x080010ac   0x00000160   Code   RO         5766    i.AppKey            main.o
    0x0800120c   0x0800120c   0x00000060   Code   RO         5767    i.AppMain           main.o
    0x0800126c   0x0800126c   0x0000002c   Code   RO         7410    i.BKP_SRAM_Init     bsp.o
    0x08001298   0x08001298   0x00000022   Code   RO         7411    i.BSP_ClkFreqGet    bsp.o
    0x080012ba   0x080012ba   0x0000000e   Code   RO         7412    i.BSP_Init          bsp.o
    0x080012c8   0x080012c8   0x00000010   Code   RO         7413    i.BSP_OSTickInit    bsp.o
    0x080012d8   0x080012d8   0x00000098   Code   RO         7414    i.BSP_SystemClkCfg  bsp.o
    0x08001370   0x08001370   0x00000104   Code   RO         7116    i.BackProcess       gameflow.o
    0x08001474   0x08001474   0x00000050   Code   RO         7117    i.BetKeyProc        gameflow.o
    0x080014c4   0x080014c4   0x000000f4   Code   RO         6511    i.BetKeyProc1       arith.o
    0x080015b8   0x080015b8   0x00000002   Code   RO         5521    i.BusFault_Handler  stm32h7xx_it.o
    0x080015ba   0x080015ba   0x00000002   Code   RO         6512    i.Buzzer            arith.o
    0x080015bc   0x080015bc   0x00000002   Code   RO         6513    i.BuzzerDeal        arith.o
    0x080015be   0x080015be   0x00000002   PAD
    0x080015c0   0x080015c0   0x00000108   Code   RO         7743    i.CHILD_COIN_OUT    tim.o
    0x080016c8   0x080016c8   0x00000018   Code   RO         7951    i.CPU_Init          cpu_core.o
    0x080016e0   0x080016e0   0x00000020   Code   RO         7952    i.CPU_NameClr       cpu_core.o
    0x08001700   0x08001700   0x00000002   Code   RO         7956    i.CPU_SW_Exception  cpu_core.o
    0x08001702   0x08001702   0x00000002   PAD
    0x08001704   0x08001704   0x0000000c   Code   RO         7960    i.CPU_TS_TmrFreqSet  cpu_core.o
    0x08001710   0x08001710   0x0000004c   Code   RO         7475    i.CPU_TS_TmrInit    cpu_bsp.o
    0x0800175c   0x0800175c   0x0000000c   Code   RO         7476    i.CPU_TS_TmrRd      cpu_bsp.o
    0x08001768   0x08001768   0x0000002c   Code   RO         5768    i.CheckEEPROM       main.o
    0x08001794   0x08001794   0x00000170   Code   RO         6514    i.ChildCancel       arith.o
    0x08001904   0x08001904   0x00000026   Code   RO         6516    i.ChildKeyScan      arith.o
    0x0800192a   0x0800192a   0x00000014   Code   RO         6517    i.ChildKeyTOU       arith.o
    0x0800193e   0x0800193e   0x00000010   Code   RO         6518    i.ChildKeyXiOrTui   arith.o
    0x0800194e   0x0800194e   0x00000002   PAD
    0x08001950   0x08001950   0x000002e4   Code   RO         6519    i.ChildMaxBET       arith.o
    0x08001c34   0x08001c34   0x0000003e   Code   RO         7744    i.ChildReadCoinTou  tim.o
    0x08001c72   0x08001c72   0x00000034   Code   RO         7745    i.ChildReadCoinTui  tim.o
    0x08001ca6   0x08001ca6   0x00000002   PAD
    0x08001ca8   0x08001ca8   0x0000001c   Code   RO         7044    i.ChildReadResult   childcmd.o
    0x08001cc4   0x08001cc4   0x0000006c   Code   RO         7045    i.ChildRunHistory   childcmd.o
    0x08001d30   0x08001d30   0x0000006c   Code   RO         7046    i.ChildRunLuckHistory  childcmd.o
    0x08001d9c   0x08001d9c   0x00000168   Code   RO         7047    i.ChildRuncmd       childcmd.o
    0x08001f04   0x08001f04   0x0000016c   Code   RO         7048    i.ChildRunresult    childcmd.o
    0x08002070   0x08002070   0x000000d4   Code   RO         6250    i.Child_key_proc    key_read.o
    0x08002144   0x08002144   0x00000032   Code   RO         7237    i.ClearBet          gameoption.o
    0x08002176   0x08002176   0x00000002   PAD
    0x08002178   0x08002178   0x00000348   Code   RO         5769    i.ClearZero         main.o
    0x080024c0   0x080024c0   0x0000001a   Code   RO         6520    i.CloseSSR          arith.o
    0x080024da   0x080024da   0x00000002   PAD
    0x080024dc   0x080024dc   0x00000044   Code   RO         7119    i.CoinKeyProc       gameflow.o
    0x08002520   0x08002520   0x00000300   Code   RO         6521    i.CoinKeyProc1      arith.o
    0x08002820   0x08002820   0x00000002   Code   RO         5522    i.DebugMon_Handler  stm32h7xx_it.o
    0x08002822   0x08002822   0x000000c8   Code   RO         6524    i.DispBetLED        arith.o
    0x080028ea   0x080028ea   0x00000002   Code   RO         6525    i.DispCREDIT        arith.o
    0x080028ec   0x080028ec   0x00000002   Code   RO         6527    i.DispWIN           arith.o
    0x080028ee   0x080028ee   0x00000002   Code   RO         5770    i.Error_Handler     main.o
    0x080028f0   0x080028f0   0x00000040   Code   RO         5379    i.FMC_NORSRAM_Extended_Timing_Init  stm32h7xx_ll_fmc.o
    0x08002930   0x08002930   0x00000094   Code   RO         5380    i.FMC_NORSRAM_Init  stm32h7xx_ll_fmc.o
    0x080029c4   0x080029c4   0x00000060   Code   RO         5381    i.FMC_NORSRAM_Timing_Init  stm32h7xx_ll_fmc.o
    0x08002a24   0x08002a24   0x00000002   Code   RO         6528    i.FlashBet          arith.o
    0x08002a26   0x08002a26   0x00000002   PAD
    0x08002a28   0x08002a28   0x0000007c   Code   RO         6529    i.FlashBetLED       arith.o
    0x08002aa4   0x08002aa4   0x00000002   Code   RO         6532    i.FlashWin          arith.o
    0x08002aa6   0x08002aa6   0x00000002   Code   RO         6533    i.FlashWinLamp      arith.o
    0x08002aa8   0x08002aa8   0x00000010   Code   RO         7120    i.GameEnd           gameflow.o
    0x08002ab8   0x08002ab8   0x00000048   Code   RO         7121    i.GameEnd2          gameflow.o
    0x08002b00   0x08002b00   0x00000064   Code   RO         6770    i.GameSetAudit      gameset.o
    0x08002b64   0x08002b64   0x0000007c   Code   RO         6771    i.GameSetBaoAudit   gameset.o
    0x08002be0   0x08002be0   0x00000528   Code   RO         6772    i.GameSetBaseSet    gameset.o
    0x08003108   0x08003108   0x00000048   Code   RO         6773    i.GameSetDateype    gameset.o
    0x08003150   0x08003150   0x0000006c   Code   RO         6774    i.GameSetFunc       gameset.o
    0x080031bc   0x080031bc   0x00000050   Code   RO         6776    i.GameSetInit       gameset.o
    0x0800320c   0x0800320c   0x00000ae8   Code   RO         6777    i.GameSetInputPass  gameset.o
    0x08003cf4   0x08003cf4   0x00000470   Code   RO         6778    i.GameSetMune       gameset.o
    0x08004164   0x08004164   0x000000b0   Code   RO         6779    i.GameSetProc       gameset.o
    0x08004214   0x08004214   0x00000118   Code   RO         6780    i.GameSetQui        gameset.o
    0x0800432c   0x0800432c   0x00000040   Code   RO         6781    i.GameSetTimetype   gameset.o
    0x0800436c   0x0800436c   0x00000278   Code   RO         6782    i.GameSystemSet     gameset.o
    0x080045e4   0x080045e4   0x0000001c   Code   RO         7123    i.GetBecomeChip     gameflow.o
    0x08004600   0x08004600   0x00000006   Code   RO         6343    i.GetChildOver      dipsw.o
    0x08004606   0x08004606   0x00000004   Code   RO         6344    i.GetCoinIn         dipsw.o
    0x0800460a   0x0800460a   0x00000004   Code   RO         6345    i.GetCoinOut        dipsw.o
    0x0800460e   0x0800460e   0x00000016   Code   RO         6534    i.GetConv           arith.o
    0x08004624   0x08004624   0x00000004   Code   RO         6346    i.GetDec            dipsw.o
    0x08004628   0x08004628   0x00000098   Code   RO         7238    i.GetGameLuck       gameoption.o
    0x080046c0   0x080046c0   0x00000006   Code   RO         6347    i.GetGameOver       dipsw.o
    0x080046c6   0x080046c6   0x00000030   Code   RO         7239    i.GetGameResult     gameoption.o
    0x080046f6   0x080046f6   0x00000004   Code   RO         6348    i.GetGameTime       dipsw.o
    0x080046fa   0x080046fa   0x00000006   Code   RO         6349    i.GetJifenRate      dipsw.o
    0x08004700   0x08004700   0x00000006   Code   RO         6356    i.GetLuckIndex      dipsw.o
    0x08004706   0x08004706   0x00000006   Code   RO         6357    i.GetMaxBonus       dipsw.o
    0x0800470c   0x0800470c   0x00000004   Code   RO         6358    i.GetMaxbet         dipsw.o
    0x08004710   0x08004710   0x00000006   Code   RO         6359    i.GetMinBonus       dipsw.o
    0x08004716   0x08004716   0x00000004   Code   RO         6361    i.GetMinbet         dipsw.o
    0x0800471a   0x0800471a   0x00000004   Code   RO         6362    i.GetNoteIn         dipsw.o
    0x0800471e   0x0800471e   0x00000004   Code   RO         6363    i.GetNoteOUt        dipsw.o
    0x08004722   0x08004722   0x00000004   Code   RO         6366    i.GetRate           dipsw.o
    0x08004726   0x08004726   0x00000038   Code   RO         6535    i.GetSSR            arith.o
    0x0800475e   0x0800475e   0x00000002   PAD
    0x08004760   0x08004760   0x00000360   Code   RO          774    i.HAL_DMA_Abort     stm32h7xx_hal_dma.o
    0x08004ac0   0x08004ac0   0x00000284   Code   RO          775    i.HAL_DMA_Abort_IT  stm32h7xx_hal_dma.o
    0x08004d44   0x08004d44   0x000000c0   Code   RO         7511    i.HAL_FMC_MspInit   fmc.o
    0x08004e04   0x08004e04   0x0000022c   Code   RO         1165    i.HAL_GPIO_Init     stm32h7xx_hal_gpio.o
    0x08005030   0x08005030   0x0000000c   Code   RO          192    i.HAL_GetREVID      stm32h7xx_hal.o
    0x0800503c   0x0800503c   0x0000000a   Code   RO         7415    i.HAL_GetTick       bsp.o
    0x08005046   0x08005046   0x00000002   PAD
    0x08005048   0x08005048   0x0000005c   Code   RO          200    i.HAL_Init          stm32h7xx_hal.o
    0x080050a4   0x080050a4   0x0000000c   Code   RO         7416    i.HAL_InitTick      bsp.o
    0x080050b0   0x080050b0   0x0000005c   Code   RO          527    i.HAL_MPU_ConfigRegion  stm32h7xx_hal_cortex.o
    0x0800510c   0x0800510c   0x0000001c   Code   RO          528    i.HAL_MPU_Disable   stm32h7xx_hal_cortex.o
    0x08005128   0x08005128   0x00000024   Code   RO          530    i.HAL_MPU_Enable    stm32h7xx_hal_cortex.o
    0x0800514c   0x0800514c   0x00000002   Code   RO          203    i.HAL_MspInit       stm32h7xx_hal.o
    0x0800514e   0x0800514e   0x0000001a   Code   RO          534    i.HAL_NVIC_EnableIRQ  stm32h7xx_hal_cortex.o
    0x08005168   0x08005168   0x00000040   Code   RO          540    i.HAL_NVIC_SetPriority  stm32h7xx_hal_cortex.o
    0x080051a8   0x080051a8   0x00000024   Code   RO          541    i.HAL_NVIC_SetPriorityGrouping  stm32h7xx_hal_cortex.o
    0x080051cc   0x080051cc   0x00000038   Code   RO         2280    i.HAL_PWREx_EnableBkUpReg  stm32h7xx_hal_pwr_ex.o
    0x08005204   0x08005204   0x00000024   Code   RO         2654    i.HAL_RCCEx_GetD3PCLK1Freq  stm32h7xx_hal_rcc_ex.o
    0x08005228   0x08005228   0x00000144   Code   RO         2656    i.HAL_RCCEx_GetPLL2ClockFreq  stm32h7xx_hal_rcc_ex.o
    0x0800536c   0x0800536c   0x00000144   Code   RO         2657    i.HAL_RCCEx_GetPLL3ClockFreq  stm32h7xx_hal_rcc_ex.o
    0x080054b0   0x080054b0   0x000009ac   Code   RO         2663    i.HAL_RCCEx_PeriphCLKConfig  stm32h7xx_hal_rcc_ex.o
    0x08005e5c   0x08005e5c   0x0000025c   Code   RO         2539    i.HAL_RCC_ClockConfig  stm32h7xx_hal_rcc.o
    0x080060b8   0x080060b8   0x00000044   Code   RO         2544    i.HAL_RCC_GetHCLKFreq  stm32h7xx_hal_rcc.o
    0x080060fc   0x080060fc   0x00000024   Code   RO         2546    i.HAL_RCC_GetPCLK1Freq  stm32h7xx_hal_rcc.o
    0x08006120   0x08006120   0x00000024   Code   RO         2547    i.HAL_RCC_GetPCLK2Freq  stm32h7xx_hal_rcc.o
    0x08006144   0x08006144   0x00000138   Code   RO         2548    i.HAL_RCC_GetSysClockFreq  stm32h7xx_hal_rcc.o
    0x0800627c   0x0800627c   0x00000582   Code   RO         2551    i.HAL_RCC_OscConfig  stm32h7xx_hal_rcc.o
    0x080067fe   0x080067fe   0x00000002   PAD
    0x08006800   0x08006800   0x0000007e   Code   RO         2826    i.HAL_RNG_GenerateRandomNumber  stm32h7xx_hal_rng.o
    0x0800687e   0x0800687e   0x00000002   PAD
    0x08006880   0x08006880   0x00000082   Code   RO         2831    i.HAL_RNG_Init      stm32h7xx_hal_rng.o
    0x08006902   0x08006902   0x00000002   PAD
    0x08006904   0x08006904   0x0000004c   Code   RO         7816    i.HAL_RNG_MspInit   rng.o
    0x08006950   0x08006950   0x00000048   Code   RO         2919    i.HAL_RTC_GetDate   stm32h7xx_hal_rtc.o
    0x08006998   0x08006998   0x00000058   Code   RO         2921    i.HAL_RTC_GetTime   stm32h7xx_hal_rtc.o
    0x080069f0   0x080069f0   0x000000a0   Code   RO         2922    i.HAL_RTC_Init      stm32h7xx_hal_rtc.o
    0x08006a90   0x08006a90   0x00000044   Code   RO         7864    i.HAL_RTC_MspInit   rtc.o
    0x08006ad4   0x08006ad4   0x000000a0   Code   RO         2928    i.HAL_RTC_SetDate   stm32h7xx_hal_rtc.o
    0x08006b74   0x08006b74   0x000000d0   Code   RO         2929    i.HAL_RTC_SetTime   stm32h7xx_hal_rtc.o
    0x08006c44   0x08006c44   0x00000038   Code   RO         2930    i.HAL_RTC_WaitForSynchro  stm32h7xx_hal_rtc.o
    0x08006c7c   0x08006c7c   0x0000017c   Code   RO         3307    i.HAL_SPI_Init      stm32h7xx_hal_spi.o
    0x08006df8   0x08006df8   0x000000ac   Code   RO         7702    i.HAL_SPI_MspInit   spi.o
    0x08006ea4   0x08006ea4   0x00000238   Code   RO         3316    i.HAL_SPI_Transmit  stm32h7xx_hal_spi.o
    0x080070dc   0x080070dc   0x00000338   Code   RO         3317    i.HAL_SPI_TransmitReceive  stm32h7xx_hal_spi.o
    0x08007414   0x08007414   0x0000006c   Code   RO         3629    i.HAL_SRAM_Init     stm32h7xx_hal_sram.o
    0x08007480   0x08007480   0x00000004   Code   RO         7513    i.HAL_SRAM_MspInit  fmc.o
    0x08007484   0x08007484   0x00000002   Code   RO         4476    i.HAL_TIMEx_Break2Callback  stm32h7xx_hal_tim_ex.o
    0x08007486   0x08007486   0x00000002   Code   RO         4477    i.HAL_TIMEx_BreakCallback  stm32h7xx_hal_tim_ex.o
    0x08007488   0x08007488   0x00000002   Code   RO         4478    i.HAL_TIMEx_CommutCallback  stm32h7xx_hal_tim_ex.o
    0x0800748a   0x0800748a   0x00000002   PAD
    0x0800748c   0x0800748c   0x000000a4   Code   RO         4498    i.HAL_TIMEx_MasterConfigSynchronization  stm32h7xx_hal_tim_ex.o
    0x08007530   0x08007530   0x00000062   Code   RO         3762    i.HAL_TIM_Base_Init  stm32h7xx_hal_tim.o
    0x08007592   0x08007592   0x00000002   PAD
    0x08007594   0x08007594   0x00000048   Code   RO         7747    i.HAL_TIM_Base_MspInit  tim.o
    0x080075dc   0x080075dc   0x0000008c   Code   RO         3767    i.HAL_TIM_Base_Start_IT  stm32h7xx_hal_tim.o
    0x08007668   0x08007668   0x000000fc   Code   RO         3771    i.HAL_TIM_ConfigClockSource  stm32h7xx_hal_tim.o
    0x08007764   0x08007764   0x00000002   Code   RO         3796    i.HAL_TIM_IC_CaptureCallback  stm32h7xx_hal_tim.o
    0x08007766   0x08007766   0x00000148   Code   RO         3810    i.HAL_TIM_IRQHandler  stm32h7xx_hal_tim.o
    0x080078ae   0x080078ae   0x00000002   Code   RO         3813    i.HAL_TIM_OC_DelayElapsedCallback  stm32h7xx_hal_tim.o
    0x080078b0   0x080078b0   0x00000002   Code   RO         3840    i.HAL_TIM_PWM_PulseFinishedCallback  stm32h7xx_hal_tim.o
    0x080078b2   0x080078b2   0x00000002   PAD
    0x080078b4   0x080078b4   0x00000030   Code   RO         7748    i.HAL_TIM_PeriodElapsedCallback  tim.o
    0x080078e4   0x080078e4   0x00000002   Code   RO         3853    i.HAL_TIM_TriggerCallback  stm32h7xx_hal_tim.o
    0x080078e6   0x080078e6   0x00000040   Code   RO         5217    i.HAL_UARTEx_DisableFifoMode  stm32h7xx_hal_uart_ex.o
    0x08007926   0x08007926   0x00000002   Code   RO         4776    i.HAL_UARTEx_RxEventCallback  stm32h7xx_hal_uart.o
    0x08007928   0x08007928   0x00000002   Code   RO         5225    i.HAL_UARTEx_RxFifoFullCallback  stm32h7xx_hal_uart_ex.o
    0x0800792a   0x0800792a   0x0000004c   Code   RO         5226    i.HAL_UARTEx_SetRxFifoThreshold  stm32h7xx_hal_uart_ex.o
    0x08007976   0x08007976   0x0000004c   Code   RO         5227    i.HAL_UARTEx_SetTxFifoThreshold  stm32h7xx_hal_uart_ex.o
    0x080079c2   0x080079c2   0x00000002   Code   RO         5229    i.HAL_UARTEx_TxFifoEmptyCallback  stm32h7xx_hal_uart_ex.o
    0x080079c4   0x080079c4   0x00000002   Code   RO         5230    i.HAL_UARTEx_WakeupCallback  stm32h7xx_hal_uart_ex.o
    0x080079c6   0x080079c6   0x00000002   Code   RO         4778    i.HAL_UART_AbortCpltCallback  stm32h7xx_hal_uart.o
    0x080079c8   0x080079c8   0x00000002   Code   RO         4780    i.HAL_UART_AbortReceiveCpltCallback  stm32h7xx_hal_uart.o
    0x080079ca   0x080079ca   0x00000002   Code   RO         4783    i.HAL_UART_AbortTransmitCpltCallback  stm32h7xx_hal_uart.o
    0x080079cc   0x080079cc   0x00000002   Code   RO         4792    i.HAL_UART_ErrorCallback  stm32h7xx_hal_uart.o
    0x080079ce   0x080079ce   0x00000002   PAD
    0x080079d0   0x080079d0   0x00000394   Code   RO         4795    i.HAL_UART_IRQHandler  stm32h7xx_hal_uart.o
    0x08007d64   0x08007d64   0x00000080   Code   RO         4796    i.HAL_UART_Init     stm32h7xx_hal_uart.o
    0x08007de4   0x08007de4   0x000002c0   Code   RO         7617    i.HAL_UART_MspInit  usart.o
    0x080080a4   0x080080a4   0x00000048   Code   RO         4801    i.HAL_UART_Receive_IT  stm32h7xx_hal_uart.o
    0x080080ec   0x080080ec   0x000000a8   Code   RO         4803    i.HAL_UART_RegisterCallback  stm32h7xx_hal_uart.o
    0x08008194   0x08008194   0x00000002   Code   RO         4805    i.HAL_UART_RxCpltCallback  stm32h7xx_hal_uart.o
    0x08008196   0x08008196   0x00000002   PAD
    0x08008198   0x08008198   0x00000078   Code   RO         6783    i.HAL_UART_RxGameSet  gameset.o
    0x08008210   0x08008210   0x00000002   Code   RO         4806    i.HAL_UART_RxHalfCpltCallback  stm32h7xx_hal_uart.o
    0x08008212   0x08008212   0x000000b0   Code   RO         4807    i.HAL_UART_Transmit  stm32h7xx_hal_uart.o
    0x080082c2   0x080082c2   0x00000002   PAD
    0x080082c4   0x080082c4   0x00000098   Code   RO         4809    i.HAL_UART_Transmit_IT  stm32h7xx_hal_uart.o
    0x0800835c   0x0800835c   0x00000002   Code   RO         4810    i.HAL_UART_TxCpltCallback  stm32h7xx_hal_uart.o
    0x0800835e   0x0800835e   0x00000002   PAD
    0x08008360   0x08008360   0x00000048   Code   RO         6784    i.HAL_UART_TxGameSet  gameset.o
    0x080083a8   0x080083a8   0x00000002   Code   RO         4811    i.HAL_UART_TxHalfCpltCallback  stm32h7xx_hal_uart.o
    0x080083aa   0x080083aa   0x00000002   PAD
    0x080083ac   0x080083ac   0x00000060   Code   RO         6785    i.HTMSend           gameset.o
    0x0800840c   0x0800840c   0x00000002   Code   RO         5523    i.HardFault_Handler  stm32h7xx_it.o
    0x0800840e   0x0800840e   0x00000002   PAD
    0x08008410   0x08008410   0x00000050   Code   RO         6965    i.Init_MasterUartSet  masterdriver.o
    0x08008460   0x08008460   0x00000038   Code   RO         6786    i.Init_UartSet      gameset.o
    0x08008498   0x08008498   0x00000080   Code   RO         5771    i.Init_machine      main.o
    0x08008518   0x08008518   0x0000001c   Code   RO         6536    i.IsOver            arith.o
    0x08008534   0x08008534   0x00000028   Code   RO         6252    i.KeyTaskFunc1      key_read.o
    0x0800855c   0x0800855c   0x0000002e   Code   RO         6253    i.KeyTaskFunc2      key_read.o
    0x0800858a   0x0800858a   0x00000002   PAD
    0x0800858c   0x0800858c   0x00000020   Code   RO         6256    i.KeyTaskWait2      key_read.o
    0x080085ac   0x080085ac   0x0000005c   Code   RO         7386    i.LED_GPIO_Config   bsp_led.o
    0x08008608   0x08008608   0x00000052   Code   RO         7514    i.MPU_Config        fmc.o
    0x0800865a   0x0800865a   0x00000002   PAD
    0x0800865c   0x0800865c   0x00000068   Code   RO         7515    i.MX_FMC_Init       fmc.o
    0x080086c4   0x080086c4   0x0000007c   Code   RO         7589    i.MX_GPIO_Init      gpio.o
    0x08008740   0x08008740   0x00000028   Code   RO         7817    i.MX_RNG_Init       rng.o
    0x08008768   0x08008768   0x00000038   Code   RO         7865    i.MX_RTC_Init       rtc.o
    0x080087a0   0x080087a0   0x00000060   Code   RO         7703    i.MX_SPI1_Init      spi.o
    0x08008800   0x08008800   0x00000068   Code   RO         7749    i.MX_TIM2_Init      tim.o
    0x08008868   0x08008868   0x00000068   Code   RO         7618    i.MX_UART4_Init     usart.o
    0x080088d0   0x080088d0   0x00000068   Code   RO         7619    i.MX_UART5_Init     usart.o
    0x08008938   0x08008938   0x00000064   Code   RO         7620    i.MX_USART1_UART_Init  usart.o
    0x0800899c   0x0800899c   0x00000068   Code   RO         7621    i.MX_USART2_UART_Init  usart.o
    0x08008a04   0x08008a04   0x00000068   Code   RO         7622    i.MX_USART3_UART_Init  usart.o
    0x08008a6c   0x08008a6c   0x00000068   Code   RO         7623    i.MX_USART6_UART_Init  usart.o
    0x08008ad4   0x08008ad4   0x00000018   Code   RO         6914    i.MasterReadResult  mastercmd.o
    0x08008aec   0x08008aec   0x00000044   Code   RO         6915    i.MasterRunHistory  mastercmd.o
    0x08008b30   0x08008b30   0x00000044   Code   RO         6916    i.MasterRunLuckHistory  mastercmd.o
    0x08008b74   0x08008b74   0x00000124   Code   RO         6917    i.MasterRuncmd      mastercmd.o
    0x08008c98   0x08008c98   0x00000128   Code   RO         6918    i.MasterRunsult     mastercmd.o
    0x08008dc0   0x08008dc0   0x00000048   Code   RO         6966    i.MasterUart_pro    masterdriver.o
    0x08008e08   0x08008e08   0x0000003c   Code   RO         6967    i.Master_Rx         masterdriver.o
    0x08008e44   0x08008e44   0x00000048   Code   RO         6968    i.Master_Tx         masterdriver.o
    0x08008e8c   0x08008e8c   0x0000005c   Code   RO         6257    i.Master_key_proc   key_read.o
    0x08008ee8   0x08008ee8   0x00000002   Code   RO         5524    i.MemManage_Handler  stm32h7xx_it.o
    0x08008eea   0x08008eea   0x00000008   Code   RO         8262    i.Mem_Clr           lib_mem.o
    0x08008ef2   0x08008ef2   0x00000002   PAD
    0x08008ef4   0x08008ef4   0x00000040   Code   RO         8272    i.Mem_Init          lib_mem.o
    0x08008f34   0x08008f34   0x00000036   Code   RO         8285    i.Mem_SegCreate     lib_mem.o
    0x08008f6a   0x08008f6a   0x00000002   PAD
    0x08008f6c   0x08008f6c   0x00000020   Code   RO         8286    i.Mem_SegCreateCritical  lib_mem.o
    0x08008f8c   0x08008f8c   0x00000044   Code   RO         8288    i.Mem_Set           lib_mem.o
    0x08008fd0   0x08008fd0   0x00000002   Code   RO         5525    i.NMI_Handler       stm32h7xx_it.o
    0x08008fd2   0x08008fd2   0x00000002   Code   RO         8591    i.OSCfg_Init        os_cfg_app.o
    0x08008fd4   0x08008fd4   0x000000cc   Code   RO         8651    i.OSInit            os_core.o
    0x080090a0   0x080090a0   0x00000038   Code   RO         9334    i.OSInitHook        os_cpu_c.o
    0x080090d8   0x080090d8   0x00000020   Code   RO         8652    i.OSIntEnter        os_core.o
    0x080090f8   0x080090f8   0x00000088   Code   RO         8653    i.OSIntExit         os_core.o
    0x08009180   0x08009180   0x0000008c   Code   RO         8654    i.OSSched           os_core.o
    0x0800920c   0x0800920c   0x0000004c   Code   RO         8655    i.OSSchedLock       os_core.o
    0x08009258   0x08009258   0x00000060   Code   RO         8656    i.OSSchedUnlock     os_core.o
    0x080092b8   0x080092b8   0x0000007c   Code   RO         8657    i.OSStart           os_core.o
    0x08009334   0x08009334   0x00000158   Code   RO         8992    i.OSTaskCreate      os_task.o
    0x0800948c   0x0800948c   0x00000002   Code   RO         9336    i.OSTaskCreateHook  os_cpu_c.o
    0x0800948e   0x0800948e   0x00000002   PAD
    0x08009490   0x08009490   0x000000e8   Code   RO         8993    i.OSTaskDel         os_task.o
    0x08009578   0x08009578   0x00000002   Code   RO         9337    i.OSTaskDelHook     os_cpu_c.o
    0x0800957a   0x0800957a   0x00000002   Code   RO         9338    i.OSTaskReturnHook  os_cpu_c.o
    0x0800957c   0x0800957c   0x00000134   Code   RO         9001    i.OSTaskSemPend     os_task.o
    0x080096b0   0x080096b0   0x000000c0   Code   RO         9003    i.OSTaskSemPost     os_task.o
    0x08009770   0x08009770   0x000001f8   Code   RO         9339    i.OSTaskStkInit     os_cpu_c.o
    0x08009968   0x08009968   0x00000040   Code   RO         9340    i.OSTaskSwHook      os_cpu_c.o
    0x080099a8   0x080099a8   0x00000098   Code   RO         9175    i.OSTimeDly         os_time.o
    0x08009a40   0x08009a40   0x0000001c   Code   RO         9176    i.OSTimeGet         os_time.o
    0x08009a5c   0x08009a5c   0x00000048   Code   RO         9178    i.OSTimeTick        os_time.o
    0x08009aa4   0x08009aa4   0x00000002   Code   RO         9341    i.OSTimeTickHook    os_cpu_c.o
    0x08009aa6   0x08009aa6   0x0000001e   Code   RO         9342    i.OS_CPU_SysTickHandler  os_cpu_c.o
    0x08009ac4   0x08009ac4   0x00000028   Code   RO         9343    i.OS_CPU_SysTickInit  os_cpu_c.o
    0x08009aec   0x08009aec   0x00000010   Code   RO         9344    i.OS_CPU_SysTickInitFreq  os_cpu_c.o
    0x08009afc   0x08009afc   0x00000002   Code   RO         8814    i.OS_Dbg_Init       os_dbg.o
    0x08009afe   0x08009afe   0x00000002   PAD
    0x08009b00   0x08009b00   0x00000018   Code   RO         8659    i.OS_IdleTask       os_core.o
    0x08009b18   0x08009b18   0x00000068   Code   RO         8660    i.OS_IdleTaskInit   os_core.o
    0x08009b80   0x08009b80   0x00000018   Code   RO         8856    i.OS_MemInit        os_mem.o
    0x08009b98   0x08009b98   0x00000068   Code   RO         8894    i.OS_MsgPoolInit    os_msg.o
    0x08009c00   0x08009c00   0x00000034   Code   RO         8895    i.OS_MsgQFreeAll    os_msg.o
    0x08009c34   0x08009c34   0x0000000e   Code   RO         8897    i.OS_MsgQInit       os_msg.o
    0x08009c42   0x08009c42   0x00000002   PAD
    0x08009c44   0x08009c44   0x0000003c   Code   RO         8661    i.OS_Pend           os_core.o
    0x08009c80   0x08009c80   0x00000044   Code   RO         8663    i.OS_PendDbgNameAdd  os_core.o
    0x08009cc4   0x08009cc4   0x0000001c   Code   RO         8664    i.OS_PendDbgNameRemove  os_core.o
    0x08009ce0   0x08009ce0   0x00000058   Code   RO         8667    i.OS_PendListInsertPrio  os_core.o
    0x08009d38   0x08009d38   0x00000040   Code   RO         8668    i.OS_PendListRemove  os_core.o
    0x08009d78   0x08009d78   0x0000008a   Code   RO         8669    i.OS_Post           os_core.o
    0x08009e02   0x08009e02   0x00000002   PAD
    0x08009e04   0x08009e04   0x00000014   Code   RO         8936    i.OS_PrioGetHighest  os_prio.o
    0x08009e18   0x08009e18   0x0000000c   Code   RO         8937    i.OS_PrioInit       os_prio.o
    0x08009e24   0x08009e24   0x00000018   Code   RO         8938    i.OS_PrioInsert     os_prio.o
    0x08009e3c   0x08009e3c   0x00000018   Code   RO         8939    i.OS_PrioRemove     os_prio.o
    0x08009e54   0x08009e54   0x00000024   Code   RO         8670    i.OS_RdyListInit    os_core.o
    0x08009e78   0x08009e78   0x00000030   Code   RO         8671    i.OS_RdyListInsert  os_core.o
    0x08009ea8   0x08009ea8   0x0000003c   Code   RO         8672    i.OS_RdyListInsertHead  os_core.o
    0x08009ee4   0x08009ee4   0x00000038   Code   RO         8673    i.OS_RdyListInsertTail  os_core.o
    0x08009f1c   0x08009f1c   0x00000054   Code   RO         8675    i.OS_RdyListRemove  os_core.o
    0x08009f70   0x08009f70   0x00000028   Code   RO         8676    i.OS_TaskBlock      os_core.o
    0x08009f98   0x08009f98   0x00000024   Code   RO         9008    i.OS_TaskDbgListAdd  os_task.o
    0x08009fbc   0x08009fbc   0x00000038   Code   RO         9009    i.OS_TaskDbgListRemove  os_task.o
    0x08009ff4   0x08009ff4   0x00000020   Code   RO         9010    i.OS_TaskInit       os_task.o
    0x0800a014   0x0800a014   0x000000a8   Code   RO         9011    i.OS_TaskInitTCB    os_task.o
    0x0800a0bc   0x0800a0bc   0x00000018   Code   RO         9012    i.OS_TaskReturn     os_task.o
    0x0800a0d4   0x0800a0d4   0x00000060   Code   RO         9129    i.OS_TickListInsert  os_tick.o
    0x0800a134   0x0800a134   0x0000008c   Code   RO         9130    i.OS_TickListInsertDly  os_tick.o
    0x0800a1c0   0x0800a1c0   0x00000040   Code   RO         9131    i.OS_TickListRemove  os_tick.o
    0x0800a200   0x0800a200   0x0000008c   Code   RO         9132    i.OS_TickListUpdateDly  os_tick.o
    0x0800a28c   0x0800a28c   0x000000ac   Code   RO         9133    i.OS_TickListUpdateTimeout  os_tick.o
    0x0800a338   0x0800a338   0x00000050   Code   RO         9134    i.OS_TickTask       os_tick.o
    0x0800a388   0x0800a388   0x000000b4   Code   RO         9135    i.OS_TickTaskInit   os_tick.o
    0x0800a43c   0x0800a43c   0x000000f0   Code   RO         9214    i.OS_TmrInit        os_tmr.o
    0x0800a52c   0x0800a52c   0x0000009c   Code   RO         9215    i.OS_TmrTask        os_tmr.o
    0x0800a5c8   0x0800a5c8   0x00000038   Code   RO         9216    i.OS_TmrUnlink      os_tmr.o
    0x0800a600   0x0800a600   0x00000046   Code   RO         6538    i.OpenSSR           arith.o
    0x0800a646   0x0800a646   0x00000002   PAD
    0x0800a648   0x0800a648   0x00000120   Code   RO         2666    i.RCCEx_PLL2_Config  stm32h7xx_hal_rcc_ex.o
    0x0800a768   0x0800a768   0x00000120   Code   RO         2667    i.RCCEx_PLL3_Config  stm32h7xx_hal_rcc_ex.o
    0x0800a888   0x0800a888   0x00000012   Code   RO         2931    i.RTC_Bcd2ToByte    stm32h7xx_hal_rtc.o
    0x0800a89a   0x0800a89a   0x00000018   Code   RO         2932    i.RTC_ByteToBcd2    stm32h7xx_hal_rtc.o
    0x0800a8b2   0x0800a8b2   0x00000002   PAD
    0x0800a8b4   0x0800a8b4   0x00000046   Code   RO         2933    i.RTC_EnterInitMode  stm32h7xx_hal_rtc.o
    0x0800a8fa   0x0800a8fa   0x00000002   PAD
    0x0800a8fc   0x0800a8fc   0x00000054   Code   RO         2934    i.RTC_ExitInitMode  stm32h7xx_hal_rtc.o
    0x0800a950   0x0800a950   0x000000f8   Code   RO         7124    i.ReStart           gameflow.o
    0x0800aa48   0x0800aa48   0x00000018   Code   RO         7049    i.ReadChildcmd      childcmd.o
    0x0800aa60   0x0800aa60   0x00000034   Code   RO         6258    i.ReadKey           key_read.o
    0x0800aa94   0x0800aa94   0x0000001c   Code   RO         6969    i.ReadRxBuf         masterdriver.o
    0x0800aab0   0x0800aab0   0x00000020   Code   RO         6970    i.ReadRxNum         masterdriver.o
    0x0800aad0   0x0800aad0   0x00000054   Code   RO         7866    i.ReadSysTime       rtc.o
    0x0800ab24   0x0800ab24   0x00000060   Code   RO         9439    i.Read_spi          spi_drive.o
    0x0800ab84   0x0800ab84   0x00000046   Code   RO         7240    i.ReturnBet         gameoption.o
    0x0800abca   0x0800abca   0x00000082   Code   RO         6971    i.RevMaster         masterdriver.o
    0x0800ac4c   0x0800ac4c   0x000000bc   Code   RO         3327    i.SPI_CloseTransfer  stm32h7xx_hal_spi.o
    0x0800ad08   0x0800ad08   0x00000046   Code   RO         3344    i.SPI_WaitOnFlagUntilTimeout  stm32h7xx_hal_spi.o
    0x0800ad4e   0x0800ad4e   0x00000002   Code   RO         5526    i.SVC_Handler       stm32h7xx_it.o
    0x0800ad50   0x0800ad50   0x0000000c   Code   RO         6539    i.Scene             arith.o
    0x0800ad5c   0x0800ad5c   0x00000032   Code   RO         7050    i.SendChild         childcmd.o
    0x0800ad8e   0x0800ad8e   0x00000030   Code   RO         7051    i.SetChildcmd       childcmd.o
    0x0800adbe   0x0800adbe   0x00000002   PAD
    0x0800adc0   0x0800adc0   0x0000000c   Code   RO         6540    i.SetGameTime       arith.o
    0x0800adcc   0x0800adcc   0x00000030   Code   RO         6972    i.SetMastercmd      masterdriver.o
    0x0800adfc   0x0800adfc   0x00000068   Code   RO         6541    i.SetTuiBiNum       arith.o
    0x0800ae64   0x0800ae64   0x000000f0   Code   RO         7125    i.Start             gameflow.o
    0x0800af54   0x0800af54   0x0000004c   Code   RO         7126    i.StartRun          gameflow.o
    0x0800afa0   0x0800afa0   0x00000088   Code   RO           14    i.SystemInit        system_stm32h7xx.o
    0x0800b028   0x0800b028   0x00000018   Code   RO         7750    i.TIM2_IRQHandler   tim.o
    0x0800b040   0x0800b040   0x000000cc   Code   RO         3855    i.TIM_Base_SetConfig  stm32h7xx_hal_tim.o
    0x0800b10c   0x0800b10c   0x00000012   Code   RO         3866    i.TIM_ETR_SetConfig  stm32h7xx_hal_tim.o
    0x0800b11e   0x0800b11e   0x00000002   PAD
    0x0800b120   0x0800b120   0x00000014   Code   RO         3867    i.TIM_ITRx_SetConfig  stm32h7xx_hal_tim.o
    0x0800b134   0x0800b134   0x00000022   Code   RO         3875    i.TIM_TI1_ConfigInputStage  stm32h7xx_hal_tim.o
    0x0800b156   0x0800b156   0x00000024   Code   RO         3877    i.TIM_TI2_ConfigInputStage  stm32h7xx_hal_tim.o
    0x0800b17a   0x0800b17a   0x00000002   PAD
    0x0800b17c   0x0800b17c   0x00000018   Code   RO         5527    i.UART4_IRQHandler  stm32h7xx_it.o
    0x0800b194   0x0800b194   0x00000018   Code   RO         5528    i.UART5_IRQHandler  stm32h7xx_it.o
    0x0800b1ac   0x0800b1ac   0x00000044   Code   RO         5231    i.UARTEx_SetNbDataToProcess  stm32h7xx_hal_uart_ex.o
    0x0800b1f0   0x0800b1f0   0x000000c8   Code   RO         4814    i.UART_AdvFeatureConfig  stm32h7xx_hal_uart.o
    0x0800b2b8   0x0800b2b8   0x000000aa   Code   RO         4815    i.UART_CheckIdleState  stm32h7xx_hal_uart.o
    0x0800b362   0x0800b362   0x0000000e   Code   RO         4816    i.UART_DMAAbortOnError  stm32h7xx_hal_uart.o
    0x0800b370   0x0800b370   0x00000054   Code   RO         4826    i.UART_EndRxTransfer  stm32h7xx_hal_uart.o
    0x0800b3c4   0x0800b3c4   0x0000007c   Code   RO         4828    i.UART_InitCallbacksToDefault  stm32h7xx_hal_uart.o
    0x0800b440   0x0800b440   0x000000d0   Code   RO         4829    i.UART_RxISR_16BIT  stm32h7xx_hal_uart.o
    0x0800b510   0x0800b510   0x000001a4   Code   RO         4830    i.UART_RxISR_16BIT_FIFOEN  stm32h7xx_hal_uart.o
    0x0800b6b4   0x0800b6b4   0x000000d0   Code   RO         4831    i.UART_RxISR_8BIT   stm32h7xx_hal_uart.o
    0x0800b784   0x0800b784   0x000001a4   Code   RO         4832    i.UART_RxISR_8BIT_FIFOEN  stm32h7xx_hal_uart.o
    0x0800b928   0x0800b928   0x000003ac   Code   RO         4833    i.UART_SetConfig    stm32h7xx_hal_uart.o
    0x0800bcd4   0x0800bcd4   0x00000110   Code   RO         4835    i.UART_Start_Receive_IT  stm32h7xx_hal_uart.o
    0x0800bde4   0x0800bde4   0x00000052   Code   RO         4836    i.UART_TxISR_16BIT  stm32h7xx_hal_uart.o
    0x0800be36   0x0800be36   0x00000002   PAD
    0x0800be38   0x0800be38   0x0000006a   Code   RO         4837    i.UART_TxISR_16BIT_FIFOEN  stm32h7xx_hal_uart.o
    0x0800bea2   0x0800bea2   0x0000004e   Code   RO         4838    i.UART_TxISR_8BIT   stm32h7xx_hal_uart.o
    0x0800bef0   0x0800bef0   0x00000066   Code   RO         4839    i.UART_TxISR_8BIT_FIFOEN  stm32h7xx_hal_uart.o
    0x0800bf56   0x0800bf56   0x00000094   Code   RO         4840    i.UART_WaitOnFlagUntilTimeout  stm32h7xx_hal_uart.o
    0x0800bfea   0x0800bfea   0x00000002   PAD
    0x0800bfec   0x0800bfec   0x00000018   Code   RO         5529    i.USART1_IRQHandler  stm32h7xx_it.o
    0x0800c004   0x0800c004   0x00000018   Code   RO         5530    i.USART2_IRQHandler  stm32h7xx_it.o
    0x0800c01c   0x0800c01c   0x00000018   Code   RO         5531    i.USART3_IRQHandler  stm32h7xx_it.o
    0x0800c034   0x0800c034   0x00000018   Code   RO         5532    i.USART6_IRQHandler  stm32h7xx_it.o
    0x0800c04c   0x0800c04c   0x000000d8   Code   RO         6973    i.USART_SendDataString  masterdriver.o
    0x0800c124   0x0800c124   0x00000002   Code   RO         5533    i.UsageFault_Handler  stm32h7xx_it.o
    0x0800c126   0x0800c126   0x00000002   PAD
    0x0800c128   0x0800c128   0x000000b4   Code   RO         7127    i.WaitBET           gameflow.o
    0x0800c1dc   0x0800c1dc   0x00000464   Code   RO         7128    i.WinProc           gameflow.o
    0x0800c640   0x0800c640   0x00000034   Code   RO         6542    i.WriteChildAccu    arith.o
    0x0800c674   0x0800c674   0x0000004c   Code   RO         7867    i.WriteSysTime      rtc.o
    0x0800c6c0   0x0800c6c0   0x00000060   Code   RO         9441    i.Write_spi         spi_drive.o
    0x0800c720   0x0800c720   0x00000028   Code   RO         9724    i.__0sprintf        mc_w.l(printfa.o)
    0x0800c748   0x0800c748   0x00000024   Code   RO         9728    i.__0vsprintf       mc_w.l(printfa.o)
    0x0800c76c   0x0800c76c   0x00000022   Code   RO          547    i.__NVIC_SetPriority  stm32h7xx_hal_cortex.o
    0x0800c78e   0x0800c78e   0x0000000e   Code   RO         9811    i.__scatterload_copy  mc_w.l(handlers.o)
    0x0800c79c   0x0800c79c   0x00000002   Code   RO         9812    i.__scatterload_null  mc_w.l(handlers.o)
    0x0800c79e   0x0800c79e   0x0000000e   Code   RO         9813    i.__scatterload_zeroinit  mc_w.l(handlers.o)
    0x0800c7ac   0x0800c7ac   0x00000184   Code   RO         9729    i._fp_digits        mc_w.l(printfa.o)
    0x0800c930   0x0800c930   0x000006b4   Code   RO         9730    i._printf_core      mc_w.l(printfa.o)
    0x0800cfe4   0x0800cfe4   0x00000024   Code   RO         9731    i._printf_post_padding  mc_w.l(printfa.o)
    0x0800d008   0x0800d008   0x0000002e   Code   RO         9732    i._printf_pre_padding  mc_w.l(printfa.o)
    0x0800d036   0x0800d036   0x0000000a   Code   RO         9734    i._sputc            mc_w.l(printfa.o)
    0x0800d040   0x0800d040   0x000000c0   Code   RO         5773    i.main              main.o
    0x0800d100   0x0800d100   0x00000018   Code   RO         7818    i.read_random       rng.o
    0x0800d118   0x0800d118   0x0000003a   Code   RO         6787    i.strtodex          gameset.o
    0x0800d152   0x0800d152   0x00000002   PAD
    0x0800d154   0x0800d154   0x00000030   Code   RO         7624    i.uartprintf        usart.o
    0x0800d184   0x0800d184   0x00000010   Data   RO           15    .constdata          system_stm32h7xx.o
    0x0800d194   0x0800d194   0x00000018   Data   RO         4841    .constdata          stm32h7xx_hal_uart.o
    0x0800d1ac   0x0800d1ac   0x00000010   Data   RO         5232    .constdata          stm32h7xx_hal_uart_ex.o
    0x0800d1bc   0x0800d1bc   0x000000b8   Data   RO         6260    .constdata          key_read.o
    0x0800d274   0x0800d274   0x00000050   Data   RO         6367    .constdata          dipsw.o
    0x0800d2c4   0x0800d2c4   0x00000009   Data   RO         6789    .constdata          gameset.o
    0x0800d2cd   0x0800d2cd   0x00000003   PAD
    0x0800d2d0   0x0800d2d0   0x00000004   Data   RO         8597    .constdata          os_cfg_app.o
    0x0800d2d4   0x0800d2d4   0x00000004   Data   RO         8598    .constdata          os_cfg_app.o
    0x0800d2d8   0x0800d2d8   0x00000004   Data   RO         8599    .constdata          os_cfg_app.o
    0x0800d2dc   0x0800d2dc   0x00000004   Data   RO         8601    .constdata          os_cfg_app.o
    0x0800d2e0   0x0800d2e0   0x00000004   Data   RO         8602    .constdata          os_cfg_app.o
    0x0800d2e4   0x0800d2e4   0x00000002   Data   RO         8604    .constdata          os_cfg_app.o
    0x0800d2e6   0x0800d2e6   0x00000002   PAD
    0x0800d2e8   0x0800d2e8   0x00000004   Data   RO         8606    .constdata          os_cfg_app.o
    0x0800d2ec   0x0800d2ec   0x00000004   Data   RO         8613    .constdata          os_cfg_app.o
    0x0800d2f0   0x0800d2f0   0x00000004   Data   RO         8614    .constdata          os_cfg_app.o
    0x0800d2f4   0x0800d2f4   0x00000001   Data   RO         8615    .constdata          os_cfg_app.o
    0x0800d2f5   0x0800d2f5   0x00000003   PAD
    0x0800d2f8   0x0800d2f8   0x00000004   Data   RO         8616    .constdata          os_cfg_app.o
    0x0800d2fc   0x0800d2fc   0x00000004   Data   RO         8617    .constdata          os_cfg_app.o
    0x0800d300   0x0800d300   0x00000004   Data   RO         8618    .constdata          os_cfg_app.o
    0x0800d304   0x0800d304   0x00000001   Data   RO         8620    .constdata          os_cfg_app.o
    0x0800d305   0x0800d305   0x00000003   PAD
    0x0800d308   0x0800d308   0x00000004   Data   RO         8621    .constdata          os_cfg_app.o
    0x0800d30c   0x0800d30c   0x00000004   Data   RO         8622    .constdata          os_cfg_app.o
    0x0800d310   0x0800d310   0x00000004   Data   RO         8623    .constdata          os_cfg_app.o
    0x0800d314   0x0800d314   0x00000004   Data   RO         8624    .constdata          os_cfg_app.o
    0x0800d318   0x0800d318   0x00000040   Data   RO         9807    .constdata          mc_w.l(ctype_c.o)
    0x0800d358   0x0800d358   0x00000027   Data   RO         6790    .conststring        gameset.o
    0x0800d37f   0x0800d37f   0x00000001   PAD
    0x0800d380   0x0800d380   0x00000030   Data   RO         9809    Region$$Table       anon$$obj.o


    Execution Region RW_IRAM1 (Exec base: 0x20000000, Load base: 0x0800d3b0, Size: 0x00000000, Max: 0x00020000, ABSOLUTE)

    **** No section assigned to this execution region ****


    Execution Region RW_IRAM2 (Exec base: 0x24040000, Load base: 0x0800d3b0, Size: 0x00009ed8, Max: 0x00040000, ABSOLUTE, COMPRESSED[0x00000034])

    Exec Addr    Load Addr    Size         Type   Attr      Idx    E Section Name        Object

    0x24040000   COMPRESSED   0x00000004   Data   RW           16    .data               system_stm32h7xx.o
    0x24040004   COMPRESSED   0x00000004   Data   RW           17    .data               system_stm32h7xx.o
    0x24040008   COMPRESSED   0x0000000c   Data   RW          222    .data               stm32h7xx_hal.o
    0x24040014   COMPRESSED   0x00000001   Data   RW         5922    .data               var.o
    0x24040015   COMPRESSED   0x00000001   Data   RW         5936    .data               var.o
    0x24040016   COMPRESSED   0x00000002   PAD
    0x24040018   COMPRESSED   0x00000004   Data   RW         5939    .data               var.o
    0x2404001c   COMPRESSED   0x00000004   Data   RW         5940    .data               var.o
    0x24040020   COMPRESSED   0x00000004   Data   RW         5941    .data               var.o
    0x24040024   COMPRESSED   0x00000004   PAD
    0x24040028   COMPRESSED   0x00000008   Data   RW         5942    .data               var.o
    0x24040030   COMPRESSED   0x00000008   Data   RW         5943    .data               var.o
    0x24040038   COMPRESSED   0x00000004   Data   RW         5944    .data               var.o
    0x2404003c   COMPRESSED   0x00000004   Data   RW         5945    .data               var.o
    0x24040040   COMPRESSED   0x00000004   Data   RW         5946    .data               var.o
    0x24040044   COMPRESSED   0x00000004   Data   RW         5947    .data               var.o
    0x24040048   COMPRESSED   0x00000004   Data   RW         5948    .data               var.o
    0x2404004c   COMPRESSED   0x00000004   Data   RW         5949    .data               var.o
    0x24040050   COMPRESSED   0x00000004   Data   RW         5950    .data               var.o
    0x24040054   COMPRESSED   0x00000001   Data   RW         5951    .data               var.o
    0x24040055   COMPRESSED   0x00000001   Data   RW         5952    .data               var.o
    0x24040056   COMPRESSED   0x00000001   Data   RW         5954    .data               var.o
    0x24040057   COMPRESSED   0x00000008   Data   RW         5955    .data               var.o
    0x2404005f   COMPRESSED   0x00000008   Data   RW         5956    .data               var.o
    0x24040067   COMPRESSED   0x00000001   Data   RW         5957    .data               var.o
    0x24040068   COMPRESSED   0x00000002   Data   RW         5958    .data               var.o
    0x2404006a   COMPRESSED   0x00000002   Data   RW         5959    .data               var.o
    0x2404006c   COMPRESSED   0x00000002   Data   RW         5961    .data               var.o
    0x2404006e   COMPRESSED   0x00000002   Data   RW         5962    .data               var.o
    0x24040070   COMPRESSED   0x00000004   Data   RW         5963    .data               var.o
    0x24040074   COMPRESSED   0x00000001   Data   RW         5964    .data               var.o
    0x24040075   COMPRESSED   0x00000001   Data   RW         5965    .data               var.o
    0x24040076   COMPRESSED   0x00000002   Data   RW         5967    .data               var.o
    0x24040078   COMPRESSED   0x00000002   Data   RW         5968    .data               var.o
    0x2404007a   COMPRESSED   0x00000002   Data   RW         5969    .data               var.o
    0x2404007c   COMPRESSED   0x00000002   Data   RW         5970    .data               var.o
    0x2404007e   COMPRESSED   0x00000002   Data   RW         5971    .data               var.o
    0x24040080   COMPRESSED   0x00000001   Data   RW         5972    .data               var.o
    0x24040081   COMPRESSED   0x00000003   PAD
    0x24040084   COMPRESSED   0x00000004   Data   RW         5974    .data               var.o
    0x24040088   COMPRESSED   0x0000003c   Data   RW         6261    .data               key_read.o
    0x240400c4   COMPRESSED   0x00000026   Data   RW         6791    .data               gameset.o
    0x240400ea   COMPRESSED   0x00000002   PAD
    0x240400ec   COMPRESSED   0x00000004   Data   RW         6974    .data               masterdriver.o
    0x240400f0   COMPRESSED   0x00000004   Data   RW         6975    .data               masterdriver.o
    0x240400f4   COMPRESSED   0x00000004   Data   RW         7052    .data               childcmd.o
    0x240400f8   COMPRESSED   0x00000008   Data   RW         7129    .data               gameflow.o
    0x24040100   COMPRESSED   0x00000008   Data   RW         7516    .data               fmc.o
    0x24040108   COMPRESSED   0x00000004   Data   RW         7965    .data               cpu_core.o
    0x2404010c   COMPRESSED   0x00000004   Data   RW         8290    .data               lib_mem.o
    0x24040110   COMPRESSED   0x00000004   Data   RW         8940    .data               os_prio.o
    0x24040114   COMPRESSED   0x00000004   Data   RW         9288    .data               os_var.o
    0x24040118   COMPRESSED   0x00000001   Data   RW         9289    .data               os_var.o
    0x24040119   COMPRESSED   0x00000001   Data   RW         9290    .data               os_var.o
    0x2404011a   COMPRESSED   0x00000001   Data   RW         9291    .data               os_var.o
    0x2404011b   COMPRESSED   0x00000001   PAD
    0x2404011c   COMPRESSED   0x00000004   Data   RW         9292    .data               os_var.o
    0x24040120   COMPRESSED   0x00000002   Data   RW         9293    .data               os_var.o
    0x24040122   COMPRESSED   0x00000001   Data   RW         9294    .data               os_var.o
    0x24040123   COMPRESSED   0x00000001   Data   RW         9295    .data               os_var.o
    0x24040124   COMPRESSED   0x00000001   Data   RW         9296    .data               os_var.o
    0x24040125   COMPRESSED   0x00000003   PAD
    0x24040128   COMPRESSED   0x00000004   Data   RW         9297    .data               os_var.o
    0x2404012c   COMPRESSED   0x00000004   Data   RW         9298    .data               os_var.o
    0x24040130   COMPRESSED   0x00000002   Data   RW         9299    .data               os_var.o
    0x24040132   COMPRESSED   0x00000001   Data   RW         9300    .data               os_var.o
    0x24040133   COMPRESSED   0x00000001   PAD
    0x24040134   COMPRESSED   0x00000004   Data   RW         9301    .data               os_var.o
    0x24040138   COMPRESSED   0x00000004   Data   RW         9302    .data               os_var.o
    0x2404013c   COMPRESSED   0x00000008   Data   RW         9303    .data               os_var.o
    0x24040144   COMPRESSED   0x00000008   Data   RW         9304    .data               os_var.o
    0x2404014c   COMPRESSED   0x00000004   Data   RW         9305    .data               os_var.o
    0x24040150   COMPRESSED   0x00000002   Data   RW         9306    .data               os_var.o
    0x24040152   COMPRESSED   0x00000002   PAD
    0x24040154   COMPRESSED   0x00000004   Data   RW         9307    .data               os_var.o
    0x24040158   COMPRESSED   0x00000004   Data   RW         9309    .data               os_var.o
    0x2404015c   COMPRESSED   0x00000004   Data   RW         9310    .data               os_var.o
    0x24040160   COMPRESSED   0x00000004   Data   RW         9311    .data               os_var.o
    0x24040164   COMPRESSED   0x00000004   Data   RW         9312    .data               os_var.o
    0x24040168   COMPRESSED   0x00000004   Data   RW         9313    .data               os_var.o
    0x2404016c   COMPRESSED   0x00000004   Data   RW         9314    .data               os_var.o
    0x24040170   COMPRESSED   0x00000004   Data   RW         9345    .data               os_cpu_c.o
    0x24040174        -       0x0000721c   Zero   RW         5774    .bss                main.o
    0x24047390        -       0x00000049   Zero   RW         5909    .bss                var.o
    0x240473d9        -       0x00000049   Zero   RW         5910    .bss                var.o
    0x24047422        -       0x0000000a   Zero   RW         5911    .bss                var.o
    0x2404742c        -       0x0000000a   Zero   RW         5912    .bss                var.o
    0x24047436        -       0x0000000a   Zero   RW         5913    .bss                var.o
    0x24047440        -       0x0000000a   Zero   RW         5914    .bss                var.o
    0x2404744a        -       0x0000000a   Zero   RW         5915    .bss                var.o
    0x24047454        -       0x0000000a   Zero   RW         5916    .bss                var.o
    0x2404745e   COMPRESSED   0x00000002   PAD
    0x24047460        -       0x00000020   Zero   RW         5917    .bss                var.o
    0x24047480        -       0x000007d0   Zero   RW         5918    .bss                var.o
    0x24047c50        -       0x00000064   Zero   RW         5919    .bss                var.o
    0x24047cb4        -       0x00000064   Zero   RW         5920    .bss                var.o
    0x24047d18        -       0x00000420   Zero   RW         6259    .bss                key_read.o
    0x24048138        -       0x000006c8   Zero   RW         7625    .bss                usart.o
    0x24048800        -       0x00000088   Zero   RW         7704    .bss                spi.o
    0x24048888        -       0x0000004c   Zero   RW         7751    .bss                tim.o
    0x240488d4        -       0x00000014   Zero   RW         7819    .bss                rng.o
    0x240488e8        -       0x00000024   Zero   RW         7868    .bss                rtc.o
    0x2404890c        -       0x00000010   Zero   RW         7962    .bss                cpu_core.o
    0x2404891c        -       0x00000414   Zero   RW         8289    .bss                lib_mem.o
    0x24048d30        -       0x00000200   Zero   RW         8592    .bss                os_cfg_app.o
    0x24048f30        -       0x00000200   Zero   RW         8593    .bss                os_cfg_app.o
    0x24049130        -       0x00000200   Zero   RW         8594    .bss                os_cfg_app.o
    0x24049330        -       0x00000200   Zero   RW         8595    .bss                os_cfg_app.o
    0x24049530        -       0x00000200   Zero   RW         8596    .bss                os_cfg_app.o
    0x24049730        -       0x000000b4   Zero   RW         9283    .bss                os_var.o
    0x240497e4        -       0x0000000c   Zero   RW         9284    .bss                os_var.o
    0x240497f0        -       0x00000180   Zero   RW         9285    .bss                os_var.o
    0x24049970        -       0x000000b4   Zero   RW         9286    .bss                os_var.o
    0x24049a24        -       0x000000b4   Zero   RW         9287    .bss                os_var.o
    0x24049ad8        -       0x00000400   Zero   RW            1    STACK               startup_stm32h743xx.o


    Execution Region RW_BkSRAM (Exec base: 0x38800000, Load base: 0x0800d3e4, Size: 0x000005e0, Max: 0x00001000, ABSOLUTE, COMPRESSED[0x0000000c])

    Exec Addr    Load Addr    Size         Type   Attr      Idx    E Section Name        Object

    0x38800000   COMPRESSED   0x000005e0   Data   RW         5975    BKP_SRAM_SECTION    var.o


==============================================================================

Image component sizes


      Code (inc. data)   RO Data    RW Data    ZI Data      Debug   Object Name

      2914        106          0          0          0      27310   arith.o
       282         16          0          0          0       5153   bsp.o
        92         16          0          0          0       1010   bsp_led.o
      1090        150          0          4          0       8154   childcmd.o
        52          0          0          0          0        364   cpu_a.o
        88         22          0          0          0      10877   cpu_bsp.o
        70         16          0          4         16       4586   cpu_core.o
        72          0         80          0          0       8817   dipsw.o
       382         34          0          8          0       3118   fmc.o
      2392        298          0          8          0      14210   gameflow.o
       320         18          0          0          0       3469   gameoption.o
      7286       2478         48         38          0      16867   gameset.o
       124          6          0          0          0       1043   gpio.o
       474         46        184         60       1056       7463   key_read.o
       226         22          0          4       1044      15609   lib_mem.o
      1958        222          0          0      29212      40112   main.o
       748        132          0          0          0       5100   mastercmd.o
       738         76          0          8          0       7772   masterdriver.o
         2          0         64          0       2560      18776   os_cfg_app.o
      1706        304          0          0          0      31500   os_core.o
       264         14          0          0          0        452   os_cpu_a.o
       718        142          0          4          0      25883   os_cpu_c.o
         2          0          0          0          0        978   os_dbg.o
        24         10          0          0          0        941   os_mem.o
       170         18          0          0          0       2516   os_msg.o
        80         22          0          4          0       2994   os_prio.o
      1392        136          0          0          0       8921   os_task.o
       872         90          0          0          0       6579   os_tick.o
       252         42          0          0          0       2593   os_time.o
       452        110          0          0          0       2893   os_tmr.o
         0          0          0         85        936      16645   os_var.o
       140         24          0          0         20       2385   rng.o
       284         26          0          0         36       3192   rtc.o
       268         26          0          0        136       1977   spi.o
       192          8          0          0          0       2099   spi_drive.o
        36          8        664          0       1024       1012   startup_stm32h743xx.o
       106         22          0         12          0      21791   stm32h7xx_hal.o
       316         28          0          0          0      41456   stm32h7xx_hal_cortex.o
      1508         70          0          0          0       3959   stm32h7xx_hal_dma.o
       556         50          0          0          0       1652   stm32h7xx_hal_gpio.o
        56          6          0          0          0        762   stm32h7xx_hal_pwr_ex.o
      2466        102          0          0          0       7424   stm32h7xx_hal_rcc.o
      3736        118          0          0          0       8133   stm32h7xx_hal_rcc_ex.o
       256          0          0          0          0       2374   stm32h7xx_hal_rng.o
       940         38          0          0          0       8893   stm32h7xx_hal_rtc.o
      2030         26          0          0          0       7220   stm32h7xx_hal_spi.o
       108          6          0          0          0       1344   stm32h7xx_hal_sram.o
      1138         84          0          0          0      11089   stm32h7xx_hal_tim.o
       170         30          0          0          0       3376   stm32h7xx_hal_tim_ex.o
      5206        278         24          0          0      48955   stm32h7xx_hal_uart.o
       290          6         16          0          0       5806   stm32h7xx_hal_uart_ex.o
       158         24          0          0          0      26761   stm32h7xx_it.o
       308         14          0          0          0       4012   stm32h7xx_ll_fmc.o
       136         18         16          8          0    1353150   system_stm32h7xx.o
       626         26          0          0         76       5559   tim.o
      1372        110          0          0       1736       7404   usart.o
         0          0          0       1611       2438    1073882   var.o

    ----------------------------------------------------------------------
     47722       5694       1156       1876      40292    2958372   Object Totals
         0          0         48          0          0          0   (incl. Generated)
        78          0         12         18          2          0   (incl. Padding)

    ----------------------------------------------------------------------

      Code (inc. data)   RO Data    RW Data    ZI Data      Debug   Library Member Name

        56          8          0          0          0         84   __0sscanf.o
        86          0          0          0          0          0   __dczerorl2.o
        28          0          0          0          0         68   _chval.o
       816          6          0          0          0        112   _scanf.o
       332          0          0          0          0         96   _scanf_int.o
        64          0          0          0          0         84   _sgetc.o
        40          6         64          0          0         68   ctype_c.o
         0          0          0          0          0          0   entry.o
         0          0          0          0          0          0   entry10a.o
         0          0          0          0          0          0   entry11a.o
         4          0          0          0          0          0   entry12b.o
         8          4          0          0          0          0   entry2.o
         4          0          0          0          0          0   entry5.o
         0          0          0          0          0          0   entry7b.o
         0          0          0          0          0          0   entry8b.o
         8          4          0          0          0          0   entry9a.o
        30          0          0          0          0          0   handlers.o
        36          8          0          0          0         68   init.o
        10          0          0          0          0         68   isspace_c.o
         0          0          0          0          0          0   iusefp.o
        30          0          0          0          0         68   llshl.o
        36          0          0          0          0         68   llsshr.o
        32          0          0          0          0         68   llushr.o
        36          0          0          0          0         68   memcpya.o
        36          0          0          0          0        108   memseta.o
      2272         92          0          0          0        612   printfa.o
        40          8          0          0          0         84   scanf_char.o
        18          0          0          0          0         68   strcpy.o
        14          0          0          0          0         68   strlen.o
        44          0          0          0          0         80   uidiv.o
        98          0          0          0          0         92   uldiv.o
        48          0          0          0          0         68   cdrcmple.o
       334          0          0          0          0        148   dadd.o
       222          0          0          0          0        100   ddiv.o
       186          0          0          0          0        176   depilogue.o
        48          0          0          0          0         68   dfixul.o
       228          0          0          0          0         96   dmul.o

    ----------------------------------------------------------------------
      5250        136         64          0          0       2688   Library Totals
         6          0          0          0          0          0   (incl. Padding)

    ----------------------------------------------------------------------

      Code (inc. data)   RO Data    RW Data    ZI Data      Debug   Library Name

      4178        136         64          0          0       2032   mc_w.l
      1066          0          0          0          0        656   mf_w.l

    ----------------------------------------------------------------------
      5250        136         64          0          0       2688   Library Totals

    ----------------------------------------------------------------------

==============================================================================


      Code (inc. data)   RO Data    RW Data    ZI Data      Debug   

     52972       5830       1220       1876      40292    2927288   Grand Totals
     52972       5830       1220         64      40292    2927288   ELF Image Totals (compressed)
     52972       5830       1220         64          0          0   ROM Totals

==============================================================================

    Total RO  Size (Code + RO Data)                54192 (  52.92kB)
    Total RW  Size (RW Data + ZI Data)             42168 (  41.18kB)
    Total ROM Size (Code + RO Data + RW Data)      54256 (  52.98kB)

==============================================================================

