Component: ARM Compiler 5.06 update 7 (build 960) Tool: armlink [4d3601]

==============================================================================

Section Cross References

    startup_stm32h743xx.o(RESET) refers to startup_stm32h743xx.o(STACK) for __initial_sp
    startup_stm32h743xx.o(RESET) refers to startup_stm32h743xx.o(.text) for Reset_Handler
    startup_stm32h743xx.o(RESET) refers to stm32h7xx_it.o(i.NMI_Handler) for NMI_Handler
    startup_stm32h743xx.o(RESET) refers to stm32h7xx_it.o(i.HardFault_Handler) for HardFault_Handler
    startup_stm32h743xx.o(RESET) refers to stm32h7xx_it.o(i.MemManage_Handler) for MemManage_Handler
    startup_stm32h743xx.o(RESET) refers to stm32h7xx_it.o(i.BusFault_Handler) for BusFault_Handler
    startup_stm32h743xx.o(RESET) refers to stm32h7xx_it.o(i.UsageFault_Handler) for UsageFault_Handler
    startup_stm32h743xx.o(RESET) refers to stm32h7xx_it.o(i.SVC_Handler) for SVC_Handler
    startup_stm32h743xx.o(RESET) refers to stm32h7xx_it.o(i.DebugMon_Handler) for DebugMon_Handler
    startup_stm32h743xx.o(RESET) refers to os_cpu_a.o(CODE) for OS_CPU_PendSVHandler
    startup_stm32h743xx.o(RESET) refers to os_cpu_c.o(i.OS_CPU_SysTickHandler) for OS_CPU_SysTickHandler
    startup_stm32h743xx.o(RESET) refers to tim.o(i.TIM2_IRQHandler) for TIM2_IRQHandler
    startup_stm32h743xx.o(RESET) refers to stm32h7xx_it.o(i.USART1_IRQHandler) for USART1_IRQHandler
    startup_stm32h743xx.o(RESET) refers to stm32h7xx_it.o(i.USART2_IRQHandler) for USART2_IRQHandler
    startup_stm32h743xx.o(RESET) refers to stm32h7xx_it.o(i.USART3_IRQHandler) for USART3_IRQHandler
    startup_stm32h743xx.o(RESET) refers to stm32h7xx_it.o(i.UART4_IRQHandler) for UART4_IRQHandler
    startup_stm32h743xx.o(RESET) refers to stm32h7xx_it.o(i.UART5_IRQHandler) for UART5_IRQHandler
    startup_stm32h743xx.o(RESET) refers to stm32h7xx_it.o(i.USART6_IRQHandler) for USART6_IRQHandler
    startup_stm32h743xx.o(.text) refers to system_stm32h7xx.o(i.SystemInit) for SystemInit
    startup_stm32h743xx.o(.text) refers to entry.o(.ARM.Collect$$$$00000000) for __main
    system_stm32h7xx.o(i.SystemCoreClockUpdate) refers to system_stm32h7xx.o(.data) for .data
    system_stm32h7xx.o(i.SystemCoreClockUpdate) refers to system_stm32h7xx.o(.constdata) for .constdata
    stm32h7xx_hal.o(i.HAL_DeInit) refers to stm32h7xx_hal.o(i.HAL_MspDeInit) for HAL_MspDeInit
    stm32h7xx_hal.o(i.HAL_Delay) refers to bsp.o(i.HAL_GetTick) for HAL_GetTick
    stm32h7xx_hal.o(i.HAL_Delay) refers to stm32h7xx_hal.o(.data) for .data
    stm32h7xx_hal.o(i.HAL_GetTick) refers to stm32h7xx_hal.o(.data) for .data
    stm32h7xx_hal.o(i.HAL_GetTickFreq) refers to stm32h7xx_hal.o(.data) for .data
    stm32h7xx_hal.o(i.HAL_GetTickPrio) refers to stm32h7xx_hal.o(.data) for .data
    stm32h7xx_hal.o(i.HAL_IncTick) refers to stm32h7xx_hal.o(.data) for .data
    stm32h7xx_hal.o(i.HAL_Init) refers to stm32h7xx_hal_cortex.o(i.HAL_NVIC_SetPriorityGrouping) for HAL_NVIC_SetPriorityGrouping
    stm32h7xx_hal.o(i.HAL_Init) refers to stm32h7xx_hal_rcc.o(i.HAL_RCC_GetSysClockFreq) for HAL_RCC_GetSysClockFreq
    stm32h7xx_hal.o(i.HAL_Init) refers to bsp.o(i.HAL_InitTick) for HAL_InitTick
    stm32h7xx_hal.o(i.HAL_Init) refers to stm32h7xx_hal.o(i.HAL_MspInit) for HAL_MspInit
    stm32h7xx_hal.o(i.HAL_Init) refers to system_stm32h7xx.o(.constdata) for D1CorePrescTable
    stm32h7xx_hal.o(i.HAL_Init) refers to system_stm32h7xx.o(.data) for SystemD2Clock
    stm32h7xx_hal.o(i.HAL_Init) refers to system_stm32h7xx.o(.data) for SystemCoreClock
    stm32h7xx_hal.o(i.HAL_InitTick) refers to stm32h7xx_hal_cortex.o(i.HAL_SYSTICK_Config) for HAL_SYSTICK_Config
    stm32h7xx_hal.o(i.HAL_InitTick) refers to stm32h7xx_hal_cortex.o(i.HAL_NVIC_SetPriority) for HAL_NVIC_SetPriority
    stm32h7xx_hal.o(i.HAL_InitTick) refers to stm32h7xx_hal.o(.data) for .data
    stm32h7xx_hal.o(i.HAL_InitTick) refers to system_stm32h7xx.o(.data) for SystemCoreClock
    stm32h7xx_hal.o(i.HAL_SYSCFG_EnableVREFBUF) refers to bsp.o(i.HAL_GetTick) for HAL_GetTick
    stm32h7xx_hal.o(i.HAL_SetTickFreq) refers to bsp.o(i.HAL_InitTick) for HAL_InitTick
    stm32h7xx_hal.o(i.HAL_SetTickFreq) refers to stm32h7xx_hal.o(.data) for .data
    stm32h7xx_hal_cortex.o(i.HAL_NVIC_SetPriority) refers to stm32h7xx_hal_cortex.o(i.__NVIC_SetPriority) for __NVIC_SetPriority
    stm32h7xx_hal_cortex.o(i.HAL_SYSTICK_Config) refers to stm32h7xx_hal_cortex.o(i.__NVIC_SetPriority) for __NVIC_SetPriority
    stm32h7xx_hal_cortex.o(i.HAL_SYSTICK_IRQHandler) refers to stm32h7xx_hal_cortex.o(i.HAL_SYSTICK_Callback) for HAL_SYSTICK_Callback
    stm32h7xx_hal_dma.o(i.DMA_CalcBaseAndBitshift) refers to stm32h7xx_hal_dma.o(.constdata) for .constdata
    stm32h7xx_hal_dma.o(i.HAL_DMA_Abort) refers to bsp.o(i.HAL_GetTick) for HAL_GetTick
    stm32h7xx_hal_dma.o(i.HAL_DMA_DeInit) refers to stm32h7xx_hal_dma.o(i.DMA_CalcBaseAndBitshift) for DMA_CalcBaseAndBitshift
[...]
    OSTaskDel                                0x080099a9   Thumb Code   210  os_task.o(i.OSTaskDel)
    OSTaskDelHook                            0x08009a91   Thumb Code     2  os_cpu_c.o(i.OSTaskDelHook)
    OSTaskReturnHook                         0x08009a93   Thumb Code     2  os_cpu_c.o(i.OSTaskReturnHook)
    OSTaskSemPend                            0x08009a95   Thumb Code   292  os_task.o(i.OSTaskSemPend)
    OSTaskSemPost                            0x08009bc9   Thumb Code   184  os_task.o(i.OSTaskSemPost)
    OSTaskStkInit                            0x08009c89   Thumb Code   396  os_cpu_c.o(i.OSTaskStkInit)
    OSTaskSwHook                             0x08009e81   Thumb Code    56  os_cpu_c.o(i.OSTaskSwHook)
    OSTimeDly                                0x08009ec1   Thumb Code   134  os_time.o(i.OSTimeDly)
    OSTimeGet                                0x08009f59   Thumb Code    24  os_time.o(i.OSTimeGet)
    OSTimeTick                               0x08009f75   Thumb Code    52  os_time.o(i.OSTimeTick)
    OSTimeTickHook                           0x08009fbd   Thumb Code     2  os_cpu_c.o(i.OSTimeTickHook)
    OS_CPU_SysTickHandler                    0x08009fbf   Thumb Code    30  os_cpu_c.o(i.OS_CPU_SysTickHandler)
    OS_CPU_SysTickInit                       0x08009fdd   Thumb Code    36  os_cpu_c.o(i.OS_CPU_SysTickInit)
    OS_CPU_SysTickInitFreq                   0x0800a005   Thumb Code    12  os_cpu_c.o(i.OS_CPU_SysTickInitFreq)
    OS_Dbg_Init                              0x0800a015   Thumb Code     2  os_dbg.o(i.OS_Dbg_Init)
    OS_IdleTask                              0x0800a019   Thumb Code    20  os_core.o(i.OS_IdleTask)
    OS_IdleTaskInit                          0x0800a031   Thumb Code    60  os_core.o(i.OS_IdleTaskInit)
    OS_MemInit                               0x0800a099   Thumb Code    14  os_mem.o(i.OS_MemInit)
    OS_MsgPoolInit                           0x0800a0b1   Thumb Code    90  os_msg.o(i.OS_MsgPoolInit)
    OS_MsgQFreeAll                           0x0800a119   Thumb Code    48  os_msg.o(i.OS_MsgQFreeAll)
    OS_MsgQInit                              0x0800a14d   Thumb Code    14  os_msg.o(i.OS_MsgQInit)
    OS_Pend                                  0x0800a15d   Thumb Code    56  os_core.o(i.OS_Pend)
    OS_PendDbgNameAdd                        0x0800a199   Thumb Code    44  os_core.o(i.OS_PendDbgNameAdd)
    OS_PendDbgNameRemove                     0x0800a1dd   Thumb Code    24  os_core.o(i.OS_PendDbgNameRemove)
    OS_PendListInsertPrio                    0x0800a1f9   Thumb Code    88  os_core.o(i.OS_PendListInsertPrio)
    OS_PendListRemove                        0x0800a251   Thumb Code    64  os_core.o(i.OS_PendListRemove)
    OS_Post                                  0x0800a291   Thumb Code   138  os_core.o(i.OS_Post)
    OS_PrioGetHighest                        0x0800a31d   Thumb Code    14  os_prio.o(i.OS_PrioGetHighest)
    OS_PrioInit                              0x0800a331   Thumb Code     8  os_prio.o(i.OS_PrioInit)
    OS_PrioInsert                            0x0800a33d   Thumb Code    18  os_prio.o(i.OS_PrioInsert)
    OS_PrioRemove                            0x0800a355   Thumb Code    18  os_prio.o(i.OS_PrioRemove)
    OS_RdyListInit                           0x0800a36d   Thumb Code    30  os_core.o(i.OS_RdyListInit)
    OS_RdyListInsert                         0x0800a391   Thumb Code    42  os_core.o(i.OS_RdyListInsert)
    OS_RdyListInsertHead                     0x0800a3c1   Thumb Code    54  os_core.o(i.OS_RdyListInsertHead)
    OS_RdyListInsertTail                     0x0800a3fd   Thumb Code    50  os_core.o(i.OS_RdyListInsertTail)
    OS_RdyListRemove                         0x0800a435   Thumb Code    80  os_core.o(i.OS_RdyListRemove)
    OS_TaskBlock                             0x0800a489   Thumb Code    36  os_core.o(i.OS_TaskBlock)
    OS_TaskDbgListAdd                        0x0800a4b1   Thumb Code    30  os_task.o(i.OS_TaskDbgListAdd)
    OS_TaskDbgListRemove                     0x0800a4d5   Thumb Code    50  os_task.o(i.OS_TaskDbgListRemove)
    OS_TaskInit                              0x0800a50d   Thumb Code    18  os_task.o(i.OS_TaskInit)
    OS_TaskInitTCB                           0x0800a52d   Thumb Code   154  os_task.o(i.OS_TaskInitTCB)
    OS_TaskReturn                            0x0800a5d5   Thumb Code    20  os_task.o(i.OS_TaskReturn)
    OS_TickListInsert                        0x0800a5ed   Thumb Code    96  os_tick.o(i.OS_TickListInsert)
    OS_TickListInsertDly                     0x0800a64d   Thumb Code   128  os_tick.o(i.OS_TickListInsertDly)
    OS_TickListRemove                        0x0800a6d9   Thumb Code    64  os_tick.o(i.OS_TickListRemove)
    OS_TickTask                              0x0800a851   Thumb Code    72  os_tick.o(i.OS_TickTask)
    OS_TickTaskInit                          0x0800a8a1   Thumb Code   118  os_tick.o(i.OS_TickTaskInit)
    OS_TmrInit                               0x0800a955   Thumb Code   150  os_tmr.o(i.OS_TmrInit)
    OS_TmrTask                               0x0800aa45   Thumb Code   144  os_tmr.o(i.OS_TmrTask)
    OS_TmrUnlink                             0x0800aae1   Thumb Code    48  os_tmr.o(i.OS_TmrUnlink)
    OpenSSR                                  0x0800ab19   Thumb Code    70  arith.o(i.OpenSSR)
    RTC_Bcd2ToByte                           0x0800ada1   Thumb Code    18  stm32h7xx_hal_rtc.o(i.RTC_Bcd2ToByte)
    RTC_ByteToBcd2                           0x0800adb3   Thumb Code    24  stm32h7xx_hal_rtc.o(i.RTC_ByteToBcd2)
    RTC_EnterInitMode                        0x0800adcd   Thumb Code    70  stm32h7xx_hal_rtc.o(i.RTC_EnterInitMode)
    RTC_ExitInitMode                         0x0800ae15   Thumb Code    78  stm32h7xx_hal_rtc.o(i.RTC_ExitInitMode)
    ReStart                                  0x0800ae69   Thumb Code   226  gameflow.o(i.ReStart)
    ReadChildcmd                             0x0800afb9   Thumb Code    24  childcmd.o(i.ReadChildcmd)
    ReadKey                                  0x0800afd1   Thumb Code    44  key_read.o(i.ReadKey)
    ReadRxBuf                                0x0800b005   Thumb Code    24  masterdriver.o(i.ReadRxBuf)
    ReadRxNum                                0x0800b021   Thumb Code    28  masterdriver.o(i.ReadRxNum)
    ReadSysTime                              0x0800b041   Thumb Code    78  rtc.o(i.ReadSysTime)
    Read_spi                                 0x0800b095   Thumb Code    92  spi_drive.o(i.Read_spi)
    ReturnBet                                0x0800b0f5   Thumb Code    70  gameoption.o(i.ReturnBet)
    RevMaster                                0x0800b13b   Thumb Code   130  masterdriver.o(i.RevMaster)
    SVC_Handler                              0x0800b2bf   Thumb Code     2  stm32h7xx_it.o(i.SVC_Handler)
    Scene                                    0x0800b2c1   Thumb Code     8  arith.o(i.Scene)
    SendChild                                0x0800b2cd   Thumb Code    50  childcmd.o(i.SendChild)
    SetChildcmd                              0x0800b2ff   Thumb Code    48  childcmd.o(i.SetChildcmd)
    SetGameLuckBuf                           0x0800b331   Thumb Code   190  gameoption.o(i.SetGameLuckBuf)
    SetGameTime                              0x0800b3f9   Thumb Code     6  arith.o(i.SetGameTime)
    SetMastercmd                             0x0800b405   Thumb Code    48  masterdriver.o(i.SetMastercmd)
    SetTuiBiNum                              0x0800b435   Thumb Code   100  arith.o(i.SetTuiBiNum)
    Start                                    0x0800b49d   Thumb Code   232  gameflow.o(i.Start)
    StartRun                                 0x0800b5b5   Thumb Code    64  gameflow.o(i.StartRun)
    SystemInit                               0x0800b601   Thumb Code   118  system_stm32h7xx.o(i.SystemInit)
    TIM2_IRQHandler                          0x0800b689   Thumb Code    20  tim.o(i.TIM2_IRQHandler)
    TIM_Base_SetConfig                       0x0800b6a1   Thumb Code   170  stm32h7xx_hal_tim.o(i.TIM_Base_SetConfig)
    TIM_ETR_SetConfig                        0x0800b76d   Thumb Code    18  stm32h7xx_hal_tim.o(i.TIM_ETR_SetConfig)
    UART4_IRQHandler                         0x0800b7dd   Thumb Code    20  stm32h7xx_it.o(i.UART4_IRQHandler)
    UART5_IRQHandler                         0x0800b7f5   Thumb Code    20  stm32h7xx_it.o(i.UART5_IRQHandler)
    UART_AdvFeatureConfig                    0x0800b851   Thumb Code   200  stm32h7xx_hal_uart.o(i.UART_AdvFeatureConfig)
    UART_CheckIdleState                      0x0800b919   Thumb Code   170  stm32h7xx_hal_uart.o(i.UART_CheckIdleState)
    UART_InitCallbacksToDefault              0x0800ba25   Thumb Code    74  stm32h7xx_hal_uart.o(i.UART_InitCallbacksToDefault)
    UART_SetConfig                           0x0800bf89   Thumb Code   876  stm32h7xx_hal_uart.o(i.UART_SetConfig)
    UART_Start_Receive_IT                    0x0800c335   Thumb Code   256  stm32h7xx_hal_uart.o(i.UART_Start_Receive_IT)
    UART_WaitOnFlagUntilTimeout              0x0800c5b7   Thumb Code   148  stm32h7xx_hal_uart.o(i.UART_WaitOnFlagUntilTimeout)
    USART1_IRQHandler                        0x0800c64d   Thumb Code    20  stm32h7xx_it.o(i.USART1_IRQHandler)
    USART2_IRQHandler                        0x0800c665   Thumb Code    20  stm32h7xx_it.o(i.USART2_IRQHandler)
    USART3_IRQHandler                        0x0800c67d   Thumb Code    20  stm32h7xx_it.o(i.USART3_IRQHandler)
    USART6_IRQHandler                        0x0800c695   Thumb Code    20  stm32h7xx_it.o(i.USART6_IRQHandler)
    USART_SendDataString                     0x0800c6ad   Thumb Code   202  masterdriver.o(i.USART_SendDataString)
    UsageFault_Handler                       0x0800c781   Thumb Code     2  stm32h7xx_it.o(i.UsageFault_Handler)
    WaitBET                                  0x0800c785   Thumb Code   156  gameflow.o(i.WaitBET)
    WinProc                                  0x0800c839   Thumb Code  1374  gameflow.o(i.WinProc)
    WriteChildAccu                           0x0800cdb1   Thumb Code    46  arith.o(i.WriteChildAccu)
    WriteSysTime                             0x0800cde5   Thumb Code    72  rtc.o(i.WriteSysTime)
    Write_spi                                0x0800ce31   Thumb Code    92  spi_drive.o(i.Write_spi)
    __0sprintf                               0x0800ce91   Thumb Code    34  printfa.o(i.__0sprintf)
    __1sprintf                               0x0800ce91   Thumb Code     0  printfa.o(i.__0sprintf)
    __2sprintf                               0x0800ce91   Thumb Code     0  printfa.o(i.__0sprintf)
    __c89sprintf                             0x0800ce91   Thumb Code     0  printfa.o(i.__0sprintf)
    sprintf                                  0x0800ce91   Thumb Code     0  printfa.o(i.__0sprintf)
    __0vsprintf                              0x0800ceb9   Thumb Code    30  printfa.o(i.__0vsprintf)
    __1vsprintf                              0x0800ceb9   Thumb Code     0  printfa.o(i.__0vsprintf)
    __2vsprintf                              0x0800ceb9   Thumb Code     0  printfa.o(i.__0vsprintf)
    __c89vsprintf                            0x0800ceb9   Thumb Code     0  printfa.o(i.__0vsprintf)
    vsprintf                                 0x0800ceb9   Thumb Code     0  printfa.o(i.__0vsprintf)
    __scatterload_copy                       0x0800ceff   Thumb Code    14  handlers.o(i.__scatterload_copy)
    __scatterload_null                       0x0800cf0d   Thumb Code     2  handlers.o(i.__scatterload_null)
    __scatterload_zeroinit                   0x0800cf0f   Thumb Code    14  handlers.o(i.__scatterload_zeroinit)
    main                                     0x0800d7b1   Thumb Code   164  main.o(i.main)
    read_random                              0x0800d871   Thumb Code    18  rng.o(i.read_random)
    strtodex                                 0x0800d889   Thumb Code    58  gameset.o(i.strtodex)
    uartprintf                               0x0800d8c5   Thumb Code    42  usart.o(i.uartprintf)
    D1CorePrescTable                         0x0800d8f4   Data          16  system_stm32h7xx.o(.constdata)
    UARTPrescTable                           0x0800d904   Data          24  stm32h7xx_hal_uart.o(.constdata)
    MainKeyIndex                             0x0800d92c   Data          56  key_read.o(.constdata)
    InitKeyTaskTbl                           0x0800d964   Data         128  key_read.o(.constdata)
    g_NewMul                                 0x0800d9e4   Data          80  dipsw.o(.constdata)
    GameName                                 0x0800da34   Data           9  gameset.o(.constdata)
    OSCfg_IdleTaskStkBasePtr                 0x0800da40   Data           4  os_cfg_app.o(.constdata)
    OSCfg_IdleTaskStkLimit                   0x0800da44   Data           4  os_cfg_app.o(.constdata)
    OSCfg_IdleTaskStkSize                    0x0800da48   Data           4  os_cfg_app.o(.constdata)
    OSCfg_ISRStkBasePtr                      0x0800da4c   Data           4  os_cfg_app.o(.constdata)
    OSCfg_ISRStkSize                         0x0800da50   Data           4  os_cfg_app.o(.constdata)
    OSCfg_MsgPoolSize                        0x0800da54   Data           2  os_cfg_app.o(.constdata)
    OSCfg_MsgPoolBasePtr                     0x0800da58   Data           4  os_cfg_app.o(.constdata)
    OSCfg_StkSizeMin                         0x0800da5c   Data           4  os_cfg_app.o(.constdata)
    OSCfg_TickRate_Hz                        0x0800da60   Data           4  os_cfg_app.o(.constdata)
    OSCfg_TickTaskPrio                       0x0800da64   Data           1  os_cfg_app.o(.constdata)
    OSCfg_TickTaskStkBasePtr                 0x0800da68   Data           4  os_cfg_app.o(.constdata)
    OSCfg_TickTaskStkLimit                   0x0800da6c   Data           4  os_cfg_app.o(.constdata)
    OSCfg_TickTaskStkSize                    0x0800da70   Data           4  os_cfg_app.o(.constdata)
    OSCfg_TmrTaskPrio                        0x0800da74   Data           1  os_cfg_app.o(.constdata)
    OSCfg_TmrTaskRate_Hz                     0x0800da78   Data           4  os_cfg_app.o(.constdata)
    OSCfg_TmrTaskStkBasePtr                  0x0800da7c   Data           4  os_cfg_app.o(.constdata)
    OSCfg_TmrTaskStkLimit                    0x0800da80   Data           4  os_cfg_app.o(.constdata)
    OSCfg_TmrTaskStkSize                     0x0800da84   Data           4  os_cfg_app.o(.constdata)
    __ctype_categories                       0x0800da88   Data          64  ctype_c.o(.constdata)
    Region$$Table$$Base                      0x0800daf0   Number         0  anon$$obj.o(Region$$Table)
    Region$$Table$$Limit                     0x0800db20   Number         0  anon$$obj.o(Region$$Table)
    SystemCoreClock                          0x24040000   Data           4  system_stm32h7xx.o(.data)
    SystemD2Clock                            0x24040004   Data           4  system_stm32h7xx.o(.data)
    uwTickFreq                               0x24040008   Data           1  stm32h7xx_hal.o(.data)
    uwTickPrio                               0x2404000c   Data           4  stm32h7xx_hal.o(.data)
    uwTick                                   0x24040010   Data           4  stm32h7xx_hal.o(.data)
    g_AiDingfenSw                            0x24040014   Data           1  var.o(.data)
    g_DingFen1_FX                            0x24040015   Data           1  var.o(.data)
    __24C04_FLAG                             0x24040018   Data           4  var.o(.data)
    Machine_line                             0x2404001c   Data           4  var.o(.data)
    Machine_id                               0x24040020   Data           4  var.o(.data)
    Prevpayoff                               0x24040028   Data           8  var.o(.data)
    CurrPayoff                               0x24040030   Data           8  var.o(.data)
    AccoutPassWord                           0x24040038   Data           4  var.o(.data)
    ConfigPassWord                           0x2404003c   Data           4  var.o(.data)
    SystemPassWord                           0x24040040   Data           4  var.o(.data)
    SetAccoutPassWord                        0x24040044   Data           4  var.o(.data)
    SetConfigPassWord                        0x24040048   Data           4  var.o(.data)
    SetSystemPassWord                        0x2404004c   Data           4  var.o(.data)
    ChuQiuHao                                0x24040050   Data           1  var.o(.data)
    QiuTest                                  0x24040051   Data           1  var.o(.data)
    QiuState                                 0x24040052   Data           1  var.o(.data)
    SwtQiuFlag                               0x24040053   Data           1  var.o(.data)
    SysTime                                  0x24040054   Data           8  var.o(.data)
    SetTime                                  0x2404005c   Data           8  var.o(.data)
    GameTime                                 0x24040064   Data           1  var.o(.data)
    TotalGame                                0x24040066   Data           2  var.o(.data)
    GameCount                                0x24040068   Data           2  var.o(.data)
    ChildTotalGame                           0x2404006a   Data           2  var.o(.data)
    ChildGameCount                           0x2404006c   Data           2  var.o(.data)
    LineBonus                                0x24040070   Data           4  var.o(.data)
    MaxBonus                                 0x24040074   Data           4  var.o(.data)
    MidBonus                                 0x24040078   Data           4  var.o(.data)
    MinBonus                                 0x2404007c   Data           4  var.o(.data)
    GamePai                                  0x24040080   Data           1  var.o(.data)
    MingPai                                  0x24040081   Data           1  var.o(.data)
    Luck                                     0x24040082   Data           1  var.o(.data)
    Luck_CS                                  0x24040083   Data           1  var.o(.data)
    HeiCnt                                   0x24040084   Data           2  var.o(.data)
    HongCnt                                  0x24040086   Data           2  var.o(.data)
    CaoCnt                                   0x24040088   Data           2  var.o(.data)
    FangCnt                                  0x2404008a   Data           2  var.o(.data)
    WangCnt                                  0x2404008c   Data           2  var.o(.data)
    ProcMem                                  0x2404008e   Data           1  var.o(.data)
    Gamestation                              0x24040090   Data           4  var.o(.data)
    KeyPress                                 0x24040094   Data           4  key_read.o(.data)
    MainKeyTaskTbl                           0x24040098   Data          56  key_read.o(.data)
    Gamesetrx                                0x240400d0   Data           4  gameset.o(.data)
    QiuName                                  0x240400d4   Data          24  gameset.o(.data)
    MasterUart                               0x240400ec   Data           4  masterdriver.o(.data)
    MasterCmdpoint                           0x240400f0   Data           4  masterdriver.o(.data)
    ChildCmdpoint                            0x240400f4   Data           4  childcmd.o(.data)
    CoinKeyIndex                             0x240400f8   Data           4  gameflow.o(.data)
    BetKeyIndex                              0x240400fc   Data           4  gameflow.o(.data)
    CPU_TS_TmrFreq_Hz                        0x24040108   Data           4  cpu_core.o(.data)
    Mem_SegHeadPtr                           0x2404010c   Data           4  lib_mem.o(.data)
    OSPrioTbl                                0x24040110   Data           4  os_prio.o(.data)
    OSIdleTaskCtr                            0x24040114   Data           4  os_var.o(.data)
    OSIntNestingCtr                          0x24040118   Data           1  os_var.o(.data)
    OSRunning                                0x24040119   Data           1  os_var.o(.data)
    OSInitialized                            0x2404011a   Data           1  os_var.o(.data)
    OSMemDbgListPtr                          0x2404011c   Data           4  os_var.o(.data)
    OSMemQty                                 0x24040120   Data           2  os_var.o(.data)
    OSPrioCur                                0x24040122   Data           1  os_var.o(.data)
    OSPrioHighRdy                            0x24040123   Data           1  os_var.o(.data)
    OSSchedLockNestingCtr                    0x24040124   Data           1  os_var.o(.data)
    OSTaskCtxSwCtr                           0x24040128   Data           4  os_var.o(.data)
    OSTaskDbgListPtr                         0x2404012c   Data           4  os_var.o(.data)
    OSTaskQty                                0x24040130   Data           2  os_var.o(.data)
    OSTaskRegNextAvailID                     0x24040132   Data           1  os_var.o(.data)
    OSTickCtr                                0x24040134   Data           4  os_var.o(.data)
    OSTickTaskTimeMax                        0x24040138   Data           4  os_var.o(.data)
    OSTickListDly                            0x2404013c   Data           8  os_var.o(.data)
    OSTickListTimeout                        0x24040144   Data           8  os_var.o(.data)
    OSTmrDbgListPtr                          0x2404014c   Data           4  os_var.o(.data)
    OSTmrListEntries                         0x24040150   Data           2  os_var.o(.data)
    OSTmrListPtr                             0x24040154   Data           4  os_var.o(.data)
    OSTmrTaskTimeMax                         0x24040158   Data           4  os_var.o(.data)
    OSTmrTickCtr                             0x2404015c   Data           4  os_var.o(.data)
    OSTmrUpdateCnt                           0x24040160   Data           4  os_var.o(.data)
    OSTmrUpdateCtr                           0x24040164   Data           4  os_var.o(.data)
    OSTCBCurPtr                              0x24040168   Data           4  os_var.o(.data)
    OSTCBHighRdyPtr                          0x2404016c   Data           4  os_var.o(.data)
    OS_CPU_ExceptStkBase                     0x24040170   Data           4  os_cpu_c.o(.data)
    DipSw                                    0x24047390   Data          73  var.o(.bss)
    SetDipSw                                 0x240473d9   Data          73  var.o(.bss)
    FutoryTime                               0x24047422   Data          10  var.o(.bss)
    ProgramVel                               0x2404742c   Data          10  var.o(.bss)
    Qiuwei                                   0x24047436   Data          10  var.o(.bss)
    SetFutoryTime                            0x24047440   Data          10  var.o(.bss)
    SetProgramVel                            0x2404744a   Data          10  var.o(.bss)
    SetQiuwei                                0x24047454   Data          10  var.o(.bss)
    LuckBuf                                  0x2404745e   Data         100  var.o(.bss)
    LuckFunBuf                               0x240474c2   Data          10  var.o(.bss)
    LuckJiang                                0x240474cc   Data          96  var.o(.bss)
    DingFen                                  0x2404752c   Data          32  var.o(.bss)
    New_Bill                                 0x2404754c   Data        2000  var.o(.bss)
    History                                  0x24047d1c   Data         100  var.o(.bss)
    LuckHistory                              0x24047d80   Data         100  var.o(.bss)
    KeyCount                                 0x24047de4   Data          32  key_read.o(.bss)
    KeyTaskTbl                               0x24047e04   Data        1024  key_read.o(.bss)
    huart1                                   0x24048204   Data         204  usart.o(.bss)
    huart2                                   0x240482d0   Data         204  usart.o(.bss)
    huart3                                   0x2404839c   Data         204  usart.o(.bss)
    huart4                                   0x24048468   Data         204  usart.o(.bss)
    huart5                                   0x24048534   Data         204  usart.o(.bss)
    huart6                                   0x24048600   Data         204  usart.o(.bss)
    print_debug_buf                          0x240486cc   Data         512  usart.o(.bss)
    hspi1                                    0x240488cc   Data         136  spi.o(.bss)
    htim2                                    0x24048954   Data          76  tim.o(.bss)
    hrng                                     0x240489a0   Data          20  rng.o(.bss)
    hrtc                                     0x240489b4   Data          36  rtc.o(.bss)
    CPU_Name                                 0x240489d8   Data          16  cpu_core.o(.bss)
    Mem_Heap                                 0x240489e8   Data        1024  lib_mem.o(.bss)
    Mem_SegHeap                              0x24048de8   Data          20  lib_mem.o(.bss)
    OSCfg_IdleTaskStk                        0x24048dfc   Data         512  os_cfg_app.o(.bss)
    OSCfg_ISRStk                             0x24048ffc   Data         512  os_cfg_app.o(.bss)
    OSCfg_MsgPool                            0x240491fc   Data         512  os_cfg_app.o(.bss)
    OSCfg_TickTaskStk                        0x240493fc   Data         512  os_cfg_app.o(.bss)
    OSCfg_TmrTaskStk                         0x240495fc   Data         512  os_cfg_app.o(.bss)
    OSIdleTaskTCB                            0x240497fc   Data         180  os_var.o(.bss)
    OSMsgPool                                0x240498b0   Data          12  os_var.o(.bss)
    OSRdyList                                0x240498bc   Data         384  os_var.o(.bss)
    OSTickTaskTCB                            0x24049a3c   Data         180  os_var.o(.bss)
    OSTmrTaskTCB                             0x24049af0   Data         180  os_var.o(.bss)
    __initial_sp                             0x24049fa8   Data           0  startup_stm32h743xx.o(STACK)
    Child                                    0x38800000   Data        1600  var.o(BKP_SRAM_SECTION)



==============================================================================

Memory Map of the image

  Image Entry point : 0x08000299

  Load Region LR_IROM1 (Base: 0x08000000, Size: 0x0000e2d4, Max: 0x00040000, ABSOLUTE, COMPRESSED[0x0000db60])

    Execution Region ER_IROM1 (Exec base: 0x08000000, Load base: 0x08000000, Size: 0x0000db20, Max: 0x00040000, ABSOLUTE)

    Exec Addr    Load Addr    Size         Type   Attr      Idx    E Section Name        Object

    0x08000000   0x08000000   0x00000298   Data   RO            3    RESET               startup_stm32h743xx.o
    0x08000298   0x08000298   0x00000000   Code   RO         9470  * .ARM.Collect$$$$00000000  mc_w.l(entry.o)
    0x08000298   0x08000298   0x00000004   Code   RO         9752    .ARM.Collect$$$$00000001  mc_w.l(entry2.o)
    0x0800029c   0x0800029c   0x00000004   Code   RO         9755    .ARM.Collect$$$$00000004  mc_w.l(entry5.o)
    0x080002a0   0x080002a0   0x00000000   Code   RO         9757    .ARM.Collect$$$$00000008  mc_w.l(entry7b.o)
    0x080002a0   0x080002a0   0x00000000   Code   RO         9759    .ARM.Collect$$$$0000000A  mc_w.l(entry8b.o)
    0x080002a0   0x080002a0   0x00000008   Code   RO         9760    .ARM.Collect$$$$0000000B  mc_w.l(entry9a.o)
    0x080002a8   0x080002a8   0x00000004   Code   RO         9767    .ARM.Collect$$$$0000000E  mc_w.l(entry12b.o)
    0x080002ac   0x080002ac   0x00000000   Code   RO         9762    .ARM.Collect$$$$0000000F  mc_w.l(entry10a.o)
    0x080002ac   0x080002ac   0x00000000   Code   RO         9764    .ARM.Collect$$$$00000011  mc_w.l(entry11a.o)
    0x080002ac   0x080002ac   0x00000004   Code   RO         9753    .ARM.Collect$$$$00002712  mc_w.l(entry2.o)
    0x080002b0   0x080002b0   0x00000024   Code   RO            4    .text               startup_stm32h743xx.o
    0x080002d4   0x080002d4   0x00000034   Code   RO         8062    .text               cpu_a.o
    0x08000308   0x08000308   0x00000062   Code   RO         9473    .text               mc_w.l(uldiv.o)
    0x0800036a   0x0800036a   0x0000001e   Code   RO         9475    .text               mc_w.l(llshl.o)
    0x08000388   0x08000388   0x00000024   Code   RO         9477    .text               mc_w.l(memcpya.o)
    0x080003ac   0x080003ac   0x00000024   Code   RO         9479    .text               mc_w.l(memseta.o)
    0x080003d0   0x080003d0   0x0000000e   Code   RO         9481    .text               mc_w.l(strlen.o)
    0x080003de   0x080003de   0x00000012   Code   RO         9483    .text               mc_w.l(strcpy.o)
    0x080003f0   0x080003f0   0x00000038   Code   RO         9748    .text               mc_w.l(__0sscanf.o)
    0x08000428   0x08000428   0x0000014c   Code   RO         9750    .text               mc_w.l(_scanf_int.o)
    0x08000574   0x08000574   0x0000002c   Code   RO         9771    .text               mc_w.l(uidiv.o)
    0x080005a0   0x080005a0   0x00000020   Code   RO         9773    .text               mc_w.l(llushr.o)
    0x080005c0   0x080005c0   0x0000001c   Code   RO         9775    .text               mc_w.l(_chval.o)
    0x080005dc   0x080005dc   0x00000028   Code   RO         9777    .text               mc_w.l(scanf_char.o)
    0x08000604   0x08000604   0x00000040   Code   RO         9779    .text               mc_w.l(_sgetc.o)
    0x08000644   0x08000644   0x00000000   Code   RO         9781    .text               mc_w.l(iusefp.o)
    0x08000644   0x08000644   0x0000014e   Code   RO         9782    .text               mf_w.l(dadd.o)
    0x08000792   0x08000792   0x000000e4   Code   RO         9784    .text               mf_w.l(dmul.o)
    0x08000876   0x08000876   0x000000de   Code   RO         9786    .text               mf_w.l(ddiv.o)
    0x08000954   0x08000954   0x00000030   Code   RO         9788    .text               mf_w.l(dfixul.o)
    0x08000984   0x08000984   0x00000030   Code   RO         9790    .text               mf_w.l(cdrcmple.o)
    0x080009b4   0x080009b4   0x00000024   Code   RO         9792    .text               mc_w.l(init.o)
    0x080009d8   0x080009d8   0x00000024   Code   RO         9795    .text               mc_w.l(llsshr.o)
    0x080009fc   0x080009fc   0x0000000a   Code   RO         9797    .text               mc_w.l(isspace_c.o)
    0x08000a06   0x08000a06   0x00000002   PAD
    0x08000a08   0x08000a08   0x00000330   Code   RO         9799    .text               mc_w.l(_scanf.o)
    0x08000d38   0x08000d38   0x000000ba   Code   RO         9802    .text               mf_w.l(depilogue.o)
    0x08000df2   0x08000df2   0x00000002   PAD
    0x08000df4   0x08000df4   0x00000028   Code   RO         9804    .text               mc_w.l(ctype_c.o)
    0x08000e1c   0x08000e1c   0x00000056   Code   RO         9815    .text               mc_w.l(__dczerorl2.o)
    0x08000e72   0x08000e72   0x00000002   PAD
    0x08000e74   0x08000e74   0x00000108   Code   RO         9325    CODE                os_cpu_a.o
    0x08000f7c   0x08000f7c   0x00000130   Code   RO         5881    i.AppDraw           main.o
    0x080010ac   0x080010ac   0x00000160   Code   RO         5882    i.AppKey            main.o
    0x0800120c   0x0800120c   0x00000060   Code   RO         5883    i.AppMain           main.o
    0x0800126c   0x0800126c   0x0000002c   Code   RO         7341    i.BKP_SRAM_Init     bsp.o
    0x08001298   0x08001298   0x00000022   Code   RO         7342    i.BSP_ClkFreqGet    bsp.o
    0x080012ba   0x080012ba   0x0000000e   Code   RO         7343    i.BSP_Init          bsp.o
    0x080012c8   0x080012c8   0x00000010   Code   RO         7344    i.BSP_OSTickInit    bsp.o
    0x080012d8   0x080012d8   0x00000098   Code   RO         7345    i.BSP_SystemClkCfg  bsp.o
    0x08001370   0x08001370   0x00000104   Code   RO         6978    i.BackProcess       gameflow.o
    0x08001474   0x08001474   0x00000050   Code   RO         6979    i.BetKeyProc        gameflow.o
    0x080014c4   0x080014c4   0x000000f0   Code   RO         6383    i.BetKeyProc1       arith.o
    0x080015b4   0x080015b4   0x00000002   Code   RO         5521    i.BusFault_Handler  stm32h7xx_it.o
    0x080015b6   0x080015b6   0x00000002   Code   RO         6384    i.Buzzer            arith.o
    0x080015b8   0x080015b8   0x00000108   Code   RO         7731    i.CHILD_COIN_OUT    tim.o
    0x080016c0   0x080016c0   0x00000018   Code   RO         7942    i.CPU_Init          cpu_core.o
    0x080016d8   0x080016d8   0x00000020   Code   RO         7943    i.CPU_NameClr       cpu_core.o
    0x080016f8   0x080016f8   0x00000002   Code   RO         7947    i.CPU_SW_Exception  cpu_core.o
    0x080016fa   0x080016fa   0x00000002   PAD
    0x080016fc   0x080016fc   0x0000000c   Code   RO         7951    i.CPU_TS_TmrFreqSet  cpu_core.o
    0x08001708   0x08001708   0x0000004c   Code   RO         7457    i.CPU_TS_TmrInit    cpu_bsp.o
    0x08001754   0x08001754   0x0000000c   Code   RO         7458    i.CPU_TS_TmrRd      cpu_bsp.o
    0x08001760   0x08001760   0x0000002c   Code   RO         5884    i.CheckEEPROM       main.o
    0x0800178c   0x0800178c   0x00000170   Code   RO         6386    i.ChildCancel       arith.o
    0x080018fc   0x080018fc   0x00000026   Code   RO         6388    i.ChildKeyScan      arith.o
    0x08001922   0x08001922   0x00000014   Code   RO         6389    i.ChildKeyTOU       arith.o
    0x08001936   0x08001936   0x00000010   Code   RO         6390    i.ChildKeyXiOrTui   arith.o
    0x08001946   0x08001946   0x00000002   PAD
    0x08001948   0x08001948   0x000002e4   Code   RO         6391    i.ChildMaxBET       arith.o
    0x08001c2c   0x08001c2c   0x0000003e   Code   RO         7732    i.ChildReadCoinTou  tim.o
    0x08001c6a   0x08001c6a   0x00000034   Code   RO         7733    i.ChildReadCoinTui  tim.o
    0x08001c9e   0x08001c9e   0x00000002   PAD
    0x08001ca0   0x08001ca0   0x0000002c   Code   RO         6906    i.ChildReadResult   childcmd.o
    0x08001ccc   0x08001ccc   0x0000006c   Code   RO         6907    i.ChildRunHistory   childcmd.o
    0x08001d38   0x08001d38   0x0000006c   Code   RO         6908    i.ChildRunLuckHistory  childcmd.o
    0x08001da4   0x08001da4   0x00000190   Code   RO         6909    i.ChildRuncmd       childcmd.o
    0x08001f34   0x08001f34   0x00000194   Code   RO         6910    i.ChildRunresult    childcmd.o
    0x080020c8   0x080020c8   0x000000c8   Code   RO         6125    i.Child_key_proc    key_read.o
    0x08002190   0x08002190   0x00000032   Code   RO         7099    i.ClearBet          gameoption.o
    0x080021c2   0x080021c2   0x00000002   PAD
    0x080021c4   0x080021c4   0x00000340   Code   RO         5885    i.ClearZero         main.o
    0x08002504   0x08002504   0x0000001a   Code   RO         6392    i.CloseSSR          arith.o
    0x0800251e   0x0800251e   0x00000002   PAD
    0x08002520   0x08002520   0x00000044   Code   RO         6981    i.CoinKeyProc       gameflow.o
    0x08002564   0x08002564   0x00000300   Code   RO         6393    i.CoinKeyProc1      arith.o
    0x08002864   0x08002864   0x00000002   Code   RO         5522    i.DebugMon_Handler  stm32h7xx_it.o
    0x08002866   0x08002866   0x000000c8   Code   RO         6396    i.DispBetLED        arith.o
    0x0800292e   0x0800292e   0x00000002   Code   RO         5886    i.Error_Handler     main.o
    0x08002930   0x08002930   0x00000040   Code   RO         5379    i.FMC_NORSRAM_Extended_Timing_Init  stm32h7xx_ll_fmc.o
    0x08002970   0x08002970   0x00000094   Code   RO         5380    i.FMC_NORSRAM_Init  stm32h7xx_ll_fmc.o
    0x08002a04   0x08002a04   0x00000060   Code   RO         5381    i.FMC_NORSRAM_Timing_Init  stm32h7xx_ll_fmc.o
    0x08002a64   0x08002a64   0x00000002   Code   RO         6400    i.FlashBet          arith.o
    0x08002a66   0x08002a66   0x00000002   PAD
    0x08002a68   0x08002a68   0x0000007c   Code   RO         6401    i.FlashBetLED       arith.o
    0x08002ae4   0x08002ae4   0x00000002   Code   RO         6404    i.FlashWin          arith.o
    0x08002ae6   0x08002ae6   0x00000002   Code   RO         6405    i.FlashWinLamp      arith.o
    0x08002ae8   0x08002ae8   0x000000e0   Code   RO         6982    i.GameEnd           gameflow.o
    0x08002bc8   0x08002bc8   0x00000048   Code   RO         6983    i.GameEnd2          gameflow.o
    0x08002c10   0x08002c10   0x00000064   Code   RO         6642    i.GameSetAudit      gameset.o
    0x08002c74   0x08002c74   0x0000007c   Code   RO         6643    i.GameSetBaoAudit   gameset.o
    0x08002cf0   0x08002cf0   0x00000528   Code   RO         6644    i.GameSetBaseSet    gameset.o
    0x08003218   0x08003218   0x00000048   Code   RO         6645    i.GameSetDateype    gameset.o
    0x08003260   0x08003260   0x00000050   Code   RO         6647    i.GameSetInit       gameset.o
    0x080032b0   0x080032b0   0x00000aa0   Code   RO         6648    i.GameSetInputPass  gameset.o
    0x08003d50   0x08003d50   0x00000460   Code   RO         6649    i.GameSetMune       gameset.o
    0x080041b0   0x080041b0   0x000000a8   Code   RO         6650    i.GameSetProc       gameset.o
    0x08004258   0x08004258   0x00000148   Code   RO         6651    i.GameSetQui        gameset.o
    0x080043a0   0x080043a0   0x00000040   Code   RO         6652    i.GameSetTimetype   gameset.o
    0x080043e0   0x080043e0   0x00000278   Code   RO         6653    i.GameSystemSet     gameset.o
    0x08004658   0x08004658   0x0000001c   Code   RO         6985    i.GetBecomeChip     gameflow.o
    0x08004674   0x08004674   0x00000006   Code   RO         6215    i.GetChildOver      dipsw.o
    0x0800467a   0x0800467a   0x00000004   Code   RO         6216    i.GetCoinIn         dipsw.o
    0x0800467e   0x0800467e   0x00000004   Code   RO         6217    i.GetCoinOut        dipsw.o
    0x08004682   0x08004682   0x00000016   Code   RO         6406    i.GetConv           arith.o
    0x08004698   0x08004698   0x00000004   Code   RO         6218    i.GetDec            dipsw.o
    0x0800469c   0x0800469c   0x00000098   Code   RO         7100    i.GetGameLuck       gameoption.o
    0x08004734   0x08004734   0x00000034   Code   RO         7101    i.GetGameLuckWin2   gameoption.o
    0x08004768   0x08004768   0x00000006   Code   RO         6219    i.GetGameOver       dipsw.o
    0x0800476e   0x0800476e   0x0000004c   Code   RO         7102    i.GetGameResult     gameoption.o
    0x080047ba   0x080047ba   0x00000004   Code   RO         6220    i.GetGameTime       dipsw.o
    0x080047be   0x080047be   0x00000006   Code   RO         6221    i.GetJifenRate      dipsw.o
    0x080047c4   0x080047c4   0x00000006   Code   RO         6228    i.GetLuckIndex      dipsw.o
    0x080047ca   0x080047ca   0x00000006   Code   RO         6229    i.GetMaxBonus       dipsw.o
    0x080047d0   0x080047d0   0x00000004   Code   RO         6230    i.GetMaxbet         dipsw.o
    0x080047d4   0x080047d4   0x00000006   Code   RO         6231    i.GetMinBonus       dipsw.o
    0x080047da   0x080047da   0x00000004   Code   RO         6233    i.GetMinbet         dipsw.o
    0x080047de   0x080047de   0x00000004   Code   RO         6234    i.GetNoteIn         dipsw.o
    0x080047e2   0x080047e2   0x00000004   Code   RO         6235    i.GetNoteOUt        dipsw.o
    0x080047e6   0x080047e6   0x00000004   Code   RO         6236    i.GetPlayFun        dipsw.o
    0x080047ea   0x080047ea   0x00000004   Code   RO         6238    i.GetRate           dipsw.o
    0x080047ee   0x080047ee   0x00000038   Code   RO         6407    i.GetSSR            arith.o
    0x08004826   0x08004826   0x00000002   PAD
    0x08004828   0x08004828   0x00000360   Code   RO          774    i.HAL_DMA_Abort     stm32h7xx_hal_dma.o
    0x08004b88   0x08004b88   0x00000284   Code   RO          775    i.HAL_DMA_Abort_IT  stm32h7xx_hal_dma.o
    0x08004e0c   0x08004e0c   0x000000c0   Code   RO         7499    i.HAL_FMC_MspInit   fmc.o
    0x08004ecc   0x08004ecc   0x0000022c   Code   RO         1165    i.HAL_GPIO_Init     stm32h7xx_hal_gpio.o
    0x080050f8   0x080050f8   0x0000000c   Code   RO          192    i.HAL_GetREVID      stm32h7xx_hal.o
    0x08005104   0x08005104   0x0000000a   Code   RO         7346    i.HAL_GetTick       bsp.o
    0x0800510e   0x0800510e   0x00000002   PAD
    0x08005110   0x08005110   0x0000005c   Code   RO          200    i.HAL_Init          stm32h7xx_hal.o
    0x0800516c   0x0800516c   0x0000000c   Code   RO         7347    i.HAL_InitTick      bsp.o
    0x08005178   0x08005178   0x0000005c   Code   RO          527    i.HAL_MPU_ConfigRegion  stm32h7xx_hal_cortex.o
    0x080051d4   0x080051d4   0x0000001c   Code   RO          528    i.HAL_MPU_Disable   stm32h7xx_hal_cortex.o
    0x080051f0   0x080051f0   0x00000024   Code   RO          530    i.HAL_MPU_Enable    stm32h7xx_hal_cortex.o
    0x08005214   0x08005214   0x00000002   Code   RO          203    i.HAL_MspInit       stm32h7xx_hal.o
    0x08005216   0x08005216   0x0000001a   Code   RO          534    i.HAL_NVIC_EnableIRQ  stm32h7xx_hal_cortex.o
    0x08005230   0x08005230   0x00000040   Code   RO          540    i.HAL_NVIC_SetPriority  stm32h7xx_hal_cortex.o
    0x08005270   0x08005270   0x00000024   Code   RO          541    i.HAL_NVIC_SetPriorityGrouping  stm32h7xx_hal_cortex.o
    0x08005294   0x08005294   0x00000038   Code   RO         2280    i.HAL_PWREx_EnableBkUpReg  stm32h7xx_hal_pwr_ex.o
    0x080052cc   0x080052cc   0x00000024   Code   RO         2654    i.HAL_RCCEx_GetD3PCLK1Freq  stm32h7xx_hal_rcc_ex.o
    0x080052f0   0x080052f0   0x00000144   Code   RO         2656    i.HAL_RCCEx_GetPLL2ClockFreq  stm32h7xx_hal_rcc_ex.o
    0x08005434   0x08005434   0x00000144   Code   RO         2657    i.HAL_RCCEx_GetPLL3ClockFreq  stm32h7xx_hal_rcc_ex.o
    0x08005578   0x08005578   0x000009ac   Code   RO         2663    i.HAL_RCCEx_PeriphCLKConfig  stm32h7xx_hal_rcc_ex.o
    0x08005f24   0x08005f24   0x0000025c   Code   RO         2539    i.HAL_RCC_ClockConfig  stm32h7xx_hal_rcc.o
    0x08006180   0x08006180   0x00000044   Code   RO         2544    i.HAL_RCC_GetHCLKFreq  stm32h7xx_hal_rcc.o
    0x080061c4   0x080061c4   0x00000024   Code   RO         2546    i.HAL_RCC_GetPCLK1Freq  stm32h7xx_hal_rcc.o
    0x080061e8   0x080061e8   0x00000024   Code   RO         2547    i.HAL_RCC_GetPCLK2Freq  stm32h7xx_hal_rcc.o
    0x0800620c   0x0800620c   0x00000138   Code   RO         2548    i.HAL_RCC_GetSysClockFreq  stm32h7xx_hal_rcc.o
    0x08006344   0x08006344   0x00000582   Code   RO         2551    i.HAL_RCC_OscConfig  stm32h7xx_hal_rcc.o
    0x080068c6   0x080068c6   0x00000002   PAD
    0x080068c8   0x080068c8   0x0000007e   Code   RO         2826    i.HAL_RNG_GenerateRandomNumber  stm32h7xx_hal_rng.o
    0x08006946   0x08006946   0x00000002   PAD
    0x08006948   0x08006948   0x00000082   Code   RO         2831    i.HAL_RNG_Init      stm32h7xx_hal_rng.o
    0x080069ca   0x080069ca   0x00000002   PAD
    0x080069cc   0x080069cc   0x0000004c   Code   RO         7804    i.HAL_RNG_MspInit   rng.o
    0x08006a18   0x08006a18   0x00000048   Code   RO         2919    i.HAL_RTC_GetDate   stm32h7xx_hal_rtc.o
    0x08006a60   0x08006a60   0x00000058   Code   RO         2921    i.HAL_RTC_GetTime   stm32h7xx_hal_rtc.o
    0x08006ab8   0x08006ab8   0x000000a0   Code   RO         2922    i.HAL_RTC_Init      stm32h7xx_hal_rtc.o
    0x08006b58   0x08006b58   0x00000044   Code   RO         7852    i.HAL_RTC_MspInit   rtc.o
    0x08006b9c   0x08006b9c   0x000000a0   Code   RO         2928    i.HAL_RTC_SetDate   stm32h7xx_hal_rtc.o
    0x08006c3c   0x08006c3c   0x000000d0   Code   RO         2929    i.HAL_RTC_SetTime   stm32h7xx_hal_rtc.o
    0x08006d0c   0x08006d0c   0x00000038   Code   RO         2930    i.HAL_RTC_WaitForSynchro  stm32h7xx_hal_rtc.o
    0x08006d44   0x08006d44   0x0000017c   Code   RO         3307    i.HAL_SPI_Init      stm32h7xx_hal_spi.o
    0x08006ec0   0x08006ec0   0x000000ac   Code   RO         7690    i.HAL_SPI_MspInit   spi.o
    0x08006f6c   0x08006f6c   0x00000238   Code   RO         3316    i.HAL_SPI_Transmit  stm32h7xx_hal_spi.o
    0x080071a4   0x080071a4   0x00000338   Code   RO         3317    i.HAL_SPI_TransmitReceive  stm32h7xx_hal_spi.o
    0x080074dc   0x080074dc   0x0000006c   Code   RO         3629    i.HAL_SRAM_Init     stm32h7xx_hal_sram.o
    0x08007548   0x08007548   0x00000004   Code   RO         7501    i.HAL_SRAM_MspInit  fmc.o
    0x0800754c   0x0800754c   0x00000002   Code   RO         4476    i.HAL_TIMEx_Break2Callback  stm32h7xx_hal_tim_ex.o
    0x0800754e   0x0800754e   0x00000002   Code   RO         4477    i.HAL_TIMEx_BreakCallback  stm32h7xx_hal_tim_ex.o
    0x08007550   0x08007550   0x00000002   Code   RO         4478    i.HAL_TIMEx_CommutCallback  stm32h7xx_hal_tim_ex.o
    0x08007552   0x08007552   0x00000002   PAD
    0x08007554   0x08007554   0x000000a4   Code   RO         4498    i.HAL_TIMEx_MasterConfigSynchronization  stm32h7xx_hal_tim_ex.o
    0x080075f8   0x080075f8   0x00000062   Code   RO         3762    i.HAL_TIM_Base_Init  stm32h7xx_hal_tim.o
    0x0800765a   0x0800765a   0x00000002   PAD
    0x0800765c   0x0800765c   0x00000048   Code   RO         7735    i.HAL_TIM_Base_MspInit  tim.o
    0x080076a4   0x080076a4   0x0000008c   Code   RO         3767    i.HAL_TIM_Base_Start_IT  stm32h7xx_hal_tim.o
    0x08007730   0x08007730   0x000000fc   Code   RO         3771    i.HAL_TIM_ConfigClockSource  stm32h7xx_hal_tim.o
    0x0800782c   0x0800782c   0x00000002   Code   RO         3796    i.HAL_TIM_IC_CaptureCallback  stm32h7xx_hal_tim.o
    0x0800782e   0x0800782e   0x00000148   Code   RO         3810    i.HAL_TIM_IRQHandler  stm32h7xx_hal_tim.o
    0x08007976   0x08007976   0x00000002   Code   RO         3813    i.HAL_TIM_OC_DelayElapsedCallback  stm32h7xx_hal_tim.o
    0x08007978   0x08007978   0x00000002   Code   RO         3840    i.HAL_TIM_PWM_PulseFinishedCallback  stm32h7xx_hal_tim.o
    0x0800797a   0x0800797a   0x00000002   PAD
    0x0800797c   0x0800797c   0x00000030   Code   RO         7736    i.HAL_TIM_PeriodElapsedCallback  tim.o
    0x080079ac   0x080079ac   0x00000002   Code   RO         3853    i.HAL_TIM_TriggerCallback  stm32h7xx_hal_tim.o
    0x080079ae   0x080079ae   0x00000040   Code   RO         5217    i.HAL_UARTEx_DisableFifoMode  stm32h7xx_hal_uart_ex.o
    0x080079ee   0x080079ee   0x00000002   Code   RO         4776    i.HAL_UARTEx_RxEventCallback  stm32h7xx_hal_uart.o
    0x080079f0   0x080079f0   0x00000002   Code   RO         5225    i.HAL_UARTEx_RxFifoFullCallback  stm32h7xx_hal_uart_ex.o
    0x080079f2   0x080079f2   0x0000004c   Code   RO         5226    i.HAL_UARTEx_SetRxFifoThreshold  stm32h7xx_hal_uart_ex.o
    0x08007a3e   0x08007a3e   0x0000004c   Code   RO         5227    i.HAL_UARTEx_SetTxFifoThreshold  stm32h7xx_hal_uart_ex.o
    0x08007a8a   0x08007a8a   0x00000002   Code   RO         5229    i.HAL_UARTEx_TxFifoEmptyCallback  stm32h7xx_hal_uart_ex.o
    0x08007a8c   0x08007a8c   0x00000002   Code   RO         5230    i.HAL_UARTEx_WakeupCallback  stm32h7xx_hal_uart_ex.o
    0x08007a8e   0x08007a8e   0x00000002   Code   RO         4778    i.HAL_UART_AbortCpltCallback  stm32h7xx_hal_uart.o
    0x08007a90   0x08007a90   0x00000002   Code   RO         4780    i.HAL_UART_AbortReceiveCpltCallback  stm32h7xx_hal_uart.o
    0x08007a92   0x08007a92   0x00000002   Code   RO         4783    i.HAL_UART_AbortTransmitCpltCallback  stm32h7xx_hal_uart.o
    0x08007a94   0x08007a94   0x00000002   Code   RO         4792    i.HAL_UART_ErrorCallback  stm32h7xx_hal_uart.o
    0x08007a96   0x08007a96   0x00000002   PAD
    0x08007a98   0x08007a98   0x00000394   Code   RO         4795    i.HAL_UART_IRQHandler  stm32h7xx_hal_uart.o
    0x08007e2c   0x08007e2c   0x00000080   Code   RO         4796    i.HAL_UART_Init     stm32h7xx_hal_uart.o
    0x08007eac   0x08007eac   0x000002c0   Code   RO         7605    i.HAL_UART_MspInit  usart.o
    0x0800816c   0x0800816c   0x00000048   Code   RO         4801    i.HAL_UART_Receive_IT  stm32h7xx_hal_uart.o
    0x080081b4   0x080081b4   0x000000a8   Code   RO         4803    i.HAL_UART_RegisterCallback  stm32h7xx_hal_uart.o
    0x0800825c   0x0800825c   0x00000002   Code   RO         4805    i.HAL_UART_RxCpltCallback  stm32h7xx_hal_uart.o
    0x0800825e   0x0800825e   0x00000002   PAD
    0x08008260   0x08008260   0x00000078   Code   RO         6654    i.HAL_UART_RxGameSet  gameset.o
    0x080082d8   0x080082d8   0x00000002   Code   RO         4806    i.HAL_UART_RxHalfCpltCallback  stm32h7xx_hal_uart.o
    0x080082da   0x080082da   0x000000b0   Code   RO         4807    i.HAL_UART_Transmit  stm32h7xx_hal_uart.o
    0x0800838a   0x0800838a   0x00000002   PAD
    0x0800838c   0x0800838c   0x00000098   Code   RO         4809    i.HAL_UART_Transmit_IT  stm32h7xx_hal_uart.o
    0x08008424   0x08008424   0x00000002   Code   RO         4810    i.HAL_UART_TxCpltCallback  stm32h7xx_hal_uart.o
    0x08008426   0x08008426   0x00000002   PAD
    0x08008428   0x08008428   0x00000048   Code   RO         6655    i.HAL_UART_TxGameSet  gameset.o
    0x08008470   0x08008470   0x00000002   Code   RO         4811    i.HAL_UART_TxHalfCpltCallback  stm32h7xx_hal_uart.o
    0x08008472   0x08008472   0x00000002   PAD
    0x08008474   0x08008474   0x00000060   Code   RO         6656    i.HTMSend           gameset.o
    0x080084d4   0x080084d4   0x00000002   Code   RO         5523    i.HardFault_Handler  stm32h7xx_it.o
    0x080084d6   0x080084d6   0x00000002   PAD
    0x080084d8   0x080084d8   0x00000050   Code   RO         6827    i.Init_MasterUartSet  masterdriver.o
    0x08008528   0x08008528   0x00000038   Code   RO         6657    i.Init_UartSet      gameset.o
    0x08008560   0x08008560   0x00000080   Code   RO         5887    i.Init_machine      main.o
    0x080085e0   0x080085e0   0x0000001c   Code   RO         6408    i.IsOver            arith.o
    0x080085fc   0x080085fc   0x00000028   Code   RO         6127    i.KeyTaskFunc1      key_read.o
    0x08008624   0x08008624   0x0000002e   Code   RO         6128    i.KeyTaskFunc2      key_read.o
    0x08008652   0x08008652   0x00000002   PAD
    0x08008654   0x08008654   0x00000020   Code   RO         6131    i.KeyTaskWait2      key_read.o
    0x08008674   0x08008674   0x0000005c   Code   RO         7314    i.LED_GPIO_Config   bsp_led.o
    0x080086d0   0x080086d0   0x0000004c   Code   RO         7103    i.LuckFanBei_Win2   gameoption.o
    0x0800871c   0x0800871c   0x000000a0   Code   RO         7105    i.LuckLineBonus_Win2  gameoption.o
    0x080087bc   0x080087bc   0x00000064   Code   RO         7106    i.LuckLuckBit_Win2  gameoption.o
    0x08008820   0x08008820   0x0000008c   Code   RO         7107    i.LuckMingPai_Win2  gameoption.o
    0x080088ac   0x080088ac   0x0000007c   Code   RO         7108    i.LuckQuanZhong_Win2  gameoption.o
    0x08008928   0x08008928   0x00000044   Code   RO         7109    i.LuckSongDeng_Win2  gameoption.o
    0x0800896c   0x0800896c   0x000000cc   Code   RO         7110    i.LuckTouBonus_Win2  gameoption.o
    0x08008a38   0x08008a38   0x00000052   Code   RO         7502    i.MPU_Config        fmc.o
    0x08008a8a   0x08008a8a   0x00000002   PAD
    0x08008a8c   0x08008a8c   0x00000068   Code   RO         7503    i.MX_FMC_Init       fmc.o
    0x08008af4   0x08008af4   0x0000007c   Code   RO         7577    i.MX_GPIO_Init      gpio.o
    0x08008b70   0x08008b70   0x00000028   Code   RO         7805    i.MX_RNG_Init       rng.o
    0x08008b98   0x08008b98   0x00000038   Code   RO         7853    i.MX_RTC_Init       rtc.o
    0x08008bd0   0x08008bd0   0x00000060   Code   RO         7691    i.MX_SPI1_Init      spi.o
    0x08008c30   0x08008c30   0x00000068   Code   RO         7737    i.MX_TIM2_Init      tim.o
    0x08008c98   0x08008c98   0x00000068   Code   RO         7606    i.MX_UART4_Init     usart.o
    0x08008d00   0x08008d00   0x00000068   Code   RO         7607    i.MX_UART5_Init     usart.o
    0x08008d68   0x08008d68   0x00000064   Code   RO         7608    i.MX_USART1_UART_Init  usart.o
    0x08008dcc   0x08008dcc   0x00000068   Code   RO         7609    i.MX_USART2_UART_Init  usart.o
    0x08008e34   0x08008e34   0x00000068   Code   RO         7610    i.MX_USART3_UART_Init  usart.o
    0x08008e9c   0x08008e9c   0x00000068   Code   RO         7611    i.MX_USART6_UART_Init  usart.o
    0x08008f04   0x08008f04   0x00000040   Code   RO         6776    i.MasterReadResult  mastercmd.o
    0x08008f44   0x08008f44   0x00000044   Code   RO         6777    i.MasterRunHistory  mastercmd.o
    0x08008f88   0x08008f88   0x00000044   Code   RO         6778    i.MasterRunLuckHistory  mastercmd.o
    0x08008fcc   0x08008fcc   0x00000184   Code   RO         6779    i.MasterRuncmd      mastercmd.o
    0x08009150   0x08009150   0x00000188   Code   RO         6780    i.MasterRunsult     mastercmd.o
    0x080092d8   0x080092d8   0x00000048   Code   RO         6828    i.MasterUart_pro    masterdriver.o
    0x08009320   0x08009320   0x0000003c   Code   RO         6829    i.Master_Rx         masterdriver.o
    0x0800935c   0x0800935c   0x00000048   Code   RO         6830    i.Master_Tx         masterdriver.o
    0x080093a4   0x080093a4   0x0000005c   Code   RO         6132    i.Master_key_proc   key_read.o
    0x08009400   0x08009400   0x00000002   Code   RO         5524    i.MemManage_Handler  stm32h7xx_it.o
    0x08009402   0x08009402   0x00000008   Code   RO         8260    i.Mem_Clr           lib_mem.o
    0x0800940a   0x0800940a   0x00000002   PAD
    0x0800940c   0x0800940c   0x00000040   Code   RO         8270    i.Mem_Init          lib_mem.o
    0x0800944c   0x0800944c   0x00000036   Code   RO         8283    i.Mem_SegCreate     lib_mem.o
    0x08009482   0x08009482   0x00000002   PAD
    0x08009484   0x08009484   0x00000020   Code   RO         8284    i.Mem_SegCreateCritical  lib_mem.o
    0x080094a4   0x080094a4   0x00000044   Code   RO         8286    i.Mem_Set           lib_mem.o
    0x080094e8   0x080094e8   0x00000002   Code   RO         5525    i.NMI_Handler       stm32h7xx_it.o
    0x080094ea   0x080094ea   0x00000002   Code   RO         8589    i.OSCfg_Init        os_cfg_app.o
    0x080094ec   0x080094ec   0x000000cc   Code   RO         8649    i.OSInit            os_core.o
    0x080095b8   0x080095b8   0x00000038   Code   RO         9332    i.OSInitHook        os_cpu_c.o
    0x080095f0   0x080095f0   0x00000020   Code   RO         8650    i.OSIntEnter        os_core.o
    0x08009610   0x08009610   0x00000088   Code   RO         8651    i.OSIntExit         os_core.o
    0x08009698   0x08009698   0x0000008c   Code   RO         8652    i.OSSched           os_core.o
    0x08009724   0x08009724   0x0000004c   Code   RO         8653    i.OSSchedLock       os_core.o
    0x08009770   0x08009770   0x00000060   Code   RO         8654    i.OSSchedUnlock     os_core.o
    0x080097d0   0x080097d0   0x0000007c   Code   RO         8655    i.OSStart           os_core.o
    0x0800984c   0x0800984c   0x00000158   Code   RO         8990    i.OSTaskCreate      os_task.o
    0x080099a4   0x080099a4   0x00000002   Code   RO         9334    i.OSTaskCreateHook  os_cpu_c.o
    0x080099a6   0x080099a6   0x00000002   PAD
    0x080099a8   0x080099a8   0x000000e8   Code   RO         8991    i.OSTaskDel         os_task.o
    0x08009a90   0x08009a90   0x00000002   Code   RO         9335    i.OSTaskDelHook     os_cpu_c.o
    0x08009a92   0x08009a92   0x00000002   Code   RO         9336    i.OSTaskReturnHook  os_cpu_c.o
    0x08009a94   0x08009a94   0x00000134   Code   RO         8999    i.OSTaskSemPend     os_task.o
    0x08009bc8   0x08009bc8   0x000000c0   Code   RO         9001    i.OSTaskSemPost     os_task.o
    0x08009c88   0x08009c88   0x000001f8   Code   RO         9337    i.OSTaskStkInit     os_cpu_c.o
    0x08009e80   0x08009e80   0x00000040   Code   RO         9338    i.OSTaskSwHook      os_cpu_c.o
    0x08009ec0   0x08009ec0   0x00000098   Code   RO         9173    i.OSTimeDly         os_time.o
    0x08009f58   0x08009f58   0x0000001c   Code   RO         9174    i.OSTimeGet         os_time.o
    0x08009f74   0x08009f74   0x00000048   Code   RO         9176    i.OSTimeTick        os_time.o
    0x08009fbc   0x08009fbc   0x00000002   Code   RO         9339    i.OSTimeTickHook    os_cpu_c.o
    0x08009fbe   0x08009fbe   0x0000001e   Code   RO         9340    i.OS_CPU_SysTickHandler  os_cpu_c.o
    0x08009fdc   0x08009fdc   0x00000028   Code   RO         9341    i.OS_CPU_SysTickInit  os_cpu_c.o
    0x0800a004   0x0800a004   0x00000010   Code   RO         9342    i.OS_CPU_SysTickInitFreq  os_cpu_c.o
    0x0800a014   0x0800a014   0x00000002   Code   RO         8812    i.OS_Dbg_Init       os_dbg.o
    0x0800a016   0x0800a016   0x00000002   PAD
    0x0800a018   0x0800a018   0x00000018   Code   RO         8657    i.OS_IdleTask       os_core.o
    0x0800a030   0x0800a030   0x00000068   Code   RO         8658    i.OS_IdleTaskInit   os_core.o
    0x0800a098   0x0800a098   0x00000018   Code   RO         8854    i.OS_MemInit        os_mem.o
    0x0800a0b0   0x0800a0b0   0x00000068   Code   RO         8892    i.OS_MsgPoolInit    os_msg.o
    0x0800a118   0x0800a118   0x00000034   Code   RO         8893    i.OS_MsgQFreeAll    os_msg.o
    0x0800a14c   0x0800a14c   0x0000000e   Code   RO         8895    i.OS_MsgQInit       os_msg.o
    0x0800a15a   0x0800a15a   0x00000002   PAD
    0x0800a15c   0x0800a15c   0x0000003c   Code   RO         8659    i.OS_Pend           os_core.o
    0x0800a198   0x0800a198   0x00000044   Code   RO         8661    i.OS_PendDbgNameAdd  os_core.o
    0x0800a1dc   0x0800a1dc   0x0000001c   Code   RO         8662    i.OS_PendDbgNameRemove  os_core.o
    0x0800a1f8   0x0800a1f8   0x00000058   Code   RO         8665    i.OS_PendListInsertPrio  os_core.o
    0x0800a250   0x0800a250   0x00000040   Code   RO         8666    i.OS_PendListRemove  os_core.o
    0x0800a290   0x0800a290   0x0000008a   Code   RO         8667    i.OS_Post           os_core.o
    0x0800a31a   0x0800a31a   0x00000002   PAD
    0x0800a31c   0x0800a31c   0x00000014   Code   RO         8934    i.OS_PrioGetHighest  os_prio.o
    0x0800a330   0x0800a330   0x0000000c   Code   RO         8935    i.OS_PrioInit       os_prio.o
    0x0800a33c   0x0800a33c   0x00000018   Code   RO         8936    i.OS_PrioInsert     os_prio.o
    0x0800a354   0x0800a354   0x00000018   Code   RO         8937    i.OS_PrioRemove     os_prio.o
    0x0800a36c   0x0800a36c   0x00000024   Code   RO         8668    i.OS_RdyListInit    os_core.o
    0x0800a390   0x0800a390   0x00000030   Code   RO         8669    i.OS_RdyListInsert  os_core.o
    0x0800a3c0   0x0800a3c0   0x0000003c   Code   RO         8670    i.OS_RdyListInsertHead  os_core.o
    0x0800a3fc   0x0800a3fc   0x00000038   Code   RO         8671    i.OS_RdyListInsertTail  os_core.o
    0x0800a434   0x0800a434   0x00000054   Code   RO         8673    i.OS_RdyListRemove  os_core.o
    0x0800a488   0x0800a488   0x00000028   Code   RO         8674    i.OS_TaskBlock      os_core.o
    0x0800a4b0   0x0800a4b0   0x00000024   Code   RO         9006    i.OS_TaskDbgListAdd  os_task.o
    0x0800a4d4   0x0800a4d4   0x00000038   Code   RO         9007    i.OS_TaskDbgListRemove  os_task.o
    0x0800a50c   0x0800a50c   0x00000020   Code   RO         9008    i.OS_TaskInit       os_task.o
    0x0800a52c   0x0800a52c   0x000000a8   Code   RO         9009    i.OS_TaskInitTCB    os_task.o
    0x0800a5d4   0x0800a5d4   0x00000018   Code   RO         9010    i.OS_TaskReturn     os_task.o
    0x0800a5ec   0x0800a5ec   0x00000060   Code   RO         9127    i.OS_TickListInsert  os_tick.o
    0x0800a64c   0x0800a64c   0x0000008c   Code   RO         9128    i.OS_TickListInsertDly  os_tick.o
    0x0800a6d8   0x0800a6d8   0x00000040   Code   RO         9129    i.OS_TickListRemove  os_tick.o
    0x0800a718   0x0800a718   0x0000008c   Code   RO         9130    i.OS_TickListUpdateDly  os_tick.o
    0x0800a7a4   0x0800a7a4   0x000000ac   Code   RO         9131    i.OS_TickListUpdateTimeout  os_tick.o
    0x0800a850   0x0800a850   0x00000050   Code   RO         9132    i.OS_TickTask       os_tick.o
    0x0800a8a0   0x0800a8a0   0x000000b4   Code   RO         9133    i.OS_TickTaskInit   os_tick.o
    0x0800a954   0x0800a954   0x000000f0   Code   RO         9212    i.OS_TmrInit        os_tmr.o
    0x0800aa44   0x0800aa44   0x0000009c   Code   RO         9213    i.OS_TmrTask        os_tmr.o
    0x0800aae0   0x0800aae0   0x00000038   Code   RO         9214    i.OS_TmrUnlink      os_tmr.o
    0x0800ab18   0x0800ab18   0x00000046   Code   RO         6410    i.OpenSSR           arith.o
    0x0800ab5e   0x0800ab5e   0x00000002   PAD
    0x0800ab60   0x0800ab60   0x00000120   Code   RO         2666    i.RCCEx_PLL2_Config  stm32h7xx_hal_rcc_ex.o
    0x0800ac80   0x0800ac80   0x00000120   Code   RO         2667    i.RCCEx_PLL3_Config  stm32h7xx_hal_rcc_ex.o
    0x0800ada0   0x0800ada0   0x00000012   Code   RO         2931    i.RTC_Bcd2ToByte    stm32h7xx_hal_rtc.o
    0x0800adb2   0x0800adb2   0x00000018   Code   RO         2932    i.RTC_ByteToBcd2    stm32h7xx_hal_rtc.o
    0x0800adca   0x0800adca   0x00000002   PAD
    0x0800adcc   0x0800adcc   0x00000046   Code   RO         2933    i.RTC_EnterInitMode  stm32h7xx_hal_rtc.o
    0x0800ae12   0x0800ae12   0x00000002   PAD
    0x0800ae14   0x0800ae14   0x00000054   Code   RO         2934    i.RTC_ExitInitMode  stm32h7xx_hal_rtc.o
    0x0800ae68   0x0800ae68   0x00000150   Code   RO         6986    i.ReStart           gameflow.o
    0x0800afb8   0x0800afb8   0x00000018   Code   RO         6911    i.ReadChildcmd      childcmd.o
    0x0800afd0   0x0800afd0   0x00000034   Code   RO         6133    i.ReadKey           key_read.o
    0x0800b004   0x0800b004   0x0000001c   Code   RO         6831    i.ReadRxBuf         masterdriver.o
    0x0800b020   0x0800b020   0x00000020   Code   RO         6832    i.ReadRxNum         masterdriver.o
    0x0800b040   0x0800b040   0x00000054   Code   RO         7854    i.ReadSysTime       rtc.o
    0x0800b094   0x0800b094   0x00000060   Code   RO         9437    i.Read_spi          spi_drive.o
    0x0800b0f4   0x0800b0f4   0x00000046   Code   RO         7111    i.ReturnBet         gameoption.o
    0x0800b13a   0x0800b13a   0x00000082   Code   RO         6833    i.RevMaster         masterdriver.o
    0x0800b1bc   0x0800b1bc   0x000000bc   Code   RO         3327    i.SPI_CloseTransfer  stm32h7xx_hal_spi.o
    0x0800b278   0x0800b278   0x00000046   Code   RO         3344    i.SPI_WaitOnFlagUntilTimeout  stm32h7xx_hal_spi.o
    0x0800b2be   0x0800b2be   0x00000002   Code   RO         5526    i.SVC_Handler       stm32h7xx_it.o
    0x0800b2c0   0x0800b2c0   0x0000000c   Code   RO         6411    i.Scene             arith.o
    0x0800b2cc   0x0800b2cc   0x00000032   Code   RO         6912    i.SendChild         childcmd.o
    0x0800b2fe   0x0800b2fe   0x00000030   Code   RO         6913    i.SetChildcmd       childcmd.o
    0x0800b32e   0x0800b32e   0x00000002   PAD
    0x0800b330   0x0800b330   0x000000c8   Code   RO         7113    i.SetGameLuckBuf    gameoption.o
    0x0800b3f8   0x0800b3f8   0x0000000c   Code   RO         6412    i.SetGameTime       arith.o
    0x0800b404   0x0800b404   0x00000030   Code   RO         6834    i.SetMastercmd      masterdriver.o
    0x0800b434   0x0800b434   0x00000068   Code   RO         6413    i.SetTuiBiNum       arith.o
    0x0800b49c   0x0800b49c   0x00000118   Code   RO         6987    i.Start             gameflow.o
    0x0800b5b4   0x0800b5b4   0x0000004c   Code   RO         6988    i.StartRun          gameflow.o
    0x0800b600   0x0800b600   0x00000088   Code   RO           14    i.SystemInit        system_stm32h7xx.o
    0x0800b688   0x0800b688   0x00000018   Code   RO         7738    i.TIM2_IRQHandler   tim.o
    0x0800b6a0   0x0800b6a0   0x000000cc   Code   RO         3855    i.TIM_Base_SetConfig  stm32h7xx_hal_tim.o
    0x0800b76c   0x0800b76c   0x00000012   Code   RO         3866    i.TIM_ETR_SetConfig  stm32h7xx_hal_tim.o
    0x0800b77e   0x0800b77e   0x00000002   PAD
    0x0800b780   0x0800b780   0x00000014   Code   RO         3867    i.TIM_ITRx_SetConfig  stm32h7xx_hal_tim.o
    0x0800b794   0x0800b794   0x00000022   Code   RO         3875    i.TIM_TI1_ConfigInputStage  stm32h7xx_hal_tim.o
    0x0800b7b6   0x0800b7b6   0x00000024   Code   RO         3877    i.TIM_TI2_ConfigInputStage  stm32h7xx_hal_tim.o
    0x0800b7da   0x0800b7da   0x00000002   PAD
    0x0800b7dc   0x0800b7dc   0x00000018   Code   RO         5527    i.UART4_IRQHandler  stm32h7xx_it.o
    0x0800b7f4   0x0800b7f4   0x00000018   Code   RO         5528    i.UART5_IRQHandler  stm32h7xx_it.o
    0x0800b80c   0x0800b80c   0x00000044   Code   RO         5231    i.UARTEx_SetNbDataToProcess  stm32h7xx_hal_uart_ex.o
    0x0800b850   0x0800b850   0x000000c8   Code   RO         4814    i.UART_AdvFeatureConfig  stm32h7xx_hal_uart.o
    0x0800b918   0x0800b918   0x000000aa   Code   RO         4815    i.UART_CheckIdleState  stm32h7xx_hal_uart.o
    0x0800b9c2   0x0800b9c2   0x0000000e   Code   RO         4816    i.UART_DMAAbortOnError  stm32h7xx_hal_uart.o
    0x0800b9d0   0x0800b9d0   0x00000054   Code   RO         4826    i.UART_EndRxTransfer  stm32h7xx_hal_uart.o
    0x0800ba24   0x0800ba24   0x0000007c   Code   RO         4828    i.UART_InitCallbacksToDefault  stm32h7xx_hal_uart.o
    0x0800baa0   0x0800baa0   0x000000d0   Code   RO         4829    i.UART_RxISR_16BIT  stm32h7xx_hal_uart.o
    0x0800bb70   0x0800bb70   0x000001a4   Code   RO         4830    i.UART_RxISR_16BIT_FIFOEN  stm32h7xx_hal_uart.o
    0x0800bd14   0x0800bd14   0x000000d0   Code   RO         4831    i.UART_RxISR_8BIT   stm32h7xx_hal_uart.o
    0x0800bde4   0x0800bde4   0x000001a4   Code   RO         4832    i.UART_RxISR_8BIT_FIFOEN  stm32h7xx_hal_uart.o
    0x0800bf88   0x0800bf88   0x000003ac   Code   RO         4833    i.UART_SetConfig    stm32h7xx_hal_uart.o
    0x0800c334   0x0800c334   0x00000110   Code   RO         4835    i.UART_Start_Receive_IT  stm32h7xx_hal_uart.o
    0x0800c444   0x0800c444   0x00000052   Code   RO         4836    i.UART_TxISR_16BIT  stm32h7xx_hal_uart.o
    0x0800c496   0x0800c496   0x00000002   PAD
    0x0800c498   0x0800c498   0x0000006a   Code   RO         4837    i.UART_TxISR_16BIT_FIFOEN  stm32h7xx_hal_uart.o
    0x0800c502   0x0800c502   0x0000004e   Code   RO         4838    i.UART_TxISR_8BIT   stm32h7xx_hal_uart.o
    0x0800c550   0x0800c550   0x00000066   Code   RO         4839    i.UART_TxISR_8BIT_FIFOEN  stm32h7xx_hal_uart.o
    0x0800c5b6   0x0800c5b6   0x00000094   Code   RO         4840    i.UART_WaitOnFlagUntilTimeout  stm32h7xx_hal_uart.o
    0x0800c64a   0x0800c64a   0x00000002   PAD
    0x0800c64c   0x0800c64c   0x00000018   Code   RO         5529    i.USART1_IRQHandler  stm32h7xx_it.o
    0x0800c664   0x0800c664   0x00000018   Code   RO         5530    i.USART2_IRQHandler  stm32h7xx_it.o
    0x0800c67c   0x0800c67c   0x00000018   Code   RO         5531    i.USART3_IRQHandler  stm32h7xx_it.o
    0x0800c694   0x0800c694   0x00000018   Code   RO         5532    i.USART6_IRQHandler  stm32h7xx_it.o
    0x0800c6ac   0x0800c6ac   0x000000d4   Code   RO         6835    i.USART_SendDataString  masterdriver.o
    0x0800c780   0x0800c780   0x00000002   Code   RO         5533    i.UsageFault_Handler  stm32h7xx_it.o
    0x0800c782   0x0800c782   0x00000002   PAD
    0x0800c784   0x0800c784   0x000000b4   Code   RO         6989    i.WaitBET           gameflow.o
    0x0800c838   0x0800c838   0x00000578   Code   RO         6990    i.WinProc           gameflow.o
    0x0800cdb0   0x0800cdb0   0x00000034   Code   RO         6414    i.WriteChildAccu    arith.o
    0x0800cde4   0x0800cde4   0x0000004c   Code   RO         7855    i.WriteSysTime      rtc.o
    0x0800ce30   0x0800ce30   0x00000060   Code   RO         9439    i.Write_spi         spi_drive.o
    0x0800ce90   0x0800ce90   0x00000028   Code   RO         9722    i.__0sprintf        mc_w.l(printfa.o)
    0x0800ceb8   0x0800ceb8   0x00000024   Code   RO         9726    i.__0vsprintf       mc_w.l(printfa.o)
    0x0800cedc   0x0800cedc   0x00000022   Code   RO          547    i.__NVIC_SetPriority  stm32h7xx_hal_cortex.o
    0x0800cefe   0x0800cefe   0x0000000e   Code   RO         9809    i.__scatterload_copy  mc_w.l(handlers.o)
    0x0800cf0c   0x0800cf0c   0x00000002   Code   RO         9810    i.__scatterload_null  mc_w.l(handlers.o)
    0x0800cf0e   0x0800cf0e   0x0000000e   Code   RO         9811    i.__scatterload_zeroinit  mc_w.l(handlers.o)
    0x0800cf1c   0x0800cf1c   0x00000184   Code   RO         9727    i._fp_digits        mc_w.l(printfa.o)
    0x0800d0a0   0x0800d0a0   0x000006b4   Code   RO         9728    i._printf_core      mc_w.l(printfa.o)
    0x0800d754   0x0800d754   0x00000024   Code   RO         9729    i._printf_post_padding  mc_w.l(printfa.o)
    0x0800d778   0x0800d778   0x0000002e   Code   RO         9730    i._printf_pre_padding  mc_w.l(printfa.o)
    0x0800d7a6   0x0800d7a6   0x0000000a   Code   RO         9732    i._sputc            mc_w.l(printfa.o)
    0x0800d7b0   0x0800d7b0   0x000000c0   Code   RO         5889    i.main              main.o
    0x0800d870   0x0800d870   0x00000018   Code   RO         7806    i.read_random       rng.o
    0x0800d888   0x0800d888   0x0000003a   Code   RO         6658    i.strtodex          gameset.o
    0x0800d8c2   0x0800d8c2   0x00000002   PAD
    0x0800d8c4   0x0800d8c4   0x00000030   Code   RO         7612    i.uartprintf        usart.o
    0x0800d8f4   0x0800d8f4   0x00000010   Data   RO           15    .constdata          system_stm32h7xx.o
    0x0800d904   0x0800d904   0x00000018   Data   RO         4841    .constdata          stm32h7xx_hal_uart.o
    0x0800d91c   0x0800d91c   0x00000010   Data   RO         5232    .constdata          stm32h7xx_hal_uart_ex.o
    0x0800d92c   0x0800d92c   0x000000b8   Data   RO         6135    .constdata          key_read.o
    0x0800d9e4   0x0800d9e4   0x00000050   Data   RO         6239    .constdata          dipsw.o
    0x0800da34   0x0800da34   0x00000009   Data   RO         6660    .constdata          gameset.o
    0x0800da3d   0x0800da3d   0x00000003   PAD
    0x0800da40   0x0800da40   0x00000004   Data   RO         8595    .constdata          os_cfg_app.o
    0x0800da44   0x0800da44   0x00000004   Data   RO         8596    .constdata          os_cfg_app.o
    0x0800da48   0x0800da48   0x00000004   Data   RO         8597    .constdata          os_cfg_app.o
    0x0800da4c   0x0800da4c   0x00000004   Data   RO         8599    .constdata          os_cfg_app.o
    0x0800da50   0x0800da50   0x00000004   Data   RO         8600    .constdata          os_cfg_app.o
    0x0800da54   0x0800da54   0x00000002   Data   RO         8602    .constdata          os_cfg_app.o
    0x0800da56   0x0800da56   0x00000002   PAD
    0x0800da58   0x0800da58   0x00000004   Data   RO         8604    .constdata          os_cfg_app.o
    0x0800da5c   0x0800da5c   0x00000004   Data   RO         8611    .constdata          os_cfg_app.o
    0x0800da60   0x0800da60   0x00000004   Data   RO         8612    .constdata          os_cfg_app.o
    0x0800da64   0x0800da64   0x00000001   Data   RO         8613    .constdata          os_cfg_app.o
    0x0800da65   0x0800da65   0x00000003   PAD
    0x0800da68   0x0800da68   0x00000004   Data   RO         8614    .constdata          os_cfg_app.o
    0x0800da6c   0x0800da6c   0x00000004   Data   RO         8615    .constdata          os_cfg_app.o
    0x0800da70   0x0800da70   0x00000004   Data   RO         8616    .constdata          os_cfg_app.o
    0x0800da74   0x0800da74   0x00000001   Data   RO         8618    .constdata          os_cfg_app.o
    0x0800da75   0x0800da75   0x00000003   PAD
    0x0800da78   0x0800da78   0x00000004   Data   RO         8619    .constdata          os_cfg_app.o
    0x0800da7c   0x0800da7c   0x00000004   Data   RO         8620    .constdata          os_cfg_app.o
    0x0800da80   0x0800da80   0x00000004   Data   RO         8621    .constdata          os_cfg_app.o
    0x0800da84   0x0800da84   0x00000004   Data   RO         8622    .constdata          os_cfg_app.o
    0x0800da88   0x0800da88   0x00000040   Data   RO         9805    .constdata          mc_w.l(ctype_c.o)
    0x0800dac8   0x0800dac8   0x00000027   Data   RO         6661    .conststring        gameset.o
    0x0800daef   0x0800daef   0x00000001   PAD
    0x0800daf0   0x0800daf0   0x00000030   Data   RO         9807    Region$$Table       anon$$obj.o


    Execution Region RW_IRAM1 (Exec base: 0x20000000, Load base: 0x0800db20, Size: 0x00000000, Max: 0x00020000, ABSOLUTE)

    **** No section assigned to this execution region ****


    Execution Region RW_IRAM2 (Exec base: 0x24040000, Load base: 0x0800db20, Size: 0x00009fa8, Max: 0x00040000, ABSOLUTE, COMPRESSED[0x00000030])

    Exec Addr    Load Addr    Size         Type   Attr      Idx    E Section Name        Object

    0x24040000   COMPRESSED   0x00000004   Data   RW           16    .data               system_stm32h7xx.o
    0x24040004   COMPRESSED   0x00000004   Data   RW           17    .data               system_stm32h7xx.o
    0x24040008   COMPRESSED   0x0000000c   Data   RW          222    .data               stm32h7xx_hal.o
    0x24040014   COMPRESSED   0x00000001   Data   RW         6041    .data               var.o
    0x24040015   COMPRESSED   0x00000001   Data   RW         6055    .data               var.o
    0x24040016   COMPRESSED   0x00000002   PAD
    0x24040018   COMPRESSED   0x00000004   Data   RW         6058    .data               var.o
    0x2404001c   COMPRESSED   0x00000004   Data   RW         6059    .data               var.o
    0x24040020   COMPRESSED   0x00000004   Data   RW         6060    .data               var.o
    0x24040024   COMPRESSED   0x00000004   PAD
    0x24040028   COMPRESSED   0x00000008   Data   RW         6061    .data               var.o
    0x24040030   COMPRESSED   0x00000008   Data   RW         6062    .data               var.o
    0x24040038   COMPRESSED   0x00000004   Data   RW         6063    .data               var.o
    0x2404003c   COMPRESSED   0x00000004   Data   RW         6064    .data               var.o
    0x24040040   COMPRESSED   0x00000004   Data   RW         6065    .data               var.o
    0x24040044   COMPRESSED   0x00000004   Data   RW         6066    .data               var.o
    0x24040048   COMPRESSED   0x00000004   Data   RW         6067    .data               var.o
    0x2404004c   COMPRESSED   0x00000004   Data   RW         6068    .data               var.o
    0x24040050   COMPRESSED   0x00000001   Data   RW         6069    .data               var.o
    0x24040051   COMPRESSED   0x00000001   Data   RW         6070    .data               var.o
    0x24040052   COMPRESSED   0x00000001   Data   RW         6071    .data               var.o
    0x24040053   COMPRESSED   0x00000001   Data   RW         6072    .data               var.o
    0x24040054   COMPRESSED   0x00000008   Data   RW         6073    .data               var.o
    0x2404005c   COMPRESSED   0x00000008   Data   RW         6074    .data               var.o
    0x24040064   COMPRESSED   0x00000001   Data   RW         6075    .data               var.o
    0x24040065   COMPRESSED   0x00000001   PAD
    0x24040066   COMPRESSED   0x00000002   Data   RW         6076    .data               var.o
    0x24040068   COMPRESSED   0x00000002   Data   RW         6077    .data               var.o
    0x2404006a   COMPRESSED   0x00000002   Data   RW         6079    .data               var.o
    0x2404006c   COMPRESSED   0x00000002   Data   RW         6080    .data               var.o
    0x2404006e   COMPRESSED   0x00000002   PAD
    0x24040070   COMPRESSED   0x00000004   Data   RW         6081    .data               var.o
    0x24040074   COMPRESSED   0x00000004   Data   RW         6082    .data               var.o
    0x24040078   COMPRESSED   0x00000004   Data   RW         6083    .data               var.o
    0x2404007c   COMPRESSED   0x00000004   Data   RW         6084    .data               var.o
    0x24040080   COMPRESSED   0x00000001   Data   RW         6085    .data               var.o
    0x24040081   COMPRESSED   0x00000001   Data   RW         6086    .data               var.o
    0x24040082   COMPRESSED   0x00000001   Data   RW         6087    .data               var.o
    0x24040083   COMPRESSED   0x00000001   Data   RW         6088    .data               var.o
    0x24040084   COMPRESSED   0x00000002   Data   RW         6089    .data               var.o
    0x24040086   COMPRESSED   0x00000002   Data   RW         6090    .data               var.o
    0x24040088   COMPRESSED   0x00000002   Data   RW         6091    .data               var.o
    0x2404008a   COMPRESSED   0x00000002   Data   RW         6092    .data               var.o
    0x2404008c   COMPRESSED   0x00000002   Data   RW         6093    .data               var.o
    0x2404008e   COMPRESSED   0x00000001   Data   RW         6094    .data               var.o
    0x2404008f   COMPRESSED   0x00000001   PAD
    0x24040090   COMPRESSED   0x00000004   Data   RW         6096    .data               var.o
    0x24040094   COMPRESSED   0x0000003c   Data   RW         6136    .data               key_read.o
    0x240400d0   COMPRESSED   0x0000001c   Data   RW         6662    .data               gameset.o
    0x240400ec   COMPRESSED   0x00000004   Data   RW         6836    .data               masterdriver.o
    0x240400f0   COMPRESSED   0x00000004   Data   RW         6837    .data               masterdriver.o
    0x240400f4   COMPRESSED   0x00000004   Data   RW         6914    .data               childcmd.o
    0x240400f8   COMPRESSED   0x00000008   Data   RW         6991    .data               gameflow.o
    0x24040100   COMPRESSED   0x00000008   Data   RW         7504    .data               fmc.o
    0x24040108   COMPRESSED   0x00000004   Data   RW         7956    .data               cpu_core.o
    0x2404010c   COMPRESSED   0x00000004   Data   RW         8288    .data               lib_mem.o
    0x24040110   COMPRESSED   0x00000004   Data   RW         8938    .data               os_prio.o
    0x24040114   COMPRESSED   0x00000004   Data   RW         9286    .data               os_var.o
    0x24040118   COMPRESSED   0x00000001   Data   RW         9287    .data               os_var.o
    0x24040119   COMPRESSED   0x00000001   Data   RW         9288    .data               os_var.o
    0x2404011a   COMPRESSED   0x00000001   Data   RW         9289    .data               os_var.o
    0x2404011b   COMPRESSED   0x00000001   PAD
    0x2404011c   COMPRESSED   0x00000004   Data   RW         9290    .data               os_var.o
    0x24040120   COMPRESSED   0x00000002   Data   RW         9291    .data               os_var.o
    0x24040122   COMPRESSED   0x00000001   Data   RW         9292    .data               os_var.o
    0x24040123   COMPRESSED   0x00000001   Data   RW         9293    .data               os_var.o
    0x24040124   COMPRESSED   0x00000001   Data   RW         9294    .data               os_var.o
    0x24040125   COMPRESSED   0x00000003   PAD
    0x24040128   COMPRESSED   0x00000004   Data   RW         9295    .data               os_var.o
    0x2404012c   COMPRESSED   0x00000004   Data   RW         9296    .data               os_var.o
    0x24040130   COMPRESSED   0x00000002   Data   RW         9297    .data               os_var.o
    0x24040132   COMPRESSED   0x00000001   Data   RW         9298    .data               os_var.o
    0x24040133   COMPRESSED   0x00000001   PAD
    0x24040134   COMPRESSED   0x00000004   Data   RW         9299    .data               os_var.o
    0x24040138   COMPRESSED   0x00000004   Data   RW         9300    .data               os_var.o
    0x2404013c   COMPRESSED   0x00000008   Data   RW         9301    .data               os_var.o
    0x24040144   COMPRESSED   0x00000008   Data   RW         9302    .data               os_var.o
    0x2404014c   COMPRESSED   0x00000004   Data   RW         9303    .data               os_var.o
    0x24040150   COMPRESSED   0x00000002   Data   RW         9304    .data               os_var.o
    0x24040152   COMPRESSED   0x00000002   PAD
    0x24040154   COMPRESSED   0x00000004   Data   RW         9305    .data               os_var.o
    0x24040158   COMPRESSED   0x00000004   Data   RW         9307    .data               os_var.o
    0x2404015c   COMPRESSED   0x00000004   Data   RW         9308    .data               os_var.o
    0x24040160   COMPRESSED   0x00000004   Data   RW         9309    .data               os_var.o
    0x24040164   COMPRESSED   0x00000004   Data   RW         9310    .data               os_var.o
    0x24040168   COMPRESSED   0x00000004   Data   RW         9311    .data               os_var.o
    0x2404016c   COMPRESSED   0x00000004   Data   RW         9312    .data               os_var.o
    0x24040170   COMPRESSED   0x00000004   Data   RW         9343    .data               os_cpu_c.o
    0x24040174        -       0x0000721c   Zero   RW         5890    .bss                main.o
    0x24047390        -       0x00000049   Zero   RW         6025    .bss                var.o
    0x240473d9        -       0x00000049   Zero   RW         6026    .bss                var.o
    0x24047422        -       0x0000000a   Zero   RW         6027    .bss                var.o
    0x2404742c        -       0x0000000a   Zero   RW         6028    .bss                var.o
    0x24047436        -       0x0000000a   Zero   RW         6029    .bss                var.o
    0x24047440        -       0x0000000a   Zero   RW         6030    .bss                var.o
    0x2404744a        -       0x0000000a   Zero   RW         6031    .bss                var.o
    0x24047454        -       0x0000000a   Zero   RW         6032    .bss                var.o
    0x2404745e        -       0x00000064   Zero   RW         6033    .bss                var.o
    0x240474c2        -       0x0000000a   Zero   RW         6034    .bss                var.o
    0x240474cc        -       0x00000060   Zero   RW         6035    .bss                var.o
    0x2404752c        -       0x00000020   Zero   RW         6036    .bss                var.o
    0x2404754c        -       0x000007d0   Zero   RW         6037    .bss                var.o
    0x24047d1c        -       0x00000064   Zero   RW         6038    .bss                var.o
    0x24047d80        -       0x00000064   Zero   RW         6039    .bss                var.o
    0x24047de4        -       0x00000420   Zero   RW         6134    .bss                key_read.o
    0x24048204        -       0x000006c8   Zero   RW         7613    .bss                usart.o
    0x240488cc        -       0x00000088   Zero   RW         7692    .bss                spi.o
    0x24048954        -       0x0000004c   Zero   RW         7739    .bss                tim.o
    0x240489a0        -       0x00000014   Zero   RW         7807    .bss                rng.o
    0x240489b4        -       0x00000024   Zero   RW         7856    .bss                rtc.o
    0x240489d8        -       0x00000010   Zero   RW         7953    .bss                cpu_core.o
    0x240489e8        -       0x00000414   Zero   RW         8287    .bss                lib_mem.o
    0x24048dfc        -       0x00000200   Zero   RW         8590    .bss                os_cfg_app.o
    0x24048ffc        -       0x00000200   Zero   RW         8591    .bss                os_cfg_app.o
    0x240491fc        -       0x00000200   Zero   RW         8592    .bss                os_cfg_app.o
    0x240493fc        -       0x00000200   Zero   RW         8593    .bss                os_cfg_app.o
    0x240495fc        -       0x00000200   Zero   RW         8594    .bss                os_cfg_app.o
    0x240497fc        -       0x000000b4   Zero   RW         9281    .bss                os_var.o
    0x240498b0        -       0x0000000c   Zero   RW         9282    .bss                os_var.o
    0x240498bc        -       0x00000180   Zero   RW         9283    .bss                os_var.o
    0x24049a3c        -       0x000000b4   Zero   RW         9284    .bss                os_var.o
    0x24049af0        -       0x000000b4   Zero   RW         9285    .bss                os_var.o
    0x24049ba4   COMPRESSED   0x00000004   PAD
    0x24049ba8        -       0x00000400   Zero   RW            1    STACK               startup_stm32h743xx.o


    Execution Region RW_BkSRAM (Exec base: 0x38800000, Load base: 0x0800db50, Size: 0x00000640, Max: 0x00001000, ABSOLUTE, COMPRESSED[0x00000010])

    Exec Addr    Load Addr    Size         Type   Attr      Idx    E Section Name        Object

    0x38800000   COMPRESSED   0x00000640   Data   RW         6097    BKP_SRAM_SECTION    var.o


==============================================================================

Image component sizes


      Code (inc. data)   RO Data    RW Data    ZI Data      Debug   Object Name

      2904        104          0          0          0      25222   arith.o
       282         16          0          0          0      32021   bsp.o
        92         16          0          0          0       1010   bsp_led.o
      1186        180          0          4          0       8138   childcmd.o
        52          0          0          0          0        352   cpu_a.o
        88         22          0          0          0      22493   cpu_bsp.o
         0          0          0          0          0       8308   cpu_cache_armv7m_generic_l1.o
        70         16          0          4         16       4586   cpu_core.o
        76          0         80          0          0       9126   dipsw.o
       382         34          0          8          0       3042   fmc.o
      3004        412          0          8          0      14562   gameflow.o
      1472        150          0          0          0      11070   gameoption.o
      7130       2458         48         28          0      15817   gameset.o
       124          6          0          0          0       1019   gpio.o
       462         46        184         60       1056       7315   key_read.o
       226         22          0          4       1044      15609   lib_mem.o
      1950        218          0          0      29212      40388   main.o
       980        162          0          0          0       5316   mastercmd.o
       734         76          0          8          0       7608   masterdriver.o
         2          0         64          0       2560      18776   os_cfg_app.o
      1706        304          0          0          0      31500   os_core.o
       264         14          0          0          0        440   os_cpu_a.o
       718        142          0          4          0      25883   os_cpu_c.o
         2          0          0          0          0        978   os_dbg.o
        24         10          0          0          0        941   os_mem.o
       170         18          0          0          0       2516   os_msg.o
        80         22          0          4          0       2994   os_prio.o
      1392        136          0          0          0       8921   os_task.o
       872         90          0          0          0       6579   os_tick.o
       252         42          0          0          0       2593   os_time.o
       452        110          0          0          0       2893   os_tmr.o
         0          0          0         85        936      16645   os_var.o
       140         24          0          0         20       2317   rng.o
       284         26          0          0         36       3112   rtc.o
       268         26          0          0        136       1925   spi.o
       192          8          0          0          0       2063   spi_drive.o
        36          8        664          0       1024       1000   startup_stm32h743xx.o
       106         22          0         12          0      21791   stm32h7xx_hal.o
       316         28          0          0          0      41440   stm32h7xx_hal_cortex.o
      1508         70          0          0          0       3959   stm32h7xx_hal_dma.o
       556         50          0          0          0       1652   stm32h7xx_hal_gpio.o
        56          6          0          0          0        762   stm32h7xx_hal_pwr_ex.o
      2466        102          0          0          0       7424   stm32h7xx_hal_rcc.o
      3736        118          0          0          0       8133   stm32h7xx_hal_rcc_ex.o
       256          0          0          0          0       2374   stm32h7xx_hal_rng.o
       940         38          0          0          0       8893   stm32h7xx_hal_rtc.o
      2030         26          0          0          0       7220   stm32h7xx_hal_spi.o
       108          6          0          0          0       1344   stm32h7xx_hal_sram.o
      1138         84          0          0          0      11089   stm32h7xx_hal_tim.o
       170         30          0          0          0       3376   stm32h7xx_hal_tim_ex.o
      5206        278         24          0          0      48955   stm32h7xx_hal_uart.o
       290          6         16          0          0       5806   stm32h7xx_hal_uart_ex.o
       158         24          0          0          0    1206526   stm32h7xx_it.o
       308         14          0          0          0       4012   stm32h7xx_ll_fmc.o
       136         18         16          8          0    1353054   system_stm32h7xx.o
       626         26          0          0         76       5443   tim.o
      1372        110          0          0       1736       7232   usart.o
         0          0          0       1718       2644       3596   var.o

    ----------------------------------------------------------------------
     49626       5974       1156       1972      40500    3119159   Object Totals
         0          0         48          0          0          0   (incl. Generated)
        76          0         12         17          4          0   (incl. Padding)

    ----------------------------------------------------------------------

      Code (inc. data)   RO Data    RW Data    ZI Data      Debug   Library Member Name

        56          8          0          0          0         84   __0sscanf.o
        86          0          0          0          0          0   __dczerorl2.o
        28          0          0          0          0         68   _chval.o
       816          6          0          0          0        112   _scanf.o
       332          0          0          0          0         96   _scanf_int.o
        64          0          0          0          0         84   _sgetc.o
        40          6         64          0          0         68   ctype_c.o
         0          0          0          0          0          0   entry.o
         0          0          0          0          0          0   entry10a.o
         0          0          0          0          0          0   entry11a.o
         4          0          0          0          0          0   entry12b.o
         8          4          0          0          0          0   entry2.o
         4          0          0          0          0          0   entry5.o
         0          0          0          0          0          0   entry7b.o
         0          0          0          0          0          0   entry8b.o
         8          4          0          0          0          0   entry9a.o
        30          0          0          0          0          0   handlers.o
        36          8          0          0          0         68   init.o
        10          0          0          0          0         68   isspace_c.o
         0          0          0          0          0          0   iusefp.o
        30          0          0          0          0         68   llshl.o
        36          0          0          0          0         68   llsshr.o
        32          0          0          0          0         68   llushr.o
        36          0          0          0          0         68   memcpya.o
        36          0          0          0          0        108   memseta.o
      2272         92          0          0          0        612   printfa.o
        40          8          0          0          0         84   scanf_char.o
        18          0          0          0          0         68   strcpy.o
        14          0          0          0          0         68   strlen.o
        44          0          0          0          0         80   uidiv.o
        98          0          0          0          0         92   uldiv.o
        48          0          0          0          0         68   cdrcmple.o
       334          0          0          0          0        148   dadd.o
       222          0          0          0          0        100   ddiv.o
       186          0          0          0          0        176   depilogue.o
        48          0          0          0          0         68   dfixul.o
       228          0          0          0          0         96   dmul.o

    ----------------------------------------------------------------------
      5250        136         64          0          0       2688   Library Totals
         6          0          0          0          0          0   (incl. Padding)

    ----------------------------------------------------------------------

      Code (inc. data)   RO Data    RW Data    ZI Data      Debug   Library Name

      4178        136         64          0          0       2032   mc_w.l
      1066          0          0          0          0        656   mf_w.l

    ----------------------------------------------------------------------
      5250        136         64          0          0       2688   Library Totals

    ----------------------------------------------------------------------

==============================================================================


      Code (inc. data)   RO Data    RW Data    ZI Data      Debug   

     54876       6110       1220       1972      40500    3087475   Grand Totals
     54876       6110       1220         64      40500    3087475   ELF Image Totals (compressed)
     54876       6110       1220         64          0          0   ROM Totals

==============================================================================

    Total RO  Size (Code + RO Data)                56096 (  54.78kB)
    Total RW  Size (RW Data + ZI Data)             42472 (  41.48kB)
    Total ROM Size (Code + RO Data + RW Data)      56160 (  54.84kB)

==============================================================================

